<?xml version="1.0" encoding="ISO-8859-1" ?>
<link_info>
   <banner>TI ARM Linker PC v18.1.3.LTS</banner>
   <copyright>Copyright (c) 1996-2017 Texas Instruments Incorporated</copyright>
   <link_time>0x5c01e6bf</link_time>
   <link_errors>0x0</link_errors>
   <output_file>spi_demo_trial.out</output_file>
   <entry_point>
      <name>_c_int00_noargs</name>
      <address>0x20009ee5</address>
   </entry_point>
   <input_file_list>
      <input_file id="fl-2">
         <path>.\</path>
         <kind>object</kind>
         <file>gpio_if.obj</file>
         <name>gpio_if.obj</name>
      </input_file>
      <input_file id="fl-3">
         <path>.\</path>
         <kind>object</kind>
         <file>main.obj</file>
         <name>main.obj</name>
      </input_file>
      <input_file id="fl-4">
         <path>.\</path>
         <kind>object</kind>
         <file>pinmux.obj</file>
         <name>pinmux.obj</name>
      </input_file>
      <input_file id="fl-5">
         <path>.\</path>
         <kind>object</kind>
         <file>startup_ccs.obj</file>
         <name>startup_ccs.obj</name>
      </input_file>
      <input_file id="fl-6">
         <path>.\</path>
         <kind>object</kind>
         <file>timer_if.obj</file>
         <name>timer_if.obj</name>
      </input_file>
      <input_file id="fl-7">
         <path>.\</path>
         <kind>object</kind>
         <file>uart_if.obj</file>
         <name>uart_if.obj</name>
      </input_file>
      <input_file id="fl-8">
         <path>.\</path>
         <kind>object</kind>
         <file>udma_if.obj</file>
         <name>udma_if.obj</name>
      </input_file>
      <input_file id="fl-d">
         <kind>object</kind>
         <file>&lt;internal&gt;</file>
         <name>&lt;internal&gt;</name>
      </input_file>
      <input_file id="fl-c3">
         <path>C:\ti\ccsv8\tools\compiler\ti-cgt-arm_18.1.3.LTS\lib\</path>
         <kind>archive</kind>
         <file>rtsv7M4_T_le_eabi.lib</file>
         <name>s_cos.c.obj</name>
      </input_file>
      <input_file id="fl-c4">
         <path>C:\ti\ccsv8\tools\compiler\ti-cgt-arm_18.1.3.LTS\lib\</path>
         <kind>archive</kind>
         <file>rtsv7M4_T_le_eabi.lib</file>
         <name>s_sin.c.obj</name>
      </input_file>
      <input_file id="fl-c5">
         <path>C:\ti\ccsv8\tools\compiler\ti-cgt-arm_18.1.3.LTS\lib\</path>
         <kind>archive</kind>
         <file>rtsv7M4_T_le_eabi.lib</file>
         <name>memset_t2.asm.obj</name>
      </input_file>
      <input_file id="fl-c6">
         <path>C:\ti\ccsv8\tools\compiler\ti-cgt-arm_18.1.3.LTS\lib\</path>
         <kind>archive</kind>
         <file>rtsv7M4_T_le_eabi.lib</file>
         <name>fd_add_t2.asm.obj</name>
      </input_file>
      <input_file id="fl-c7">
         <path>C:\ti\ccsv8\tools\compiler\ti-cgt-arm_18.1.3.LTS\lib\</path>
         <kind>archive</kind>
         <file>rtsv7M4_T_le_eabi.lib</file>
         <name>fd_cmp_t2.asm.obj</name>
      </input_file>
      <input_file id="fl-c8">
         <path>C:\ti\ccsv8\tools\compiler\ti-cgt-arm_18.1.3.LTS\lib\</path>
         <kind>archive</kind>
         <file>rtsv7M4_T_le_eabi.lib</file>
         <name>fd_div_t2.asm.obj</name>
      </input_file>
      <input_file id="fl-c9">
         <path>C:\ti\ccsv8\tools\compiler\ti-cgt-arm_18.1.3.LTS\lib\</path>
         <kind>archive</kind>
         <file>rtsv7M4_T_le_eabi.lib</file>
         <name>fd_mul_t2.asm.obj</name>
      </input_file>
      <input_file id="fl-ca">
         <path>C:\ti\ccsv8\tools\compiler\ti-cgt-arm_18.1.3.LTS\lib\</path>
         <kind>archive</kind>
         <file>rtsv7M4_T_le_eabi.lib</file>
         <name>fd_toi_t2.asm.obj</name>
      </input_file>
      <input_file id="fl-cb">
         <path>C:\ti\ccsv8\tools\compiler\ti-cgt-arm_18.1.3.LTS\lib\</path>
         <kind>archive</kind>
         <file>rtsv7M4_T_le_eabi.lib</file>
         <name>fd_tos_t2.asm.obj</name>
      </input_file>
      <input_file id="fl-cc">
         <path>C:\ti\ccsv8\tools\compiler\ti-cgt-arm_18.1.3.LTS\lib\</path>
         <kind>archive</kind>
         <file>rtsv7M4_T_le_eabi.lib</file>
         <name>fs_add_t2.asm.obj</name>
      </input_file>
      <input_file id="fl-cd">
         <path>C:\ti\ccsv8\tools\compiler\ti-cgt-arm_18.1.3.LTS\lib\</path>
         <kind>archive</kind>
         <file>rtsv7M4_T_le_eabi.lib</file>
         <name>fs_cmp_t2.asm.obj</name>
      </input_file>
      <input_file id="fl-ce">
         <path>C:\ti\ccsv8\tools\compiler\ti-cgt-arm_18.1.3.LTS\lib\</path>
         <kind>archive</kind>
         <file>rtsv7M4_T_le_eabi.lib</file>
         <name>fs_div_t2.asm.obj</name>
      </input_file>
      <input_file id="fl-cf">
         <path>C:\ti\ccsv8\tools\compiler\ti-cgt-arm_18.1.3.LTS\lib\</path>
         <kind>archive</kind>
         <file>rtsv7M4_T_le_eabi.lib</file>
         <name>fs_mul_t2.asm.obj</name>
      </input_file>
      <input_file id="fl-d0">
         <path>C:\ti\ccsv8\tools\compiler\ti-cgt-arm_18.1.3.LTS\lib\</path>
         <kind>archive</kind>
         <file>rtsv7M4_T_le_eabi.lib</file>
         <name>fs_tod_t2.asm.obj</name>
      </input_file>
      <input_file id="fl-d1">
         <path>C:\ti\ccsv8\tools\compiler\ti-cgt-arm_18.1.3.LTS\lib\</path>
         <kind>archive</kind>
         <file>rtsv7M4_T_le_eabi.lib</file>
         <name>fs_tou_t2.asm.obj</name>
      </input_file>
      <input_file id="fl-d2">
         <path>C:\ti\ccsv8\tools\compiler\ti-cgt-arm_18.1.3.LTS\lib\</path>
         <kind>archive</kind>
         <file>rtsv7M4_T_le_eabi.lib</file>
         <name>i_tofd_t2.asm.obj</name>
      </input_file>
      <input_file id="fl-d3">
         <path>C:\ti\ccsv8\tools\compiler\ti-cgt-arm_18.1.3.LTS\lib\</path>
         <kind>archive</kind>
         <file>rtsv7M4_T_le_eabi.lib</file>
         <name>i_tofs_t2.asm.obj</name>
      </input_file>
      <input_file id="fl-d4">
         <path>C:\ti\ccsv8\tools\compiler\ti-cgt-arm_18.1.3.LTS\lib\</path>
         <kind>archive</kind>
         <file>rtsv7M4_T_le_eabi.lib</file>
         <name>copy_zero_init.c.obj</name>
      </input_file>
      <input_file id="fl-d5">
         <path>C:\ti\ccsv8\tools\compiler\ti-cgt-arm_18.1.3.LTS\lib\</path>
         <kind>archive</kind>
         <file>rtsv7M4_T_le_eabi.lib</file>
         <name>copy_decompress_none.c.obj</name>
      </input_file>
      <input_file id="fl-d6">
         <path>C:\ti\ccsv8\tools\compiler\ti-cgt-arm_18.1.3.LTS\lib\</path>
         <kind>archive</kind>
         <file>rtsv7M4_T_le_eabi.lib</file>
         <name>copy_decompress_lzss.c.obj</name>
      </input_file>
      <input_file id="fl-d7">
         <path>C:\ti\ccsv8\tools\compiler\ti-cgt-arm_18.1.3.LTS\lib\</path>
         <kind>archive</kind>
         <file>rtsv7M4_T_le_eabi.lib</file>
         <name>memory.c.obj</name>
      </input_file>
      <input_file id="fl-d8">
         <path>C:\ti\ccsv8\tools\compiler\ti-cgt-arm_18.1.3.LTS\lib\</path>
         <kind>archive</kind>
         <file>rtsv7M4_T_le_eabi.lib</file>
         <name>_lock.c.obj</name>
      </input_file>
      <input_file id="fl-d9">
         <path>C:\ti\ccsv8\tools\compiler\ti-cgt-arm_18.1.3.LTS\lib\</path>
         <kind>archive</kind>
         <file>rtsv7M4_T_le_eabi.lib</file>
         <name>memmov.c.obj</name>
      </input_file>
      <input_file id="fl-da">
         <path>C:\ti\ccsv8\tools\compiler\ti-cgt-arm_18.1.3.LTS\lib\</path>
         <kind>archive</kind>
         <file>rtsv7M4_T_le_eabi.lib</file>
         <name>printf.c.obj</name>
      </input_file>
      <input_file id="fl-db">
         <path>C:\ti\ccsv8\tools\compiler\ti-cgt-arm_18.1.3.LTS\lib\</path>
         <kind>archive</kind>
         <file>rtsv7M4_T_le_eabi.lib</file>
         <name>strlen.c.obj</name>
      </input_file>
      <input_file id="fl-dc">
         <path>C:\ti\ccsv8\tools\compiler\ti-cgt-arm_18.1.3.LTS\lib\</path>
         <kind>archive</kind>
         <file>rtsv7M4_T_le_eabi.lib</file>
         <name>vsnprintf.c.obj</name>
      </input_file>
      <input_file id="fl-dd">
         <path>C:\ti\ccsv8\tools\compiler\ti-cgt-arm_18.1.3.LTS\lib\</path>
         <kind>archive</kind>
         <file>rtsv7M4_T_le_eabi.lib</file>
         <name>boot_cortex_m.c.obj</name>
      </input_file>
      <input_file id="fl-de">
         <path>C:\ti\ccsv8\tools\compiler\ti-cgt-arm_18.1.3.LTS\lib\</path>
         <kind>archive</kind>
         <file>rtsv7M4_T_le_eabi.lib</file>
         <name>k_rem_pio2.c.obj</name>
      </input_file>
      <input_file id="fl-df">
         <path>C:\ti\ccsv8\tools\compiler\ti-cgt-arm_18.1.3.LTS\lib\</path>
         <kind>archive</kind>
         <file>rtsv7M4_T_le_eabi.lib</file>
         <name>k_cos.c.obj</name>
      </input_file>
      <input_file id="fl-e0">
         <path>C:\ti\ccsv8\tools\compiler\ti-cgt-arm_18.1.3.LTS\lib\</path>
         <kind>archive</kind>
         <file>rtsv7M4_T_le_eabi.lib</file>
         <name>k_sin.c.obj</name>
      </input_file>
      <input_file id="fl-e1">
         <path>C:\ti\ccsv8\tools\compiler\ti-cgt-arm_18.1.3.LTS\lib\</path>
         <kind>archive</kind>
         <file>rtsv7M4_T_le_eabi.lib</file>
         <name>s_floor.c.obj</name>
      </input_file>
      <input_file id="fl-e2">
         <path>C:\ti\ccsv8\tools\compiler\ti-cgt-arm_18.1.3.LTS\lib\</path>
         <kind>archive</kind>
         <file>rtsv7M4_T_le_eabi.lib</file>
         <name>s_scalbn.c.obj</name>
      </input_file>
      <input_file id="fl-e3">
         <path>C:\ti\ccsv8\tools\compiler\ti-cgt-arm_18.1.3.LTS\lib\</path>
         <kind>archive</kind>
         <file>rtsv7M4_T_le_eabi.lib</file>
         <name>s_copysign.c.obj</name>
      </input_file>
      <input_file id="fl-e4">
         <path>C:\ti\ccsv8\tools\compiler\ti-cgt-arm_18.1.3.LTS\lib\</path>
         <kind>archive</kind>
         <file>rtsv7M4_T_le_eabi.lib</file>
         <name>fs_toi_t2.asm.obj</name>
      </input_file>
      <input_file id="fl-e5">
         <path>C:\ti\ccsv8\tools\compiler\ti-cgt-arm_18.1.3.LTS\lib\</path>
         <kind>archive</kind>
         <file>rtsv7M4_T_le_eabi.lib</file>
         <name>memcpy_t2.asm.obj</name>
      </input_file>
      <input_file id="fl-e6">
         <path>C:\ti\ccsv8\tools\compiler\ti-cgt-arm_18.1.3.LTS\lib\</path>
         <kind>archive</kind>
         <file>rtsv7M4_T_le_eabi.lib</file>
         <name>autoinit.c.obj</name>
      </input_file>
      <input_file id="fl-e7">
         <path>C:\ti\ccsv8\tools\compiler\ti-cgt-arm_18.1.3.LTS\lib\</path>
         <kind>archive</kind>
         <file>rtsv7M4_T_le_eabi.lib</file>
         <name>pre_init.c.obj</name>
      </input_file>
      <input_file id="fl-e8">
         <path>C:\ti\ccsv8\tools\compiler\ti-cgt-arm_18.1.3.LTS\lib\</path>
         <kind>archive</kind>
         <file>rtsv7M4_T_le_eabi.lib</file>
         <name>cpy_tbl.c.obj</name>
      </input_file>
      <input_file id="fl-e9">
         <path>C:\ti\ccsv8\tools\compiler\ti-cgt-arm_18.1.3.LTS\lib\</path>
         <kind>archive</kind>
         <file>rtsv7M4_T_le_eabi.lib</file>
         <name>exit.c.obj</name>
      </input_file>
      <input_file id="fl-ea">
         <path>C:\ti\ccsv8\tools\compiler\ti-cgt-arm_18.1.3.LTS\lib\</path>
         <kind>archive</kind>
         <file>rtsv7M4_T_le_eabi.lib</file>
         <name>_printfi.c.obj</name>
      </input_file>
      <input_file id="fl-eb">
         <path>C:\ti\ccsv8\tools\compiler\ti-cgt-arm_18.1.3.LTS\lib\</path>
         <kind>archive</kind>
         <file>rtsv7M4_T_le_eabi.lib</file>
         <name>args_main.c.obj</name>
      </input_file>
      <input_file id="fl-ec">
         <path>C:\ti\ccsv8\tools\compiler\ti-cgt-arm_18.1.3.LTS\lib\</path>
         <kind>archive</kind>
         <file>rtsv7M4_T_le_eabi.lib</file>
         <name>atoi.c.obj</name>
      </input_file>
      <input_file id="fl-ed">
         <path>C:\ti\ccsv8\tools\compiler\ti-cgt-arm_18.1.3.LTS\lib\</path>
         <kind>archive</kind>
         <file>rtsv7M4_T_le_eabi.lib</file>
         <name>ctype.c.obj</name>
      </input_file>
      <input_file id="fl-ee">
         <path>C:\ti\ccsv8\tools\compiler\ti-cgt-arm_18.1.3.LTS\lib\</path>
         <kind>archive</kind>
         <file>rtsv7M4_T_le_eabi.lib</file>
         <name>defs.c.obj</name>
      </input_file>
      <input_file id="fl-ef">
         <path>C:\ti\ccsv8\tools\compiler\ti-cgt-arm_18.1.3.LTS\lib\</path>
         <kind>archive</kind>
         <file>rtsv7M4_T_le_eabi.lib</file>
         <name>fputc.c.obj</name>
      </input_file>
      <input_file id="fl-f0">
         <path>C:\ti\ccsv8\tools\compiler\ti-cgt-arm_18.1.3.LTS\lib\</path>
         <kind>archive</kind>
         <file>rtsv7M4_T_le_eabi.lib</file>
         <name>fputs.c.obj</name>
      </input_file>
      <input_file id="fl-f1">
         <path>C:\ti\ccsv8\tools\compiler\ti-cgt-arm_18.1.3.LTS\lib\</path>
         <kind>archive</kind>
         <file>rtsv7M4_T_le_eabi.lib</file>
         <name>ltoa.c.obj</name>
      </input_file>
      <input_file id="fl-f2">
         <path>C:\ti\ccsv8\tools\compiler\ti-cgt-arm_18.1.3.LTS\lib\</path>
         <kind>archive</kind>
         <file>rtsv7M4_T_le_eabi.lib</file>
         <name>memccpy.c.obj</name>
      </input_file>
      <input_file id="fl-f3">
         <path>C:\ti\ccsv8\tools\compiler\ti-cgt-arm_18.1.3.LTS\lib\</path>
         <kind>archive</kind>
         <file>rtsv7M4_T_le_eabi.lib</file>
         <name>memchr.c.obj</name>
      </input_file>
      <input_file id="fl-f4">
         <path>C:\ti\ccsv8\tools\compiler\ti-cgt-arm_18.1.3.LTS\lib\</path>
         <kind>archive</kind>
         <file>rtsv7M4_T_le_eabi.lib</file>
         <name>strchr.c.obj</name>
      </input_file>
      <input_file id="fl-f5">
         <path>C:\ti\ccsv8\tools\compiler\ti-cgt-arm_18.1.3.LTS\lib\</path>
         <kind>archive</kind>
         <file>rtsv7M4_T_le_eabi.lib</file>
         <name>write.c.obj</name>
      </input_file>
      <input_file id="fl-f6">
         <path>C:\ti\ccsv8\tools\compiler\ti-cgt-arm_18.1.3.LTS\lib\</path>
         <kind>archive</kind>
         <file>rtsv7M4_T_le_eabi.lib</file>
         <name>errno.c.obj</name>
      </input_file>
      <input_file id="fl-f7">
         <path>C:\ti\ccsv8\tools\compiler\ti-cgt-arm_18.1.3.LTS\lib\</path>
         <kind>archive</kind>
         <file>rtsv7M4_T_le_eabi.lib</file>
         <name>s_frexp.c.obj</name>
      </input_file>
      <input_file id="fl-f8">
         <path>C:\ti\ccsv8\tools\compiler\ti-cgt-arm_18.1.3.LTS\lib\</path>
         <kind>archive</kind>
         <file>rtsv7M4_T_le_eabi.lib</file>
         <name>wcslen.c.obj</name>
      </input_file>
      <input_file id="fl-f9">
         <path>C:\ti\ccsv8\tools\compiler\ti-cgt-arm_18.1.3.LTS\lib\</path>
         <kind>archive</kind>
         <file>rtsv7M4_T_le_eabi.lib</file>
         <name>ull_div_t2.asm.obj</name>
      </input_file>
      <input_file id="fl-fa">
         <path>C:\ti\ccsv8\tools\compiler\ti-cgt-arm_18.1.3.LTS\lib\</path>
         <kind>archive</kind>
         <file>rtsv7M4_T_le_eabi.lib</file>
         <name>_io_perm.c.obj</name>
      </input_file>
      <input_file id="fl-fb">
         <path>C:\ti\ccsv8\tools\compiler\ti-cgt-arm_18.1.3.LTS\lib\</path>
         <kind>archive</kind>
         <file>rtsv7M4_T_le_eabi.lib</file>
         <name>fflush.c.obj</name>
      </input_file>
      <input_file id="fl-fc">
         <path>C:\ti\ccsv8\tools\compiler\ti-cgt-arm_18.1.3.LTS\lib\</path>
         <kind>archive</kind>
         <file>rtsv7M4_T_le_eabi.lib</file>
         <name>fseek.c.obj</name>
      </input_file>
      <input_file id="fl-fd">
         <path>C:\ti\ccsv8\tools\compiler\ti-cgt-arm_18.1.3.LTS\lib\</path>
         <kind>archive</kind>
         <file>rtsv7M4_T_le_eabi.lib</file>
         <name>lseek.c.obj</name>
      </input_file>
      <input_file id="fl-fe">
         <path>C:\ti\ccsv8\tools\compiler\ti-cgt-arm_18.1.3.LTS\lib\</path>
         <kind>archive</kind>
         <file>rtsv7M4_T_le_eabi.lib</file>
         <name>setvbuf.c.obj</name>
      </input_file>
      <input_file id="fl-ff">
         <path>C:\ti\ccsv8\tools\compiler\ti-cgt-arm_18.1.3.LTS\lib\</path>
         <kind>archive</kind>
         <file>rtsv7M4_T_le_eabi.lib</file>
         <name>hostclose.c.obj</name>
      </input_file>
      <input_file id="fl-100">
         <path>C:\ti\ccsv8\tools\compiler\ti-cgt-arm_18.1.3.LTS\lib\</path>
         <kind>archive</kind>
         <file>rtsv7M4_T_le_eabi.lib</file>
         <name>hostlseek.c.obj</name>
      </input_file>
      <input_file id="fl-101">
         <path>C:\ti\ccsv8\tools\compiler\ti-cgt-arm_18.1.3.LTS\lib\</path>
         <kind>archive</kind>
         <file>rtsv7M4_T_le_eabi.lib</file>
         <name>hostopen.c.obj</name>
      </input_file>
      <input_file id="fl-102">
         <path>C:\ti\ccsv8\tools\compiler\ti-cgt-arm_18.1.3.LTS\lib\</path>
         <kind>archive</kind>
         <file>rtsv7M4_T_le_eabi.lib</file>
         <name>hostread.c.obj</name>
      </input_file>
      <input_file id="fl-103">
         <path>C:\ti\ccsv8\tools\compiler\ti-cgt-arm_18.1.3.LTS\lib\</path>
         <kind>archive</kind>
         <file>rtsv7M4_T_le_eabi.lib</file>
         <name>hostrename.c.obj</name>
      </input_file>
      <input_file id="fl-104">
         <path>C:\ti\ccsv8\tools\compiler\ti-cgt-arm_18.1.3.LTS\lib\</path>
         <kind>archive</kind>
         <file>rtsv7M4_T_le_eabi.lib</file>
         <name>hostunlink.c.obj</name>
      </input_file>
      <input_file id="fl-105">
         <path>C:\ti\ccsv8\tools\compiler\ti-cgt-arm_18.1.3.LTS\lib\</path>
         <kind>archive</kind>
         <file>rtsv7M4_T_le_eabi.lib</file>
         <name>hostwrite.c.obj</name>
      </input_file>
      <input_file id="fl-106">
         <path>C:\ti\ccsv8\tools\compiler\ti-cgt-arm_18.1.3.LTS\lib\</path>
         <kind>archive</kind>
         <file>rtsv7M4_T_le_eabi.lib</file>
         <name>trgmsg.c.obj</name>
      </input_file>
      <input_file id="fl-107">
         <path>C:\ti\ccsv8\tools\compiler\ti-cgt-arm_18.1.3.LTS\lib\</path>
         <kind>archive</kind>
         <file>rtsv7M4_T_le_eabi.lib</file>
         <name>div0.asm.obj</name>
      </input_file>
      <input_file id="fl-108">
         <path>C:\ti\ccsv8\tools\compiler\ti-cgt-arm_18.1.3.LTS\lib\</path>
         <kind>archive</kind>
         <file>rtsv7M4_T_le_eabi.lib</file>
         <name>fopen.c.obj</name>
      </input_file>
      <input_file id="fl-109">
         <path>C:\ti\ccsv8\tools\compiler\ti-cgt-arm_18.1.3.LTS\lib\</path>
         <kind>archive</kind>
         <file>rtsv7M4_T_le_eabi.lib</file>
         <name>open.c.obj</name>
      </input_file>
      <input_file id="fl-10a">
         <path>C:\ti\ccsv8\tools\compiler\ti-cgt-arm_18.1.3.LTS\lib\</path>
         <kind>archive</kind>
         <file>rtsv7M4_T_le_eabi.lib</file>
         <name>strcpy.c.obj</name>
      </input_file>
      <input_file id="fl-10b">
         <path>C:\ti\ccsv8\tools\compiler\ti-cgt-arm_18.1.3.LTS\lib\</path>
         <kind>archive</kind>
         <file>rtsv7M4_T_le_eabi.lib</file>
         <name>fclose.c.obj</name>
      </input_file>
      <input_file id="fl-10c">
         <path>C:\ti\ccsv8\tools\compiler\ti-cgt-arm_18.1.3.LTS\lib\</path>
         <kind>archive</kind>
         <file>rtsv7M4_T_le_eabi.lib</file>
         <name>getdevice.c.obj</name>
      </input_file>
      <input_file id="fl-10d">
         <path>C:\ti\ccsv8\tools\compiler\ti-cgt-arm_18.1.3.LTS\lib\</path>
         <kind>archive</kind>
         <file>rtsv7M4_T_le_eabi.lib</file>
         <name>remove.c.obj</name>
      </input_file>
      <input_file id="fl-10e">
         <path>C:\ti\ccsv8\tools\compiler\ti-cgt-arm_18.1.3.LTS\lib\</path>
         <kind>archive</kind>
         <file>rtsv7M4_T_le_eabi.lib</file>
         <name>strcmp.c.obj</name>
      </input_file>
      <input_file id="fl-10f">
         <path>C:\ti\ccsv8\tools\compiler\ti-cgt-arm_18.1.3.LTS\lib\</path>
         <kind>archive</kind>
         <file>rtsv7M4_T_le_eabi.lib</file>
         <name>strncpy.c.obj</name>
      </input_file>
      <input_file id="fl-110">
         <path>C:\ti\ccsv8\tools\compiler\ti-cgt-arm_18.1.3.LTS\lib\</path>
         <kind>archive</kind>
         <file>rtsv7M4_T_le_eabi.lib</file>
         <name>unlink.c.obj</name>
      </input_file>
      <input_file id="fl-111">
         <path>C:\ti\ccsv8\tools\compiler\ti-cgt-arm_18.1.3.LTS\lib\</path>
         <kind>archive</kind>
         <file>rtsv7M4_T_le_eabi.lib</file>
         <name>close.c.obj</name>
      </input_file>
      <input_file id="fl-112">
         <path>C:\ti\CC3200SDK_1.3.0\cc3200-sdk\driverlib\ccs\Release\</path>
         <kind>archive</kind>
         <file>driverlib.a</file>
         <name>gpio.obj</name>
      </input_file>
      <input_file id="fl-113">
         <path>C:\ti\CC3200SDK_1.3.0\cc3200-sdk\driverlib\ccs\Release\</path>
         <kind>archive</kind>
         <file>driverlib.a</file>
         <name>interrupt.obj</name>
      </input_file>
      <input_file id="fl-114">
         <path>C:\ti\CC3200SDK_1.3.0\cc3200-sdk\driverlib\ccs\Release\</path>
         <kind>archive</kind>
         <file>driverlib.a</file>
         <name>pin.obj</name>
      </input_file>
      <input_file id="fl-115">
         <path>C:\ti\CC3200SDK_1.3.0\cc3200-sdk\driverlib\ccs\Release\</path>
         <kind>archive</kind>
         <file>driverlib.a</file>
         <name>prcm.obj</name>
      </input_file>
      <input_file id="fl-116">
         <path>C:\ti\CC3200SDK_1.3.0\cc3200-sdk\driverlib\ccs\Release\</path>
         <kind>archive</kind>
         <file>driverlib.a</file>
         <name>spi.obj</name>
      </input_file>
      <input_file id="fl-117">
         <path>C:\ti\CC3200SDK_1.3.0\cc3200-sdk\driverlib\ccs\Release\</path>
         <kind>archive</kind>
         <file>driverlib.a</file>
         <name>timer.obj</name>
      </input_file>
      <input_file id="fl-118">
         <path>C:\ti\CC3200SDK_1.3.0\cc3200-sdk\driverlib\ccs\Release\</path>
         <kind>archive</kind>
         <file>driverlib.a</file>
         <name>uart.obj</name>
      </input_file>
      <input_file id="fl-119">
         <path>C:\ti\CC3200SDK_1.3.0\cc3200-sdk\driverlib\ccs\Release\</path>
         <kind>archive</kind>
         <file>driverlib.a</file>
         <name>udma.obj</name>
      </input_file>
      <input_file id="fl-11a">
         <path>C:\ti\CC3200SDK_1.3.0\cc3200-sdk\driverlib\ccs\Release\</path>
         <kind>archive</kind>
         <file>driverlib.a</file>
         <name>utils.obj</name>
      </input_file>
      <input_file id="fl-11b">
         <path>C:\ti\CC3200SDK_1.3.0\cc3200-sdk\driverlib\ccs\Release\</path>
         <kind>archive</kind>
         <file>driverlib.a</file>
         <name>cpu.obj</name>
      </input_file>
      <input_file id="fl-11c">
         <path>C:\ti\CC3200SDK_1.3.0\cc3200-sdk\driverlib\ccs\Release\</path>
         <kind>archive</kind>
         <file>driverlib.a</file>
         <name>flash.obj</name>
      </input_file>
   </input_file_list>
   <object_component_list>
      <object_component id="oc-f">
         <name>.intvecs</name>
         <load_address>0x20004000</load_address>
         <run_address>0x20004000</run_address>
         <size>0x400</size>
         <input_file_ref idref="fl-5"/>
      </object_component>
      <object_component id="oc-25b">
         <name>.text:__TI_printfi</name>
         <load_address>0x20004400</load_address>
         <run_address>0x20004400</run_address>
         <size>0xa4a</size>
         <input_file_ref idref="fl-ea"/>
      </object_component>
      <object_component id="oc-479">
         <name>.text:IntDefaultHandler</name>
         <load_address>0x20004e4a</load_address>
         <run_address>0x20004e4a</run_address>
         <size>0x2</size>
         <input_file_ref idref="fl-113"/>
      </object_component>
      <object_component id="oc-94">
         <name>.text</name>
         <load_address>0x20004e4c</load_address>
         <run_address>0x20004e4c</run_address>
         <size>0x7dc</size>
         <input_file_ref idref="fl-3"/>
      </object_component>
      <object_component id="oc-228">
         <name>.text:__kernel_rem_pio2</name>
         <load_address>0x20005628</load_address>
         <run_address>0x20005628</run_address>
         <size>0x704</size>
         <input_file_ref idref="fl-de"/>
      </object_component>
      <object_component id="oc-ed">
         <name>.text:cos</name>
         <load_address>0x20005d2c</load_address>
         <run_address>0x20005d2c</run_address>
         <size>0x5c0</size>
         <input_file_ref idref="fl-c3"/>
      </object_component>
      <object_component id="oc-f8">
         <name>.text:sin</name>
         <load_address>0x200062ec</load_address>
         <run_address>0x200062ec</run_address>
         <size>0x5c0</size>
         <input_file_ref idref="fl-c4"/>
      </object_component>
      <object_component id="oc-162">
         <name>.text</name>
         <load_address>0x200068ac</load_address>
         <run_address>0x200068ac</run_address>
         <size>0x280</size>
         <input_file_ref idref="fl-7"/>
      </object_component>
      <object_component id="oc-3a4">
         <name>.text:_pconv_a</name>
         <load_address>0x20006b2c</load_address>
         <run_address>0x20006b2c</run_address>
         <size>0x268</size>
         <input_file_ref idref="fl-ea"/>
      </object_component>
      <object_component id="oc-392">
         <name>.text:_pconv_g</name>
         <load_address>0x20006d94</load_address>
         <run_address>0x20006d94</run_address>
         <size>0x1cc</size>
         <input_file_ref idref="fl-ea"/>
      </object_component>
      <object_component id="oc-21e">
         <name>.text</name>
         <load_address>0x20006f60</load_address>
         <run_address>0x20006f60</run_address>
         <size>0x1b6</size>
         <input_file_ref idref="fl-c6"/>
      </object_component>
      <object_component id="oc-3c8">
         <name>.text:_nop</name>
         <load_address>0x20007116</load_address>
         <run_address>0x20007116</run_address>
         <size>0x2</size>
         <input_file_ref idref="fl-d8"/>
      </object_component>
      <object_component id="oc-c2">
         <name>.text</name>
         <load_address>0x20007118</load_address>
         <run_address>0x20007118</run_address>
         <size>0x198</size>
         <input_file_ref idref="fl-6"/>
      </object_component>
      <object_component id="oc-14d">
         <name>.text:PRCMCC3200MCUInit</name>
         <load_address>0x200072b0</load_address>
         <run_address>0x200072b0</run_address>
         <size>0x178</size>
         <input_file_ref idref="fl-115"/>
      </object_component>
      <object_component id="oc-22e">
         <name>.text:__kernel_sin</name>
         <load_address>0x20007428</load_address>
         <run_address>0x20007428</run_address>
         <size>0x168</size>
         <input_file_ref idref="fl-e0"/>
      </object_component>
      <object_component id="oc-218">
         <name>.text:__kernel_cos</name>
         <load_address>0x20007590</load_address>
         <run_address>0x20007590</run_address>
         <size>0x160</size>
         <input_file_ref idref="fl-df"/>
      </object_component>
      <object_component id="oc-39e">
         <name>.text:_pconv_e</name>
         <load_address>0x200076f0</load_address>
         <run_address>0x200076f0</run_address>
         <size>0x13c</size>
         <input_file_ref idref="fl-ea"/>
      </object_component>
      <object_component id="oc-e8">
         <name>.text</name>
         <load_address>0x2000782c</load_address>
         <run_address>0x2000782c</run_address>
         <size>0x136</size>
         <input_file_ref idref="fl-c8"/>
      </object_component>
      <object_component id="oc-53b">
         <name>.text</name>
         <load_address>0x20007962</load_address>
         <run_address>0x20007962</run_address>
         <size>0x2</size>
         <input_file_ref idref="fl-107"/>
      </object_component>
      <object_component id="oc-4b6">
         <name>.text:fcvt</name>
         <load_address>0x20007964</load_address>
         <run_address>0x20007964</run_address>
         <size>0x120</size>
         <input_file_ref idref="fl-ea"/>
      </object_component>
      <object_component id="oc-3d6">
         <name>.text:fputs</name>
         <load_address>0x20007a84</load_address>
         <run_address>0x20007a84</run_address>
         <size>0x114</size>
         <input_file_ref idref="fl-f0"/>
      </object_component>
      <object_component id="oc-2f3">
         <name>.text:realloc</name>
         <load_address>0x20007b98</load_address>
         <run_address>0x20007b98</run_address>
         <size>0x114</size>
         <input_file_ref idref="fl-d7"/>
      </object_component>
      <object_component id="oc-e3">
         <name>.text</name>
         <load_address>0x20007cac</load_address>
         <run_address>0x20007cac</run_address>
         <size>0xfc</size>
         <input_file_ref idref="fl-c9"/>
      </object_component>
      <object_component id="oc-103">
         <name>.text</name>
         <load_address>0x20007da8</load_address>
         <run_address>0x20007da8</run_address>
         <size>0xfa</size>
         <input_file_ref idref="fl-cc"/>
      </object_component>
      <object_component id="oc-360">
         <name>.text:floor</name>
         <load_address>0x20007ea4</load_address>
         <run_address>0x20007ea4</run_address>
         <size>0xf4</size>
         <input_file_ref idref="fl-e1"/>
      </object_component>
      <object_component id="oc-156">
         <name>.text</name>
         <load_address>0x20007f98</load_address>
         <run_address>0x20007f98</run_address>
         <size>0xe8</size>
         <input_file_ref idref="fl-4"/>
      </object_component>
      <object_component id="oc-563">
         <name>.text:setvbuf</name>
         <load_address>0x20008080</load_address>
         <run_address>0x20008080</run_address>
         <size>0xdc</size>
         <input_file_ref idref="fl-fe"/>
      </object_component>
      <object_component id="oc-2f9">
         <name>.text:free</name>
         <load_address>0x2000815c</load_address>
         <run_address>0x2000815c</run_address>
         <size>0xd8</size>
         <input_file_ref idref="fl-d7"/>
      </object_component>
      <object_component id="oc-250">
         <name>.text:SPITransfer32</name>
         <load_address>0x20008234</load_address>
         <run_address>0x20008234</run_address>
         <size>0xd0</size>
         <input_file_ref idref="fl-116"/>
      </object_component>
      <object_component id="oc-35a">
         <name>.text:scalbn</name>
         <load_address>0x20008304</load_address>
         <run_address>0x20008304</run_address>
         <size>0xd0</size>
         <input_file_ref idref="fl-e2"/>
      </object_component>
      <object_component id="oc-24a">
         <name>.text:SPITransfer16</name>
         <load_address>0x200083d4</load_address>
         <run_address>0x200083d4</run_address>
         <size>0xce</size>
         <input_file_ref idref="fl-116"/>
      </object_component>
      <object_component id="oc-244">
         <name>.text:SPITransfer8</name>
         <load_address>0x200084a2</load_address>
         <run_address>0x200084a2</run_address>
         <size>0xb8</size>
         <input_file_ref idref="fl-116"/>
      </object_component>
      <object_component id="oc-38c">
         <name>.text:_ltostr</name>
         <load_address>0x2000855c</load_address>
         <run_address>0x2000855c</run_address>
         <size>0xb1</size>
         <input_file_ref idref="fl-ea"/>
      </object_component>
      <object_component id="oc-344">
         <name>.text:IntDisable</name>
         <load_address>0x20008610</load_address>
         <run_address>0x20008610</run_address>
         <size>0xa8</size>
         <input_file_ref idref="fl-113"/>
      </object_component>
      <object_component id="oc-147">
         <name>.text:IntEnable</name>
         <load_address>0x200086b8</load_address>
         <run_address>0x200086b8</run_address>
         <size>0xa8</size>
         <input_file_ref idref="fl-113"/>
      </object_component>
      <object_component id="oc-114">
         <name>.text:SPIConfigSetExpClk</name>
         <load_address>0x20008760</load_address>
         <run_address>0x20008760</run_address>
         <size>0xa0</size>
         <input_file_ref idref="fl-116"/>
      </object_component>
      <object_component id="oc-3a">
         <name>.text</name>
         <load_address>0x20008800</load_address>
         <run_address>0x20008800</run_address>
         <size>0x9c</size>
         <input_file_ref idref="fl-e5"/>
      </object_component>
      <object_component id="oc-49d">
         <name>.text</name>
         <load_address>0x2000889c</load_address>
         <run_address>0x2000889c</run_address>
         <size>0x96</size>
         <input_file_ref idref="fl-f9"/>
      </object_component>
      <object_component id="oc-10e">
         <name>.text:PRCMPeripheralClockGet</name>
         <load_address>0x20008934</load_address>
         <run_address>0x20008934</run_address>
         <size>0x94</size>
         <input_file_ref idref="fl-115"/>
      </object_component>
      <object_component id="oc-d3">
         <name>.text</name>
         <load_address>0x200089c8</load_address>
         <run_address>0x200089c8</run_address>
         <size>0x92</size>
         <input_file_ref idref="fl-ce"/>
      </object_component>
      <object_component id="oc-3dd">
         <name>.text:fputc</name>
         <load_address>0x20008a5c</load_address>
         <run_address>0x20008a5c</run_address>
         <size>0x8c</size>
         <input_file_ref idref="fl-ef"/>
      </object_component>
      <object_component id="oc-3ff">
         <name>.text:PinConfigSet</name>
         <load_address>0x20008ae8</load_address>
         <run_address>0x20008ae8</run_address>
         <size>0x88</size>
         <input_file_ref idref="fl-114"/>
      </object_component>
      <object_component id="oc-120">
         <name>.text:SPITransfer</name>
         <load_address>0x20008b70</load_address>
         <run_address>0x20008b70</run_address>
         <size>0x88</size>
         <input_file_ref idref="fl-116"/>
      </object_component>
      <object_component id="oc-223">
         <name>.text:__aeabi_cdcmple</name>
         <load_address>0x20008bf8</load_address>
         <run_address>0x20008bf8</run_address>
         <size>0x86</size>
         <input_file_ref idref="fl-c7"/>
      </object_component>
      <object_component id="oc-366">
         <name>.text:__aeabi_cdrcmple</name>
         <load_address>0x20008c7e</load_address>
         <run_address>0x20008c7e</run_address>
         <size>0x86</size>
         <input_file_ref idref="fl-c7"/>
      </object_component>
      <object_component id="oc-fe">
         <name>.text</name>
         <load_address>0x20008d04</load_address>
         <run_address>0x20008d04</run_address>
         <size>0x7a</size>
         <input_file_ref idref="fl-cf"/>
      </object_component>
      <object_component id="oc-88">
         <name>.text</name>
         <load_address>0x20008d7e</load_address>
         <run_address>0x20008d7e</run_address>
         <size>0x7a</size>
         <input_file_ref idref="fl-c5"/>
      </object_component>
      <object_component id="oc-2ed">
         <name>.text:malloc</name>
         <load_address>0x20008df8</load_address>
         <run_address>0x20008df8</run_address>
         <size>0x78</size>
         <input_file_ref idref="fl-d7"/>
      </object_component>
      <object_component id="oc-2c3">
         <name>.text:UARTConfigSetExpClk</name>
         <load_address>0x20008e70</load_address>
         <run_address>0x20008e70</run_address>
         <size>0x76</size>
         <input_file_ref idref="fl-118"/>
      </object_component>
      <object_component id="oc-5b6">
         <name>.text:__TI_closefile</name>
         <load_address>0x20008ee8</load_address>
         <run_address>0x20008ee8</run_address>
         <size>0x74</size>
         <input_file_ref idref="fl-10b"/>
      </object_component>
      <object_component id="oc-1c6">
         <name>.text:TimerIntRegister</name>
         <load_address>0x20008f5c</load_address>
         <run_address>0x20008f5c</run_address>
         <size>0x70</size>
         <input_file_ref idref="fl-117"/>
      </object_component>
      <object_component id="oc-4af">
         <name>.text:_mcpy</name>
         <load_address>0x20008fcc</load_address>
         <run_address>0x20008fcc</run_address>
         <size>0x6e</size>
         <input_file_ref idref="fl-ea"/>
      </object_component>
      <object_component id="oc-f3">
         <name>.text</name>
         <load_address>0x2000903a</load_address>
         <run_address>0x2000903a</run_address>
         <size>0x6e</size>
         <input_file_ref idref="fl-cb"/>
      </object_component>
      <object_component id="oc-5da">
         <name>.text:HOSTlseek</name>
         <load_address>0x200090a8</load_address>
         <run_address>0x200090a8</run_address>
         <size>0x68</size>
         <input_file_ref idref="fl-100"/>
      </object_component>
      <object_component id="oc-5e6">
         <name>.text:HOSTrename</name>
         <load_address>0x20009110</load_address>
         <run_address>0x20009110</run_address>
         <size>0x68</size>
         <input_file_ref idref="fl-103"/>
      </object_component>
      <object_component id="oc-1f6">
         <name>.text:TimerIntUnregister</name>
         <load_address>0x20009178</load_address>
         <run_address>0x20009178</run_address>
         <size>0x68</size>
         <input_file_ref idref="fl-117"/>
      </object_component>
      <object_component id="oc-12">
         <name>.text:decompress:lzss:__TI_decompress_lzss</name>
         <load_address>0x200091e0</load_address>
         <run_address>0x200091e0</run_address>
         <size>0x68</size>
         <input_file_ref idref="fl-d6"/>
      </object_component>
      <object_component id="oc-135">
         <name>.text:printf</name>
         <load_address>0x20009248</load_address>
         <run_address>0x20009248</run_address>
         <size>0x68</size>
         <input_file_ref idref="fl-da"/>
      </object_component>
      <object_component id="oc-55d">
         <name>.text:fseek</name>
         <load_address>0x200092b0</load_address>
         <run_address>0x200092b0</run_address>
         <size>0x64</size>
         <input_file_ref idref="fl-fc"/>
      </object_component>
      <object_component id="oc-4f0">
         <name>.text:__TI_wrt_ok</name>
         <load_address>0x20009314</load_address>
         <run_address>0x20009314</run_address>
         <size>0x62</size>
         <input_file_ref idref="fl-fa"/>
      </object_component>
      <object_component id="oc-5c2">
         <name>.text:HOSTopen</name>
         <load_address>0x20009378</load_address>
         <run_address>0x20009378</run_address>
         <size>0x60</size>
         <input_file_ref idref="fl-101"/>
      </object_component>
      <object_component id="oc-12b">
         <name>.text:__aeabi_cfrcmple</name>
         <load_address>0x200093d8</load_address>
         <run_address>0x200093d8</run_address>
         <size>0x60</size>
         <input_file_ref idref="fl-cd"/>
      </object_component>
      <object_component id="oc-5f0">
         <name>.text:close</name>
         <load_address>0x20009438</load_address>
         <run_address>0x20009438</run_address>
         <size>0x5c</size>
         <input_file_ref idref="fl-111"/>
      </object_component>
      <object_component id="oc-4c4">
         <name>.text:frexp</name>
         <load_address>0x20009494</load_address>
         <run_address>0x20009494</run_address>
         <size>0x5c</size>
         <input_file_ref idref="fl-f7"/>
      </object_component>
      <object_component id="oc-5ce">
         <name>.text:HOSTread</name>
         <load_address>0x200094f0</load_address>
         <run_address>0x200094f0</run_address>
         <size>0x58</size>
         <input_file_ref idref="fl-102"/>
      </object_component>
      <object_component id="oc-5d4">
         <name>.text:HOSTwrite</name>
         <load_address>0x20009548</load_address>
         <run_address>0x20009548</run_address>
         <size>0x58</size>
         <input_file_ref idref="fl-105"/>
      </object_component>
      <object_component id="oc-168">
         <name>.text:PRCMPeripheralReset</name>
         <load_address>0x200095a0</load_address>
         <run_address>0x200095a0</run_address>
         <size>0x58</size>
         <input_file_ref idref="fl-115"/>
      </object_component>
      <object_component id="oc-398">
         <name>.text:_pconv_f</name>
         <load_address>0x200095f8</load_address>
         <run_address>0x200095f8</run_address>
         <size>0x56</size>
         <input_file_ref idref="fl-ea"/>
      </object_component>
      <object_component id="oc-1c0">
         <name>.text:IntPrioritySet</name>
         <load_address>0x20009650</load_address>
         <run_address>0x20009650</run_address>
         <size>0x54</size>
         <input_file_ref idref="fl-113"/>
      </object_component>
      <object_component id="oc-4a3">
         <name>.text:ltoa</name>
         <load_address>0x200096a4</load_address>
         <run_address>0x200096a4</run_address>
         <size>0x54</size>
         <input_file_ref idref="fl-f1"/>
      </object_component>
      <object_component id="oc-4a9">
         <name>.text:_ecpy</name>
         <load_address>0x200096f8</load_address>
         <run_address>0x200096f8</run_address>
         <size>0x52</size>
         <input_file_ref idref="fl-ea"/>
      </object_component>
      <object_component id="oc-4fc">
         <name>.text:__TI_doflush</name>
         <load_address>0x2000974a</load_address>
         <run_address>0x2000974a</run_address>
         <size>0x4c</size>
         <input_file_ref idref="fl-fb"/>
      </object_component>
      <object_component id="oc-386">
         <name>.text:atoi</name>
         <load_address>0x20009798</load_address>
         <run_address>0x20009798</run_address>
         <size>0x4c</size>
         <input_file_ref idref="fl-ec"/>
      </object_component>
      <object_component id="oc-17c">
         <name>.text:exit</name>
         <load_address>0x200097e4</load_address>
         <run_address>0x200097e4</run_address>
         <size>0x48</size>
         <input_file_ref idref="fl-e9"/>
      </object_component>
      <object_component id="oc-213">
         <name>.text</name>
         <load_address>0x2000982c</load_address>
         <run_address>0x2000982c</run_address>
         <size>0x48</size>
         <input_file_ref idref="fl-ca"/>
      </object_component>
      <object_component id="oc-5c8">
         <name>.text:HOSTclose</name>
         <load_address>0x20009874</load_address>
         <run_address>0x20009874</run_address>
         <size>0x44</size>
         <input_file_ref idref="fl-ff"/>
      </object_component>
      <object_component id="oc-5e0">
         <name>.text:HOSTunlink</name>
         <load_address>0x200098b8</load_address>
         <run_address>0x200098b8</run_address>
         <size>0x44</size>
         <input_file_ref idref="fl-104"/>
      </object_component>
      <object_component id="oc-1b4">
         <name>.text:TimerConfigure</name>
         <load_address>0x200098fc</load_address>
         <run_address>0x200098fc</run_address>
         <size>0x44</size>
         <input_file_ref idref="fl-117"/>
      </object_component>
      <object_component id="oc-182">
         <name>.text:__TI_auto_init_nobinit_nopinit:__TI_auto_init_nobinit_nopinit</name>
         <load_address>0x20009940</load_address>
         <run_address>0x20009940</run_address>
         <size>0x44</size>
         <input_file_ref idref="fl-e6"/>
      </object_component>
      <object_component id="oc-625">
         <name>.text:getdevice</name>
         <load_address>0x20009984</load_address>
         <run_address>0x20009984</run_address>
         <size>0x44</size>
         <input_file_ref idref="fl-10c"/>
      </object_component>
      <object_component id="oc-3f9">
         <name>.text:PinModeSet</name>
         <load_address>0x200099c8</load_address>
         <run_address>0x200099c8</run_address>
         <size>0x40</size>
         <input_file_ref idref="fl-114"/>
      </object_component>
      <object_component id="oc-2cf">
         <name>.text:vsnprintf</name>
         <load_address>0x20009a08</load_address>
         <run_address>0x20009a08</run_address>
         <size>0x40</size>
         <input_file_ref idref="fl-dc"/>
      </object_component>
      <object_component id="oc-4bc">
         <name>.text:_fcpy</name>
         <load_address>0x20009a48</load_address>
         <run_address>0x20009a48</run_address>
         <size>0x3e</size>
         <input_file_ref idref="fl-ea"/>
      </object_component>
      <object_component id="oc-15c">
         <name>.text:PRCMPeripheralClkEnable</name>
         <load_address>0x20009a88</load_address>
         <run_address>0x20009a88</run_address>
         <size>0x3c</size>
         <input_file_ref idref="fl-115"/>
      </object_component>
      <object_component id="oc-443">
         <name>.text:minsert</name>
         <load_address>0x20009ac4</load_address>
         <run_address>0x20009ac4</run_address>
         <size>0x3c</size>
         <input_file_ref idref="fl-d7"/>
      </object_component>
      <object_component id="oc-601">
         <name>.text:__TI_writemsg</name>
         <load_address>0x20009b00</load_address>
         <run_address>0x20009b00</run_address>
         <size>0x38</size>
         <input_file_ref idref="fl-106"/>
      </object_component>
      <object_component id="oc-437">
         <name>.text:minit</name>
         <load_address>0x20009b38</load_address>
         <run_address>0x20009b38</run_address>
         <size>0x38</size>
         <input_file_ref idref="fl-d7"/>
      </object_component>
      <object_component id="oc-130">
         <name>.text</name>
         <load_address>0x20009b70</load_address>
         <run_address>0x20009b70</run_address>
         <size>0x38</size>
         <input_file_ref idref="fl-d0"/>
      </object_component>
      <object_component id="oc-205">
         <name>.text</name>
         <load_address>0x20009ba8</load_address>
         <run_address>0x20009ba8</run_address>
         <size>0x38</size>
         <input_file_ref idref="fl-e4"/>
      </object_component>
      <object_component id="oc-126">
         <name>.text</name>
         <load_address>0x20009be0</load_address>
         <run_address>0x20009be0</run_address>
         <size>0x38</size>
         <input_file_ref idref="fl-d3"/>
      </object_component>
      <object_component id="oc-2b8">
         <name>.text:GPIODirModeSet</name>
         <load_address>0x20009c18</load_address>
         <run_address>0x20009c18</run_address>
         <size>0x36</size>
         <input_file_ref idref="fl-112"/>
      </object_component>
      <object_component id="oc-647">
         <name>.text:strncpy</name>
         <load_address>0x20009c4e</load_address>
         <run_address>0x20009c4e</run_address>
         <size>0x36</size>
         <input_file_ref idref="fl-10f"/>
      </object_component>
      <object_component id="oc-58c">
         <name>.text:__TI_cleanup</name>
         <load_address>0x20009c84</load_address>
         <run_address>0x20009c84</run_address>
         <size>0x34</size>
         <input_file_ref idref="fl-108"/>
      </object_component>
      <object_component id="oc-607">
         <name>.text:__TI_readmsg</name>
         <load_address>0x20009cb8</load_address>
         <run_address>0x20009cb8</run_address>
         <size>0x34</size>
         <input_file_ref idref="fl-106"/>
      </object_component>
      <object_component id="oc-ce">
         <name>.text</name>
         <load_address>0x20009cec</load_address>
         <run_address>0x20009cec</run_address>
         <size>0x34</size>
         <input_file_ref idref="fl-d1"/>
      </object_component>
      <object_component id="oc-2b2">
         <name>.text:PinTypeGPIO</name>
         <load_address>0x20009d20</load_address>
         <run_address>0x20009d20</run_address>
         <size>0x30</size>
         <input_file_ref idref="fl-114"/>
      </object_component>
      <object_component id="oc-40b">
         <name>.text:UARTDisable</name>
         <load_address>0x20009d50</load_address>
         <run_address>0x20009d50</run_address>
         <size>0x30</size>
         <input_file_ref idref="fl-118"/>
      </object_component>
      <object_component id="oc-419">
         <name>.text:_outs</name>
         <load_address>0x20009d80</load_address>
         <run_address>0x20009d80</run_address>
         <size>0x30</size>
         <input_file_ref idref="fl-dc"/>
      </object_component>
      <object_component id="oc-64d">
         <name>.text:finddevice</name>
         <load_address>0x20009db0</load_address>
         <run_address>0x20009db0</run_address>
         <size>0x30</size>
         <input_file_ref idref="fl-10c"/>
      </object_component>
      <object_component id="oc-de">
         <name>.text</name>
         <load_address>0x20009de0</load_address>
         <run_address>0x20009de0</run_address>
         <size>0x2e</size>
         <input_file_ref idref="fl-d2"/>
      </object_component>
      <object_component id="oc-28b">
         <name>.text:PRCMSysResetCauseGet</name>
         <load_address>0x20009e10</load_address>
         <run_address>0x20009e10</run_address>
         <size>0x2c</size>
         <input_file_ref idref="fl-115"/>
      </object_component>
      <object_component id="oc-5f6">
         <name>.text:unlink</name>
         <load_address>0x20009e3c</load_address>
         <run_address>0x20009e3c</run_address>
         <size>0x2c</size>
         <input_file_ref idref="fl-110"/>
      </object_component>
      <object_component id="oc-1de">
         <name>.text:TimerLoadSet</name>
         <load_address>0x20009e68</load_address>
         <run_address>0x20009e68</run_address>
         <size>0x2a</size>
         <input_file_ref idref="fl-117"/>
      </object_component>
      <object_component id="oc-1ba">
         <name>.text:TimerPrescaleSet</name>
         <load_address>0x20009e92</load_address>
         <run_address>0x20009e92</run_address>
         <size>0x2a</size>
         <input_file_ref idref="fl-117"/>
      </object_component>
      <object_component id="oc-29d">
         <name>.text:PRCMPeripheralClkDisable</name>
         <load_address>0x20009ebc</load_address>
         <run_address>0x20009ebc</run_address>
         <size>0x28</size>
         <input_file_ref idref="fl-115"/>
      </object_component>
      <object_component id="oc-58">
         <name>.text:_c_int00_noargs:_c_int00_noargs</name>
         <load_address>0x20009ee4</load_address>
         <run_address>0x20009ee4</run_address>
         <size>0x28</size>
         <input_file_ref idref="fl-dd"/>
      </object_component>
      <object_component id="oc-584">
         <name>.text:lseek</name>
         <load_address>0x20009f0c</load_address>
         <run_address>0x20009f0c</run_address>
         <size>0x28</size>
         <input_file_ref idref="fl-fd"/>
      </object_component>
      <object_component id="oc-43d">
         <name>.text:mremove</name>
         <load_address>0x20009f34</load_address>
         <run_address>0x20009f34</run_address>
         <size>0x28</size>
         <input_file_ref idref="fl-d7"/>
      </object_component>
      <object_component id="oc-502">
         <name>.text:write</name>
         <load_address>0x20009f5c</load_address>
         <run_address>0x20009f5c</run_address>
         <size>0x28</size>
         <input_file_ref idref="fl-f5"/>
      </object_component>
      <object_component id="oc-34a">
         <name>.text:IntUnregister</name>
         <load_address>0x20009f84</load_address>
         <run_address>0x20009f84</run_address>
         <size>0x24</size>
         <input_file_ref idref="fl-113"/>
      </object_component>
      <object_component id="oc-411">
         <name>.text:UARTEnable</name>
         <load_address>0x20009fa8</load_address>
         <run_address>0x20009fa8</run_address>
         <size>0x24</size>
         <input_file_ref idref="fl-118"/>
      </object_component>
      <object_component id="oc-2e7">
         <name>.text:memmove</name>
         <load_address>0x20009fcc</load_address>
         <run_address>0x20009fcc</run_address>
         <size>0x24</size>
         <input_file_ref idref="fl-d9"/>
      </object_component>
      <object_component id="oc-108">
         <name>.text:SPIReset</name>
         <load_address>0x20009ff0</load_address>
         <run_address>0x20009ff0</run_address>
         <size>0x22</size>
         <input_file_ref idref="fl-116"/>
      </object_component>
      <object_component id="oc-c8">
         <name>.text:GPIOPinWrite</name>
         <load_address>0x2000a012</load_address>
         <run_address>0x2000a012</run_address>
         <size>0x20</size>
         <input_file_ref idref="fl-112"/>
      </object_component>
      <object_component id="oc-335">
         <name>.text:IntRegister</name>
         <load_address>0x2000a034</load_address>
         <run_address>0x2000a034</run_address>
         <size>0x20</size>
         <input_file_ref idref="fl-113"/>
      </object_component>
      <object_component id="oc-4f6">
         <name>.text:memchr</name>
         <load_address>0x2000a054</load_address>
         <run_address>0x2000a054</run_address>
         <size>0x20</size>
         <input_file_ref idref="fl-f3"/>
      </object_component>
      <object_component id="oc-1ea">
         <name>.text:TimerDisable</name>
         <load_address>0x2000a074</load_address>
         <run_address>0x2000a074</run_address>
         <size>0x1e</size>
         <input_file_ref idref="fl-117"/>
      </object_component>
      <object_component id="oc-1e4">
         <name>.text:TimerEnable</name>
         <load_address>0x2000a092</load_address>
         <run_address>0x2000a092</run_address>
         <size>0x1e</size>
         <input_file_ref idref="fl-117"/>
      </object_component>
      <object_component id="oc-1d2">
         <name>.text:TimerIntStatus</name>
         <load_address>0x2000a0b0</load_address>
         <run_address>0x2000a0b0</run_address>
         <size>0x1e</size>
         <input_file_ref idref="fl-117"/>
      </object_component>
      <object_component id="oc-2c9">
         <name>.text:UARTCharPut</name>
         <load_address>0x2000a0ce</load_address>
         <run_address>0x2000a0ce</run_address>
         <size>0x1e</size>
         <input_file_ref idref="fl-118"/>
      </object_component>
      <object_component id="oc-1fc">
         <name>.text:TimerValueGet</name>
         <load_address>0x2000a0ec</load_address>
         <run_address>0x2000a0ec</run_address>
         <size>0x1c</size>
         <input_file_ref idref="fl-117"/>
      </object_component>
      <object_component id="oc-2db">
         <name>.text:UARTCharGetNonBlocking</name>
         <load_address>0x2000a108</load_address>
         <run_address>0x2000a108</run_address>
         <size>0x1c</size>
         <input_file_ref idref="fl-118"/>
      </object_component>
      <object_component id="oc-3aa">
         <name>.text:memccpy</name>
         <load_address>0x2000a124</load_address>
         <run_address>0x2000a124</run_address>
         <size>0x1c</size>
         <input_file_ref idref="fl-f2"/>
      </object_component>
      <object_component id="oc-2ac">
         <name>.text:PinTypeSPI</name>
         <load_address>0x2000a140</load_address>
         <run_address>0x2000a140</run_address>
         <size>0x1a</size>
         <input_file_ref idref="fl-114"/>
      </object_component>
      <object_component id="oc-2a6">
         <name>.text:PinTypeUART</name>
         <load_address>0x2000a15a</load_address>
         <run_address>0x2000a15a</run_address>
         <size>0x1a</size>
         <input_file_ref idref="fl-114"/>
      </object_component>
      <object_component id="oc-11a">
         <name>.text:SPIEnable</name>
         <load_address>0x2000a174</load_address>
         <run_address>0x2000a174</run_address>
         <size>0x18</size>
         <input_file_ref idref="fl-116"/>
      </object_component>
      <object_component id="oc-1f0">
         <name>.text:TimerIntDisable</name>
         <load_address>0x2000a18c</load_address>
         <run_address>0x2000a18c</run_address>
         <size>0x18</size>
         <input_file_ref idref="fl-117"/>
      </object_component>
      <object_component id="oc-1cc">
         <name>.text:TimerIntEnable</name>
         <load_address>0x2000a1a4</load_address>
         <run_address>0x2000a1a4</run_address>
         <size>0x18</size>
         <input_file_ref idref="fl-117"/>
      </object_component>
      <object_component id="oc-2d5">
         <name>.text:UARTCharsAvail</name>
         <load_address>0x2000a1bc</load_address>
         <run_address>0x2000a1bc</run_address>
         <size>0x18</size>
         <input_file_ref idref="fl-118"/>
      </object_component>
      <object_component id="oc-41f">
         <name>.text:_outc</name>
         <load_address>0x2000a1d4</load_address>
         <run_address>0x2000a1d4</run_address>
         <size>0x18</size>
         <input_file_ref idref="fl-dc"/>
      </object_component>
      <object_component id="oc-664">
         <name>.text:strcmp</name>
         <load_address>0x2000a1ec</load_address>
         <run_address>0x2000a1ec</run_address>
         <size>0x18</size>
         <input_file_ref idref="fl-10e"/>
      </object_component>
      <object_component id="oc-291">
         <name>.text:PRCMHIBRegRead</name>
         <load_address>0x2000a204</load_address>
         <run_address>0x2000a204</run_address>
         <size>0x16</size>
         <input_file_ref idref="fl-115"/>
      </object_component>
      <object_component id="oc-297">
         <name>.text:PRCMHIBRegWrite</name>
         <load_address>0x2000a21a</load_address>
         <run_address>0x2000a21a</run_address>
         <size>0x16</size>
         <input_file_ref idref="fl-115"/>
      </object_component>
      <object_component id="oc-4ca">
         <name>.text:strchr</name>
         <load_address>0x2000a230</load_address>
         <run_address>0x2000a230</run_address>
         <size>0x16</size>
         <input_file_ref idref="fl-f4"/>
      </object_component>
      <object_component id="oc-27b">
         <name>.text:CPUcpsie</name>
         <load_address>0x2000a246</load_address>
         <run_address>0x2000a246</run_address>
         <size>0x14</size>
         <input_file_ref idref="fl-11b"/>
      </object_component>
      <object_component id="oc-13b">
         <name>.text:IntVTableBaseSet</name>
         <load_address>0x2000a25c</load_address>
         <run_address>0x2000a25c</run_address>
         <size>0x14</size>
         <input_file_ref idref="fl-113"/>
      </object_component>
      <object_component id="oc-61b">
         <name>.text:strcpy</name>
         <load_address>0x2000a270</load_address>
         <run_address>0x2000a270</run_address>
         <size>0x14</size>
         <input_file_ref idref="fl-10a"/>
      </object_component>
      <object_component id="oc-2e1">
         <name>.text:strlen</name>
         <load_address>0x2000a284</load_address>
         <run_address>0x2000a284</run_address>
         <size>0x14</size>
         <input_file_ref idref="fl-db"/>
      </object_component>
      <object_component id="oc-1d8">
         <name>.text:TimerIntClear</name>
         <load_address>0x2000a298</load_address>
         <run_address>0x2000a298</run_address>
         <size>0x12</size>
         <input_file_ref idref="fl-117"/>
      </object_component>
      <object_component id="oc-46">
         <name>.text:decompress:ZI:__TI_zero_init_nomemset:__TI_zero_init_nomemset</name>
         <load_address>0x2000a2aa</load_address>
         <run_address>0x2000a2aa</run_address>
         <size>0x12</size>
         <input_file_ref idref="fl-d4"/>
      </object_component>
      <object_component id="oc-3b0">
         <name>.text:wcslen</name>
         <load_address>0x2000a2bc</load_address>
         <run_address>0x2000a2bc</run_address>
         <size>0x12</size>
         <input_file_ref idref="fl-f8"/>
      </object_component>
      <object_component id="oc-18">
         <name>.text:decompress:none:__TI_decompress_none</name>
         <load_address>0x2000a2ce</load_address>
         <run_address>0x2000a2ce</run_address>
         <size>0xe</size>
         <input_file_ref idref="fl-d5"/>
      </object_component>
      <object_component id="oc-26">
         <name>.text</name>
         <load_address>0x2000a2dc</load_address>
         <run_address>0x2000a2dc</run_address>
         <size>0xe</size>
         <input_file_ref idref="fl-5"/>
      </object_component>
      <object_component id="oc-141">
         <name>.text:IntMasterEnable</name>
         <load_address>0x2000a2ea</load_address>
         <run_address>0x2000a2ea</run_address>
         <size>0xa</size>
         <input_file_ref idref="fl-113"/>
      </object_component>
      <object_component id="oc-3b6">
         <name>.text:__aeabi_errno_addr</name>
         <load_address>0x2000a2f4</load_address>
         <run_address>0x2000a2f4</run_address>
         <size>0x8</size>
         <input_file_ref idref="fl-f6"/>
      </object_component>
      <object_component id="oc-482">
         <name>.text:copysign</name>
         <load_address>0x2000a2fc</load_address>
         <run_address>0x2000a2fc</run_address>
         <size>0x8</size>
         <input_file_ref idref="fl-e3"/>
      </object_component>
      <object_component id="oc-3f5">
         <name>.text:UtilsDelay</name>
         <load_address>0x2000a304</load_address>
         <run_address>0x2000a304</run_address>
         <size>0x6</size>
         <input_file_ref idref="fl-11a"/>
      </object_component>
      <object_component id="oc-26d">
         <name>.text:_outc</name>
         <load_address>0x2000a30a</load_address>
         <run_address>0x2000a30a</run_address>
         <size>0x4</size>
         <input_file_ref idref="fl-da"/>
      </object_component>
      <object_component id="oc-267">
         <name>.text:_outs</name>
         <load_address>0x2000a30e</load_address>
         <run_address>0x2000a30e</run_address>
         <size>0x4</size>
         <input_file_ref idref="fl-da"/>
      </object_component>
      <object_component id="oc-8e">
         <name>.text:_system_pre_init</name>
         <load_address>0x2000a312</load_address>
         <run_address>0x2000a312</run_address>
         <size>0x4</size>
         <input_file_ref idref="fl-e7"/>
      </object_component>
      <object_component id="oc-176">
         <name>.text:abort:abort</name>
         <load_address>0x2000a316</load_address>
         <run_address>0x2000a316</run_address>
         <size>0x4</size>
         <input_file_ref idref="fl-e9"/>
      </object_component>
      <object_component id="oc-36b">
         <name>.const:$O1$$</name>
         <load_address>0x2000a320</load_address>
         <run_address>0x2000a320</run_address>
         <size>0x158</size>
         <input_file_ref idref="fl-de"/>
      </object_component>
      <object_component id="oc-498">
         <name>.const:.string:_ctypes_</name>
         <load_address>0x2000a478</load_address>
         <run_address>0x2000a478</run_address>
         <size>0x101</size>
         <input_file_ref idref="fl-ed"/>
      </object_component>
      <object_component id="oc-50e">
         <name>.const:g_ulPinToPadMap</name>
         <load_address>0x2000a57c</load_address>
         <run_address>0x2000a57c</run_address>
         <size>0x100</size>
         <input_file_ref idref="fl-114"/>
      </object_component>
      <object_component id="oc-331">
         <name>.const:g_pulRegs</name>
         <load_address>0x2000a67c</load_address>
         <run_address>0x2000a67c</run_address>
         <size>0xd4</size>
         <input_file_ref idref="fl-113"/>
      </object_component>
      <object_component id="oc-2bf">
         <name>.const:PRCM_PeriphRegsList</name>
         <load_address>0x2000a750</load_address>
         <run_address>0x2000a750</run_address>
         <size>0xa8</size>
         <input_file_ref idref="fl-115"/>
      </object_component>
      <object_component id="oc-287">
         <name>.const</name>
         <load_address>0x2000a7f8</load_address>
         <run_address>0x2000a7f8</run_address>
         <size>0x80</size>
         <input_file_ref idref="fl-113"/>
      </object_component>
      <object_component id="oc-69c">
         <name>.cinit..data.load</name>
         <load_address>0x2000a878</load_address>
         <run_address>0x2000a878</run_address>
         <size>0x79</size>
      </object_component>
      <object_component id="oc-69a">
         <name>__TI_handler_table</name>
         <load_address>0x2000a8f4</load_address>
         <run_address>0x2000a8f4</run_address>
         <size>0xc</size>
      </object_component>
      <object_component id="oc-69d">
         <name>.cinit..bss.load</name>
         <load_address>0x2000a900</load_address>
         <run_address>0x2000a900</run_address>
         <size>0x8</size>
      </object_component>
      <object_component id="oc-69b">
         <name>__TI_cinit_table</name>
         <load_address>0x2000a908</load_address>
         <run_address>0x2000a908</run_address>
         <size>0x10</size>
      </object_component>
      <object_component id="oc-db">
         <name>.data</name>
         <load_address>0x200179e8</load_address>
         <run_address>0x200179e8</run_address>
         <size>0x8</size>
         <input_file_ref idref="fl-3"/>
      </object_component>
      <object_component id="oc-449">
         <name>.data:$O1$$</name>
         <load_address>0x200179d4</load_address>
         <run_address>0x200179d4</run_address>
         <size>0xc</size>
         <input_file_ref idref="fl-d7"/>
      </object_component>
      <object_component id="oc-261">
         <name>.data:$O1$$</name>
         <load_address>0x200179e0</load_address>
         <run_address>0x200179e0</run_address>
         <size>0x8</size>
         <input_file_ref idref="fl-d8"/>
      </object_component>
      <object_component id="oc-313">
         <name>.data:$O1$$</name>
         <load_address>0x200179c8</load_address>
         <run_address>0x200179c8</run_address>
         <size>0xc</size>
         <input_file_ref idref="fl-e9"/>
      </object_component>
      <object_component id="oc-264">
         <name>.data:_ftable</name>
         <load_address>0x20017800</load_address>
         <run_address>0x20017800</run_address>
         <size>0xf0</size>
         <input_file_ref idref="fl-ee"/>
      </object_component>
      <object_component id="oc-5bc">
         <name>.data</name>
         <load_address>0x200179b8</load_address>
         <run_address>0x200179b8</run_address>
         <size>0x10</size>
         <input_file_ref idref="fl-ee"/>
      </object_component>
      <object_component id="oc-59f">
         <name>.data:_device</name>
         <load_address>0x200178f0</load_address>
         <run_address>0x200178f0</run_address>
         <size>0x78</size>
         <input_file_ref idref="fl-f5"/>
      </object_component>
      <object_component id="oc-56f">
         <name>.data:_stream</name>
         <load_address>0x20017968</load_address>
         <run_address>0x20017968</run_address>
         <size>0x50</size>
         <input_file_ref idref="fl-f5"/>
      </object_component>
      <object_component id="oc-4da">
         <name>.data</name>
         <load_address>0x200179f0</load_address>
         <run_address>0x200179f0</run_address>
         <size>0x4</size>
         <input_file_ref idref="fl-f6"/>
      </object_component>
      <object_component id="oc-153">
         <name>.bss:g_ucRxBuff</name>
         <uninitialized>true</uninitialized>
         <run_address>0x20017bc8</run_address>
         <size>0x4</size>
         <input_file_ref idref="fl-3"/>
      </object_component>
      <object_component id="oc-d8">
         <name>.bss</name>
         <uninitialized>true</uninitialized>
         <run_address>0x20017bb4</run_address>
         <size>0xc</size>
         <input_file_ref idref="fl-3"/>
      </object_component>
      <object_component id="oc-2ff">
         <name>.bss</name>
         <uninitialized>true</uninitialized>
         <run_address>0x20017bcc</run_address>
         <size>0x4</size>
         <input_file_ref idref="fl-7"/>
      </object_component>
      <object_component id="oc-62f">
         <name>.bss:_CIOBUF_</name>
         <uninitialized>true</uninitialized>
         <run_address>0x200179f4</run_address>
         <size>0x120</size>
         <input_file_ref idref="fl-106"/>
      </object_component>
      <object_component id="oc-5fc">
         <name>.common:__TI_tmpnams</name>
         <uninitialized>true</uninitialized>
         <run_address>0x20017b14</run_address>
         <size>0xa0</size>
      </object_component>
      <object_component id="oc-60d">
         <name>.common:parmbuf</name>
         <uninitialized>true</uninitialized>
         <run_address>0x20017bc0</run_address>
         <size>0x8</size>
      </object_component>
      <object_component id="oc-20">
         <name>.sysmem</name>
         <uninitialized>true</uninitialized>
         <run_address>0x20017000</run_address>
         <size>0x8</size>
         <input_file_ref idref="fl-d7"/>
      </object_component>
      <object_component id="oc-69f">
         <name>.sysmem</name>
         <uninitialized>true</uninitialized>
         <run_address>0x20017000</run_address>
         <size>0x0</size>
      </object_component>
      <object_component id="oc-23">
         <name>.stack</name>
         <uninitialized>true</uninitialized>
         <run_address>0x2002f800</run_address>
         <size>0x4</size>
         <input_file_ref idref="fl-dd"/>
      </object_component>
      <object_component id="oc-69e">
         <name>.stack</name>
         <uninitialized>true</uninitialized>
         <run_address>0x2002f800</run_address>
         <size>0x0</size>
      </object_component>
      <object_component id="oc-45a">
         <name>.debug_info</name>
         <load_address>0x0</load_address>
         <run_address>0x0</run_address>
         <size>0x35d</size>
         <input_file_ref idref="fl-2"/>
      </object_component>
      <object_component id="oc-30d">
         <name>.debug_info</name>
         <load_address>0x35d</load_address>
         <run_address>0x35d</run_address>
         <size>0x26b</size>
         <input_file_ref idref="fl-2"/>
      </object_component>
      <object_component id="oc-455">
         <name>.debug_info</name>
         <load_address>0x5c8</load_address>
         <run_address>0x5c8</run_address>
         <size>0x62</size>
         <input_file_ref idref="fl-2"/>
      </object_component>
      <object_component id="oc-35">
         <name>.debug_info</name>
         <load_address>0x62a</load_address>
         <run_address>0x62a</run_address>
         <size>0x84</size>
         <input_file_ref idref="fl-2"/>
      </object_component>
      <object_component id="oc-3eb">
         <name>.debug_info</name>
         <load_address>0x6ae</load_address>
         <run_address>0x6ae</run_address>
         <size>0x297</size>
         <input_file_ref idref="fl-2"/>
      </object_component>
      <object_component id="oc-282">
         <name>.debug_info</name>
         <load_address>0x945</load_address>
         <run_address>0x945</run_address>
         <size>0x2c</size>
         <input_file_ref idref="fl-2"/>
      </object_component>
      <object_component id="oc-275">
         <name>.debug_info</name>
         <load_address>0x971</load_address>
         <run_address>0x971</run_address>
         <size>0x2c</size>
         <input_file_ref idref="fl-2"/>
      </object_component>
      <object_component id="oc-16f">
         <name>.debug_info</name>
         <load_address>0x99d</load_address>
         <run_address>0x99d</run_address>
         <size>0x639</size>
         <input_file_ref idref="fl-3"/>
      </object_component>
      <object_component id="oc-154">
         <name>.debug_info</name>
         <load_address>0xfd6</load_address>
         <run_address>0xfd6</run_address>
         <size>0xd7</size>
         <input_file_ref idref="fl-3"/>
      </object_component>
      <object_component id="oc-d9">
         <name>.debug_info</name>
         <load_address>0x10ad</load_address>
         <run_address>0x10ad</run_address>
         <size>0x169</size>
         <input_file_ref idref="fl-3"/>
      </object_component>
      <object_component id="oc-dc">
         <name>.debug_info</name>
         <load_address>0x1216</load_address>
         <run_address>0x1216</run_address>
         <size>0xe7</size>
         <input_file_ref idref="fl-3"/>
      </object_component>
      <object_component id="oc-95">
         <name>.debug_info</name>
         <load_address>0x12fd</load_address>
         <run_address>0x12fd</run_address>
         <size>0xb67</size>
         <input_file_ref idref="fl-3"/>
      </object_component>
      <object_component id="oc-171">
         <name>.debug_info</name>
         <load_address>0x1e64</load_address>
         <run_address>0x1e64</run_address>
         <size>0x6b</size>
         <input_file_ref idref="fl-3"/>
      </object_component>
      <object_component id="oc-b9">
         <name>.debug_info</name>
         <load_address>0x1ecf</load_address>
         <run_address>0x1ecf</run_address>
         <size>0x2c</size>
         <input_file_ref idref="fl-3"/>
      </object_component>
      <object_component id="oc-158">
         <name>.debug_info</name>
         <load_address>0x1efb</load_address>
         <run_address>0x1efb</run_address>
         <size>0x312</size>
         <input_file_ref idref="fl-4"/>
      </object_component>
      <object_component id="oc-2e">
         <name>.debug_info</name>
         <load_address>0x220d</load_address>
         <run_address>0x220d</run_address>
         <size>0x191</size>
         <input_file_ref idref="fl-5"/>
      </object_component>
      <object_component id="oc-10">
         <name>.debug_info</name>
         <load_address>0x239e</load_address>
         <run_address>0x239e</run_address>
         <size>0x110</size>
         <input_file_ref idref="fl-5"/>
      </object_component>
      <object_component id="oc-28">
         <name>.debug_info</name>
         <load_address>0x24ae</load_address>
         <run_address>0x24ae</run_address>
         <size>0x431</size>
         <input_file_ref idref="fl-5"/>
      </object_component>
      <object_component id="oc-203">
         <name>.debug_info</name>
         <load_address>0x28df</load_address>
         <run_address>0x28df</run_address>
         <size>0x483</size>
         <input_file_ref idref="fl-6"/>
      </object_component>
      <object_component id="oc-c5">
         <name>.debug_info</name>
         <load_address>0x2d62</load_address>
         <run_address>0x2d62</run_address>
         <size>0xd5d</size>
         <input_file_ref idref="fl-6"/>
      </object_component>
      <object_component id="oc-303">
         <name>.debug_info</name>
         <load_address>0x3abf</load_address>
         <run_address>0x3abf</run_address>
         <size>0x3d6</size>
         <input_file_ref idref="fl-7"/>
      </object_component>
      <object_component id="oc-300">
         <name>.debug_info</name>
         <load_address>0x3e95</load_address>
         <run_address>0x3e95</run_address>
         <size>0x107</size>
         <input_file_ref idref="fl-7"/>
      </object_component>
      <object_component id="oc-165">
         <name>.debug_info</name>
         <load_address>0x3f9c</load_address>
         <run_address>0x3f9c</run_address>
         <size>0x8e3</size>
         <input_file_ref idref="fl-7"/>
      </object_component>
      <object_component id="oc-304">
         <name>.debug_info</name>
         <load_address>0x487f</load_address>
         <run_address>0x487f</run_address>
         <size>0x110</size>
         <input_file_ref idref="fl-7"/>
      </object_component>
      <object_component id="oc-235">
         <name>.debug_info</name>
         <load_address>0x498f</load_address>
         <run_address>0x498f</run_address>
         <size>0x25d</size>
         <input_file_ref idref="fl-c3"/>
      </object_component>
      <object_component id="oc-ef">
         <name>.debug_info</name>
         <load_address>0x4bec</load_address>
         <run_address>0x4bec</run_address>
         <size>0x78e</size>
         <input_file_ref idref="fl-c3"/>
      </object_component>
      <object_component id="oc-37a">
         <name>.debug_info</name>
         <load_address>0x537a</load_address>
         <run_address>0x537a</run_address>
         <size>0x46</size>
         <input_file_ref idref="fl-c3"/>
      </object_component>
      <object_component id="oc-236">
         <name>.debug_info</name>
         <load_address>0x53c0</load_address>
         <run_address>0x53c0</run_address>
         <size>0x39</size>
         <input_file_ref idref="fl-c3"/>
      </object_component>
      <object_component id="oc-23d">
         <name>.debug_info</name>
         <load_address>0x53f9</load_address>
         <run_address>0x53f9</run_address>
         <size>0x25d</size>
         <input_file_ref idref="fl-c4"/>
      </object_component>
      <object_component id="oc-f9">
         <name>.debug_info</name>
         <load_address>0x5656</load_address>
         <run_address>0x5656</run_address>
         <size>0x7a2</size>
         <input_file_ref idref="fl-c4"/>
      </object_component>
      <object_component id="oc-89">
         <name>.debug_info</name>
         <load_address>0x5df8</load_address>
         <run_address>0x5df8</run_address>
         <size>0x13f</size>
         <input_file_ref idref="fl-c5"/>
      </object_component>
      <object_component id="oc-220">
         <name>.debug_info</name>
         <load_address>0x5f37</load_address>
         <run_address>0x5f37</run_address>
         <size>0x144</size>
         <input_file_ref idref="fl-c6"/>
      </object_component>
      <object_component id="oc-224">
         <name>.debug_info</name>
         <load_address>0x607b</load_address>
         <run_address>0x607b</run_address>
         <size>0x120</size>
         <input_file_ref idref="fl-c7"/>
      </object_component>
      <object_component id="oc-367">
         <name>.debug_info</name>
         <load_address>0x619b</load_address>
         <run_address>0x619b</run_address>
         <size>0x122</size>
         <input_file_ref idref="fl-c7"/>
      </object_component>
      <object_component id="oc-eb">
         <name>.debug_info</name>
         <load_address>0x62bd</load_address>
         <run_address>0x62bd</run_address>
         <size>0x132</size>
         <input_file_ref idref="fl-c8"/>
      </object_component>
      <object_component id="oc-e4">
         <name>.debug_info</name>
         <load_address>0x63ef</load_address>
         <run_address>0x63ef</run_address>
         <size>0x132</size>
         <input_file_ref idref="fl-c9"/>
      </object_component>
      <object_component id="oc-214">
         <name>.debug_info</name>
         <load_address>0x6521</load_address>
         <run_address>0x6521</run_address>
         <size>0x126</size>
         <input_file_ref idref="fl-ca"/>
      </object_component>
      <object_component id="oc-f4">
         <name>.debug_info</name>
         <load_address>0x6647</load_address>
         <run_address>0x6647</run_address>
         <size>0x136</size>
[...]
      </symbol>
      <symbol id="sm-516">
         <name>__kernel_cos</name>
         <value>0x20007591</value>
         <object_component_ref idref="oc-218"/>
      </symbol>
      <symbol id="sm-52d">
         <name>__kernel_sin</name>
         <value>0x20007429</value>
         <object_component_ref idref="oc-22e"/>
      </symbol>
      <symbol id="sm-54a">
         <name>floorl</name>
         <value>0x20007ea5</value>
         <object_component_ref idref="oc-360"/>
      </symbol>
      <symbol id="sm-54b">
         <name>floor</name>
         <value>0x20007ea5</value>
         <object_component_ref idref="oc-360"/>
      </symbol>
      <symbol id="sm-569">
         <name>scalbn</name>
         <value>0x20008305</value>
         <object_component_ref idref="oc-35a"/>
      </symbol>
      <symbol id="sm-56a">
         <name>scalbnl</name>
         <value>0x20008305</value>
         <object_component_ref idref="oc-35a"/>
      </symbol>
      <symbol id="sm-56b">
         <name>ldexpl</name>
         <value>0x20008305</value>
         <object_component_ref idref="oc-35a"/>
      </symbol>
      <symbol id="sm-56c">
         <name>ldexp</name>
         <value>0x20008305</value>
         <object_component_ref idref="oc-35a"/>
      </symbol>
      <symbol id="sm-576">
         <name>copysign</name>
         <value>0x2000a2fd</value>
         <object_component_ref idref="oc-482"/>
      </symbol>
      <symbol id="sm-577">
         <name>copysignl</name>
         <value>0x2000a2fd</value>
         <object_component_ref idref="oc-482"/>
      </symbol>
      <symbol id="sm-581">
         <name>__aeabi_f2iz</name>
         <value>0x20009ba9</value>
         <object_component_ref idref="oc-205"/>
      </symbol>
      <symbol id="sm-59c">
         <name>memcpy</name>
         <value>0x20008801</value>
         <object_component_ref idref="oc-3a"/>
      </symbol>
      <symbol id="sm-59d">
         <name>__aeabi_memcpy</name>
         <value>0x20008801</value>
         <object_component_ref idref="oc-3a"/>
      </symbol>
      <symbol id="sm-59e">
         <name>__aeabi_memcpy8</name>
         <value>0x20008801</value>
         <object_component_ref idref="oc-3a"/>
      </symbol>
      <symbol id="sm-59f">
         <name>__aeabi_memcpy4</name>
         <value>0x20008801</value>
         <object_component_ref idref="oc-3a"/>
      </symbol>
      <symbol id="sm-5c7">
         <name>__TI_auto_init_nobinit_nopinit</name>
         <value>0x20009941</value>
         <object_component_ref idref="oc-182"/>
      </symbol>
      <symbol id="sm-5d1">
         <name>_system_pre_init</name>
         <value>0x2000a313</value>
         <object_component_ref idref="oc-8e"/>
      </symbol>
      <symbol id="sm-5f8">
         <name>C$$EXIT</name>
         <value>0x2000a317</value>
         <object_component_ref idref="oc-176"/>
      </symbol>
      <symbol id="sm-5f9">
         <name>abort</name>
         <value>0x2000a317</value>
         <object_component_ref idref="oc-176"/>
      </symbol>
      <symbol id="sm-5fa">
         <name>__TI_dtors_ptr</name>
         <value>0x200179cc</value>
         <object_component_ref idref="oc-313"/>
      </symbol>
      <symbol id="sm-5fb">
         <name>__TI_cleanup_ptr</name>
         <value>0x200179c8</value>
         <object_component_ref idref="oc-313"/>
      </symbol>
      <symbol id="sm-5fc">
         <name>__TI_enable_exit_profile_output</name>
         <value>0x200179d0</value>
         <object_component_ref idref="oc-313"/>
      </symbol>
      <symbol id="sm-5fd">
         <name>exit</name>
         <value>0x200097e5</value>
         <object_component_ref idref="oc-17c"/>
      </symbol>
      <symbol id="sm-762">
         <name>__TI_printfi</name>
         <value>0x20004401</value>
         <object_component_ref idref="oc-25b"/>
      </symbol>
      <symbol id="sm-779">
         <name>atoi</name>
         <value>0x20009799</value>
         <object_component_ref idref="oc-386"/>
      </symbol>
      <symbol id="sm-784">
         <name>_ctypes_</name>
         <value>0x2000a478</value>
         <object_component_ref idref="oc-498"/>
      </symbol>
      <symbol id="sm-799">
         <name>__TI_tmpnams</name>
         <value>0x20017b14</value>
      </symbol>
      <symbol id="sm-79a">
         <name>__aeabi_stdout</name>
         <value>0x200179c0</value>
         <object_component_ref idref="oc-5bc"/>
      </symbol>
      <symbol id="sm-79b">
         <name>__aeabi_stderr</name>
         <value>0x200179c4</value>
         <object_component_ref idref="oc-5bc"/>
      </symbol>
      <symbol id="sm-79c">
         <name>__aeabi_stdin</name>
         <value>0x200179bc</value>
         <object_component_ref idref="oc-5bc"/>
      </symbol>
      <symbol id="sm-79d">
         <name>_ftable</name>
         <value>0x20017800</value>
         <object_component_ref idref="oc-264"/>
      </symbol>
      <symbol id="sm-79e">
         <name>__TI_ft_end</name>
         <value>0x200179b8</value>
         <object_component_ref idref="oc-5bc"/>
      </symbol>
      <symbol id="sm-7b3">
         <name>putc</name>
         <value>0x20008a5d</value>
         <object_component_ref idref="oc-3dd"/>
      </symbol>
      <symbol id="sm-7b4">
         <name>fputc</name>
         <value>0x20008a5d</value>
         <object_component_ref idref="oc-3dd"/>
      </symbol>
      <symbol id="sm-7d2">
         <name>fputs</name>
         <value>0x20007a85</value>
         <object_component_ref idref="oc-3d6"/>
      </symbol>
      <symbol id="sm-7e1">
         <name>ltoa</name>
         <value>0x200096a5</value>
         <object_component_ref idref="oc-4a3"/>
      </symbol>
      <symbol id="sm-7f1">
         <name>memccpy</name>
         <value>0x2000a125</value>
         <object_component_ref idref="oc-3aa"/>
      </symbol>
      <symbol id="sm-801">
         <name>memchr</name>
         <value>0x2000a055</value>
         <object_component_ref idref="oc-4f6"/>
      </symbol>
      <symbol id="sm-811">
         <name>strchr</name>
         <value>0x2000a231</value>
         <object_component_ref idref="oc-4ca"/>
      </symbol>
      <symbol id="sm-837">
         <name>_stream</name>
         <value>0x20017968</value>
         <object_component_ref idref="oc-56f"/>
      </symbol>
      <symbol id="sm-838">
         <name>_device</name>
         <value>0x200178f0</value>
         <object_component_ref idref="oc-59f"/>
      </symbol>
      <symbol id="sm-839">
         <name>write</name>
         <value>0x20009f5d</value>
         <object_component_ref idref="oc-502"/>
      </symbol>
      <symbol id="sm-84f">
         <name>__aeabi_errno_addr</name>
         <value>0x2000a2f5</value>
         <object_component_ref idref="oc-3b6"/>
      </symbol>
      <symbol id="sm-850">
         <name>errno</name>
         <value>0x200179f0</value>
         <object_component_ref idref="oc-4da"/>
      </symbol>
      <symbol id="sm-866">
         <name>frexpl</name>
         <value>0x20009495</value>
         <object_component_ref idref="oc-4c4"/>
      </symbol>
      <symbol id="sm-867">
         <name>frexp</name>
         <value>0x20009495</value>
         <object_component_ref idref="oc-4c4"/>
      </symbol>
      <symbol id="sm-880">
         <name>wcslen</name>
         <value>0x2000a2bd</value>
         <object_component_ref idref="oc-3b0"/>
      </symbol>
      <symbol id="sm-88d">
         <name>__aeabi_uldivmod</name>
         <value>0x2000889d</value>
         <object_component_ref idref="oc-49d"/>
      </symbol>
      <symbol id="sm-8a5">
         <name>__TI_wrt_ok</name>
         <value>0x20009315</value>
         <object_component_ref idref="oc-4f0"/>
      </symbol>
      <symbol id="sm-8b5">
         <name>__TI_doflush</name>
         <value>0x2000974b</value>
         <object_component_ref idref="oc-4fc"/>
      </symbol>
      <symbol id="sm-8c7">
         <name>fseek</name>
         <value>0x200092b1</value>
         <object_component_ref idref="oc-55d"/>
      </symbol>
      <symbol id="sm-8d7">
         <name>lseek</name>
         <value>0x20009f0d</value>
         <object_component_ref idref="oc-584"/>
      </symbol>
      <symbol id="sm-8f3">
         <name>setvbuf</name>
         <value>0x20008081</value>
         <object_component_ref idref="oc-563"/>
      </symbol>
      <symbol id="sm-904">
         <name>HOSTclose</name>
         <value>0x20009875</value>
         <object_component_ref idref="oc-5c8"/>
      </symbol>
      <symbol id="sm-915">
         <name>HOSTlseek</name>
         <value>0x200090a9</value>
         <object_component_ref idref="oc-5da"/>
      </symbol>
      <symbol id="sm-927">
         <name>parmbuf</name>
         <value>0x20017bc0</value>
      </symbol>
      <symbol id="sm-928">
         <name>HOSTopen</name>
         <value>0x20009379</value>
         <object_component_ref idref="oc-5c2"/>
      </symbol>
      <symbol id="sm-939">
         <name>HOSTread</name>
         <value>0x200094f1</value>
         <object_component_ref idref="oc-5ce"/>
      </symbol>
      <symbol id="sm-94a">
         <name>HOSTrename</name>
         <value>0x20009111</value>
         <object_component_ref idref="oc-5e6"/>
      </symbol>
      <symbol id="sm-95b">
         <name>HOSTunlink</name>
         <value>0x200098b9</value>
         <object_component_ref idref="oc-5e0"/>
      </symbol>
      <symbol id="sm-96c">
         <name>HOSTwrite</name>
         <value>0x20009549</value>
         <object_component_ref idref="oc-5d4"/>
      </symbol>
      <symbol id="sm-990">
         <name>__TI_readmsg</name>
         <value>0x20009cb9</value>
         <object_component_ref idref="oc-607"/>
      </symbol>
      <symbol id="sm-991">
         <name>C$$IO$$</name>
         <value>0x20009b2f</value>
         <object_component_ref idref="oc-601"/>
      </symbol>
      <symbol id="sm-992">
         <name>__CIOBUF_</name>
         <value>0x200179f4</value>
         <object_component_ref idref="oc-62f"/>
      </symbol>
      <symbol id="sm-993">
         <name>__TI_writemsg</name>
         <value>0x20009b01</value>
         <object_component_ref idref="oc-601"/>
      </symbol>
      <symbol id="sm-99d">
         <name>__aeabi_idiv0</name>
         <value>0x20007963</value>
         <object_component_ref idref="oc-53b"/>
      </symbol>
      <symbol id="sm-99e">
         <name>__aeabi_ldiv0</name>
         <value>0x20007963</value>
         <object_component_ref idref="oc-53b"/>
      </symbol>
      <symbol id="sm-9ae">
         <name>__TI_cleanup</name>
         <value>0x20009c85</value>
         <object_component_ref idref="oc-58c"/>
      </symbol>
      <symbol id="sm-9bd">
         <name>strcpy</name>
         <value>0x2000a271</value>
         <object_component_ref idref="oc-61b"/>
      </symbol>
      <symbol id="sm-9d2">
         <name>__TI_closefile</name>
         <value>0x20008ee9</value>
         <object_component_ref idref="oc-5b6"/>
      </symbol>
      <symbol id="sm-9f5">
         <name>finddevice</name>
         <value>0x20009db1</value>
         <object_component_ref idref="oc-64d"/>
      </symbol>
      <symbol id="sm-9f6">
         <name>getdevice</name>
         <value>0x20009985</value>
         <object_component_ref idref="oc-625"/>
      </symbol>
      <symbol id="sm-a06">
         <name>strcmp</name>
         <value>0x2000a1ed</value>
         <object_component_ref idref="oc-664"/>
      </symbol>
      <symbol id="sm-a16">
         <name>strncpy</name>
         <value>0x20009c4f</value>
         <object_component_ref idref="oc-647"/>
      </symbol>
      <symbol id="sm-a26">
         <name>unlink</name>
         <value>0x20009e3d</value>
         <object_component_ref idref="oc-5f6"/>
      </symbol>
      <symbol id="sm-a3a">
         <name>close</name>
         <value>0x20009439</value>
         <object_component_ref idref="oc-5f0"/>
      </symbol>
      <symbol id="sm-a4e">
         <name>GPIODirModeSet</name>
         <value>0x20009c19</value>
         <object_component_ref idref="oc-2b8"/>
      </symbol>
      <symbol id="sm-a4f">
         <name>GPIOPinWrite</name>
         <value>0x2000a013</value>
         <object_component_ref idref="oc-c8"/>
      </symbol>
      <symbol id="sm-ac7">
         <name>IntPrioritySet</name>
         <value>0x20009651</value>
         <object_component_ref idref="oc-1c0"/>
      </symbol>
      <symbol id="sm-ac8">
         <name>IntVTableBaseSet</name>
         <value>0x2000a25d</value>
         <object_component_ref idref="oc-13b"/>
      </symbol>
      <symbol id="sm-ac9">
         <name>IntEnable</name>
         <value>0x200086b9</value>
         <object_component_ref idref="oc-147"/>
      </symbol>
      <symbol id="sm-aca">
         <name>IntDisable</name>
         <value>0x20008611</value>
         <object_component_ref idref="oc-344"/>
      </symbol>
      <symbol id="sm-acb">
         <name>IntRegister</name>
         <value>0x2000a035</value>
         <object_component_ref idref="oc-335"/>
      </symbol>
      <symbol id="sm-acc">
         <name>IntUnregister</name>
         <value>0x20009f85</value>
         <object_component_ref idref="oc-34a"/>
      </symbol>
      <symbol id="sm-acd">
         <name>IntMasterEnable</name>
         <value>0x2000a2eb</value>
         <object_component_ref idref="oc-141"/>
      </symbol>
      <symbol id="sm-b0c">
         <name>PinTypeUART</name>
         <value>0x2000a15b</value>
         <object_component_ref idref="oc-2a6"/>
      </symbol>
      <symbol id="sm-b0d">
         <name>PinTypeGPIO</name>
         <value>0x20009d21</value>
         <object_component_ref idref="oc-2b2"/>
      </symbol>
      <symbol id="sm-b0e">
         <name>PinConfigSet</name>
         <value>0x20008ae9</value>
         <object_component_ref idref="oc-3ff"/>
      </symbol>
      <symbol id="sm-b0f">
         <name>PinTypeSPI</name>
         <value>0x2000a141</value>
         <object_component_ref idref="oc-2ac"/>
      </symbol>
      <symbol id="sm-b10">
         <name>PinModeSet</name>
         <value>0x200099c9</value>
         <object_component_ref idref="oc-3f9"/>
      </symbol>
      <symbol id="sm-b96">
         <name>PRCMPeripheralReset</name>
         <value>0x200095a1</value>
         <object_component_ref idref="oc-168"/>
      </symbol>
      <symbol id="sm-b97">
         <name>PRCMPeripheralClkEnable</name>
         <value>0x20009a89</value>
         <object_component_ref idref="oc-15c"/>
      </symbol>
      <symbol id="sm-b98">
         <name>PRCMPeripheralClockGet</name>
         <value>0x20008935</value>
         <object_component_ref idref="oc-10e"/>
      </symbol>
      <symbol id="sm-b99">
         <name>PRCMCC3200MCUInit</name>
         <value>0x200072b1</value>
         <object_component_ref idref="oc-14d"/>
      </symbol>
      <symbol id="sm-b9a">
         <name>PRCMHIBRegWrite</name>
         <value>0x2000a21b</value>
         <object_component_ref idref="oc-297"/>
      </symbol>
      <symbol id="sm-b9b">
         <name>PRCMSysResetCauseGet</name>
         <value>0x20009e11</value>
         <object_component_ref idref="oc-28b"/>
      </symbol>
      <symbol id="sm-b9c">
         <name>PRCMPeripheralClkDisable</name>
         <value>0x20009ebd</value>
         <object_component_ref idref="oc-29d"/>
      </symbol>
      <symbol id="sm-b9d">
         <name>PRCMHIBRegRead</name>
         <value>0x2000a205</value>
         <object_component_ref idref="oc-291"/>
      </symbol>
      <symbol id="sm-c01">
         <name>SPITransfer</name>
         <value>0x20008b71</value>
         <object_component_ref idref="oc-120"/>
      </symbol>
      <symbol id="sm-c02">
         <name>SPIEnable</name>
         <value>0x2000a175</value>
         <object_component_ref idref="oc-11a"/>
      </symbol>
      <symbol id="sm-c03">
         <name>SPIConfigSetExpClk</name>
         <value>0x20008761</value>
         <object_component_ref idref="oc-114"/>
      </symbol>
      <symbol id="sm-c04">
         <name>SPIReset</name>
         <value>0x20009ff1</value>
         <object_component_ref idref="oc-108"/>
      </symbol>
      <symbol id="sm-c88">
         <name>TimerLoadSet</name>
         <value>0x20009e69</value>
         <object_component_ref idref="oc-1de"/>
      </symbol>
      <symbol id="sm-c89">
         <name>TimerDisable</name>
         <value>0x2000a075</value>
         <object_component_ref idref="oc-1ea"/>
      </symbol>
      <symbol id="sm-c8a">
         <name>TimerIntRegister</name>
         <value>0x20008f5d</value>
         <object_component_ref idref="oc-1c6"/>
      </symbol>
      <symbol id="sm-c8b">
         <name>TimerEnable</name>
         <value>0x2000a093</value>
         <object_component_ref idref="oc-1e4"/>
      </symbol>
      <symbol id="sm-c8c">
         <name>TimerIntUnregister</name>
         <value>0x20009179</value>
         <object_component_ref idref="oc-1f6"/>
      </symbol>
      <symbol id="sm-c8d">
         <name>TimerIntStatus</name>
         <value>0x2000a0b1</value>
         <object_component_ref idref="oc-1d2"/>
      </symbol>
      <symbol id="sm-c8e">
         <name>TimerIntDisable</name>
         <value>0x2000a18d</value>
         <object_component_ref idref="oc-1f0"/>
      </symbol>
      <symbol id="sm-c8f">
         <name>TimerValueGet</name>
         <value>0x2000a0ed</value>
         <object_component_ref idref="oc-1fc"/>
      </symbol>
      <symbol id="sm-c90">
         <name>TimerPrescaleSet</name>
         <value>0x20009e93</value>
         <object_component_ref idref="oc-1ba"/>
      </symbol>
      <symbol id="sm-c91">
         <name>TimerIntEnable</name>
         <value>0x2000a1a5</value>
         <object_component_ref idref="oc-1cc"/>
      </symbol>
      <symbol id="sm-c92">
         <name>TimerConfigure</name>
         <value>0x200098fd</value>
         <object_component_ref idref="oc-1b4"/>
      </symbol>
      <symbol id="sm-c93">
         <name>TimerIntClear</name>
         <value>0x2000a299</value>
         <object_component_ref idref="oc-1d8"/>
      </symbol>
      <symbol id="sm-ccf">
         <name>UARTConfigSetExpClk</name>
         <value>0x20008e71</value>
         <object_component_ref idref="oc-2c3"/>
      </symbol>
      <symbol id="sm-cd0">
         <name>UARTDisable</name>
         <value>0x20009d51</value>
         <object_component_ref idref="oc-40b"/>
      </symbol>
      <symbol id="sm-cd1">
         <name>UARTCharsAvail</name>
         <value>0x2000a1bd</value>
         <object_component_ref idref="oc-2d5"/>
      </symbol>
      <symbol id="sm-cd2">
         <name>UARTCharGetNonBlocking</name>
         <value>0x2000a109</value>
         <object_component_ref idref="oc-2db"/>
      </symbol>
      <symbol id="sm-cd3">
         <name>UARTCharPut</name>
         <value>0x2000a0cf</value>
         <object_component_ref idref="oc-2c9"/>
      </symbol>
      <symbol id="sm-cd4">
         <name>UARTEnable</name>
         <value>0x20009fa9</value>
         <object_component_ref idref="oc-411"/>
      </symbol>
      <symbol id="sm-cd9">
         <name>UtilsDelay</name>
         <value>0x2000a305</value>
         <object_component_ref idref="oc-3f5"/>
      </symbol>
      <symbol id="sm-ce3">
         <name>CPUcpsie</name>
         <value>0x2000a247</value>
         <object_component_ref idref="oc-27b"/>
      </symbol>
      <symbol id="sm-ce5">
         <name>__TI_static_base__</name>
         <value>0x2000a878</value>
      </symbol>
      <symbol id="sm-ce8">
         <name>__mpu_init</name>
         <value>0x0</value>
      </symbol>
      <symbol id="sm-ce9">
         <name>_system_post_cinit</name>
         <value>0x0</value>
      </symbol>
      <symbol id="sm-cea">
         <name>remove</name>
         <value>0x20009e3d</value>
      </symbol>
   </symbol_table>
   <title>Link successful</title>
</link_info>
