******************************************************************************
                  TI ARM Linker PC v18.1.3                     
******************************************************************************
>> Linked Fri Oct 26 19:35:02 2018

OUTPUT FILE NAME:   <spi_demo.out>
ENTRY POINT SYMBOL: "_c_int00_noargs"  address: 20007e69


MEMORY CONFIGURATION

         name            origin    length      used     unused   attr    fill
----------------------  --------  ---------  --------  --------  ----  --------
  SRAM_CODE             20004000   00013000  000045de  0000ea22  RW X
  SRAM_DATA             20017000   00019000  000013c2  00017c3e  RW X


SEGMENT ALLOCATION MAP

run origin  load origin   length   init length attrs members
----------  ----------- ---------- ----------- ----- -------
20004000    20004000    000045e0   000045e0    r-x
  20004000    20004000    00000400   00000400    r-- .intvecs
  20004400    20004400    00003dde   00003dde    r-x .text
  200081e0    200081e0    00000368   00000368    r-- .const
  20008548    20008548    00000098   00000098    r-- .cinit
20017000    20017000    00000bc2   00000000    rw-
  20017000    20017000    00000800   00000000    rw- .sysmem
  20017800    20017800    000001ec   00000000    rw- .data
  200179ec    200179ec    000001d6   00000000    rw- .bss
2002f800    2002f800    00000800   00000000    rw-
  2002f800    2002f800    00000800   00000000    rw- .stack


SECTION ALLOCATION MAP

 output                                  attributes/
section   page    origin      length       input sections
--------  ----  ----------  ----------   ----------------
.intvecs   0    20004000    00000400     
                  20004000    00000400     startup_ccs.obj (.intvecs)

.init_array 
*          0    20004000    00000000     UNINITIALIZED

.text      0    20004400    00003dde     
                  20004400    00000a4a     rtsv7M4_T_le_eabi.lib : _printfi.c.obj (.text:__TI_printfi)
                  20004e4a    00000002                           : _lock.c.obj (.text:_nop)
                  20004e4c    00000374     main.obj (.text)
                  200051c0    00000280     uart_if.obj (.text)
                  20005440    00000268     rtsv7M4_T_le_eabi.lib : _printfi.c.obj (.text:_pconv_a)
                  200056a8    000001cc                           : _printfi.c.obj (.text:_pconv_g)
                  20005874    000001b6                           : fd_add_t2.asm.obj (.text)
                  20005a2a    00000002                           : div0.asm.obj (.text)
                  20005a2c    00000178     driverlib.a : prcm.obj (.text:PRCMCC3200MCUInit)
                  20005ba4    0000013c     rtsv7M4_T_le_eabi.lib : _printfi.c.obj (.text:_pconv_e)
                  20005ce0    00000136                           : fd_div_t2.asm.obj (.text)
                  20005e16    00000002     --HOLE-- [fill = 0]
                  20005e18    00000120                           : _printfi.c.obj (.text:fcvt)
                  20005f38    00000114                           : fputs.c.obj (.text:fputs)
                  2000604c    00000114                           : memory.c.obj (.text:realloc)
                  20006160    000000fc                           : fd_mul_t2.asm.obj (.text)
                  2000625c    000000dc                           : setvbuf.c.obj (.text:setvbuf)
                  20006338    000000d8                           : memory.c.obj (.text:free)
                  20006410    000000d0     driverlib.a : spi.obj (.text:SPITransfer32)
                  200064e0    000000d0     rtsv7M4_T_le_eabi.lib : s_scalbn.c.obj (.text:scalbn)
                  200065b0    000000ce     driverlib.a : spi.obj (.text:SPITransfer16)
                  2000667e    000000b8                 : spi.obj (.text:SPITransfer8)
                  20006736    00000002     --HOLE-- [fill = 0]
                  20006738    000000b1     rtsv7M4_T_le_eabi.lib : _printfi.c.obj (.text:_ltostr)
                  200067e9    00000003     --HOLE-- [fill = 0]
                  200067ec    000000a8     driverlib.a : interrupt.obj (.text:IntEnable)
                  20006894    000000a0                 : spi.obj (.text:SPIConfigSetExpClk)
                  20006934    0000009c     rtsv7M4_T_le_eabi.lib : memcpy_t2.asm.obj (.text)
                  200069d0    00000096                           : ull_div_t2.asm.obj (.text)
                  20006a66    00000002     --HOLE-- [fill = 0]
                  20006a68    00000094     driverlib.a : prcm.obj (.text:PRCMPeripheralClockGet)
                  20006afc    0000008c     rtsv7M4_T_le_eabi.lib : fputc.c.obj (.text:fputc)
                  20006b88    00000088     driverlib.a : pin.obj (.text:PinConfigSet)
                  20006c10    00000088                 : spi.obj (.text:SPITransfer)
                  20006c98    00000086     rtsv7M4_T_le_eabi.lib : fd_cmp_t2.asm.obj (.text:__aeabi_cdcmple)
                  20006d1e    00000086                           : fd_cmp_t2.asm.obj (.text:__aeabi_cdrcmple)
                  20006da4    0000007c     driverlib.a : spi.obj (.text:SPIIntStatus)
                  20006e20    0000007c     rtsv7M4_T_le_eabi.lib : fflush.c.obj (.text:fflush)
                  20006e9c    0000007a                           : memset_t2.asm.obj (.text)
                  20006f16    00000002     --HOLE-- [fill = 0]
                  20006f18    00000078                           : memory.c.obj (.text:malloc)
                  20006f90    00000076     driverlib.a : uart.obj (.text:UARTConfigSetExpClk)
                  20007006    00000002     --HOLE-- [fill = 0]
                  20007008    00000074     rtsv7M4_T_le_eabi.lib : fclose.c.obj (.text:__TI_closefile)
                  2000707c    0000006e                           : _printfi.c.obj (.text:_mcpy)
                  200070ea    0000006e                           : fd_tos_t2.asm.obj (.text)
                  20007158    00000068                           : hostlseek.c.obj (.text:HOSTlseek)
                  200071c0    00000068                           : hostrename.c.obj (.text:HOSTrename)
                  20007228    00000068                           : copy_decompress_lzss.c.obj (.text:decompress:lzss:__TI_decompress_lzss)
                  20007290    00000068                           : printf.c.obj (.text:printf)
                  200072f8    00000064                           : fseek.c.obj (.text:fseek)
                  2000735c    00000062                           : _io_perm.c.obj (.text:__TI_wrt_ok)
                  200073be    00000002     --HOLE-- [fill = 0]
                  200073c0    00000060                           : hostopen.c.obj (.text:HOSTopen)
                  20007420    0000005c                           : close.c.obj (.text:close)
                  2000747c    0000005c                           : s_frexp.c.obj (.text:frexp)
                  200074d8    00000058                           : hostread.c.obj (.text:HOSTread)
                  20007530    00000058                           : hostwrite.c.obj (.text:HOSTwrite)
                  20007588    00000058     driverlib.a : prcm.obj (.text:PRCMPeripheralReset)
                  200075e0    00000056     rtsv7M4_T_le_eabi.lib : _printfi.c.obj (.text:_pconv_f)
                  20007636    00000054                           : ltoa.c.obj (.text:ltoa)
                  2000768a    00000052                           : _printfi.c.obj (.text:_ecpy)
                  200076dc    0000004c     driverlib.a : spi.obj (.text:SPIIntEnable)
                  20007728    0000004c                 : spi.obj (.text:SPIIntNumberGet)
                  20007774    0000004c     rtsv7M4_T_le_eabi.lib : fflush.c.obj (.text:__TI_doflush)
                  200077c0    0000004c                           : atoi.c.obj (.text:atoi)
                  2000780c    00000048     driverlib.a : spi.obj (.text:SPIIntClear)
                  20007854    00000048     rtsv7M4_T_le_eabi.lib : exit.c.obj (.text:exit)
                  2000789c    00000048                           : fd_toi_t2.asm.obj (.text)
                  200078e4    00000044                           : hostclose.c.obj (.text:HOSTclose)
                  20007928    00000044                           : hostunlink.c.obj (.text:HOSTunlink)
                  2000796c    00000044     driverlib.a : spi.obj (.text:SPIDmaMaskGet)
                  200079b0    00000044     rtsv7M4_T_le_eabi.lib : autoinit.c.obj (.text:__TI_auto_init_nobinit_nopinit:__TI_auto_init_nobinit_nopinit)
                  200079f4    00000044                           : getdevice.c.obj (.text:getdevice)
                  20007a38    00000044     pinmux.obj (.text)
                  20007a7c    00000040     driverlib.a : pin.obj (.text:PinModeSet)
                  20007abc    00000040     rtsv7M4_T_le_eabi.lib : vsnprintf.c.obj (.text:vsnprintf)
                  20007afc    0000003e                           : _printfi.c.obj (.text:_fcpy)
                  20007b3a    00000002     --HOLE-- [fill = 0]
                  20007b3c    0000003c     driverlib.a : prcm.obj (.text:PRCMPeripheralClkEnable)
                  20007b78    0000003c     rtsv7M4_T_le_eabi.lib : memory.c.obj (.text:minsert)
                  20007bb4    00000038                           : trgmsg.c.obj (.text:__TI_writemsg)
                  20007bec    00000038                           : memory.c.obj (.text:minit)
                  20007c24    00000038                           : fs_tod_t2.asm.obj (.text)
                  20007c5c    00000036                           : strncpy.c.obj (.text:strncpy)
                  20007c92    00000002     --HOLE-- [fill = 0]
                  20007c94    00000034                           : fopen.c.obj (.text:__TI_cleanup)
                  20007cc8    00000034                           : trgmsg.c.obj (.text:__TI_readmsg)
                  20007cfc    00000030     driverlib.a : uart.obj (.text:UARTDisable)
                  20007d2c    00000030     rtsv7M4_T_le_eabi.lib : vsnprintf.c.obj (.text:_outs)
                  20007d5c    00000030                           : getdevice.c.obj (.text:finddevice)
                  20007d8c    0000002e                           : i_tofd_t2.asm.obj (.text)
                  20007dba    00000002     --HOLE-- [fill = 0]
                  20007dbc    0000002c     driverlib.a : prcm.obj (.text:PRCMSysResetCauseGet)
                  20007de8    0000002c     rtsv7M4_T_le_eabi.lib : unlink.c.obj (.text:unlink)
                  20007e14    0000002a     driverlib.a : spi.obj (.text:SPIDataGetNonBlocking)
                  20007e3e    00000002     --HOLE-- [fill = 0]
                  20007e40    00000028                 : prcm.obj (.text:PRCMPeripheralClkDisable)
                  20007e68    00000028     rtsv7M4_T_le_eabi.lib : boot_cortex_m.c.obj (.text:_c_int00_noargs:_c_int00_noargs)
                  20007e90    00000028                           : lseek.c.obj (.text:lseek)
                  20007eb8    00000028                           : memory.c.obj (.text:mremove)
                  20007ee0    00000028                           : write.c.obj (.text:write)
                  20007f08    00000024     driverlib.a : uart.obj (.text:UARTEnable)
                  20007f2c    00000024     rtsv7M4_T_le_eabi.lib : memmov.c.obj (.text:memmove)
                  20007f50    00000022     driverlib.a : spi.obj (.text:SPIReset)
                  20007f72    00000002     --HOLE-- [fill = 0]
                  20007f74    00000020                 : interrupt.obj (.text:IntRegister)
                  20007f94    00000020     rtsv7M4_T_le_eabi.lib : memchr.c.obj (.text:memchr)
                  20007fb4    0000001e     driverlib.a : spi.obj (.text:SPIDataPut)
                  20007fd2    0000001e                 : spi.obj (.text:SPIIntRegister)
                  20007ff0    0000001e                 : uart.obj (.text:UARTCharPut)
                  2000800e    0000001c                 : uart.obj (.text:UARTCharGetNonBlocking)
                  2000802a    0000001c     rtsv7M4_T_le_eabi.lib : memccpy.c.obj (.text:memccpy)
                  20008046    0000001a     driverlib.a : pin.obj (.text:PinTypeSPI)
                  20008060    0000001a                 : pin.obj (.text:PinTypeUART)
                  2000807a    00000018                 : spi.obj (.text:SPIEnable)
                  20008092    00000018                 : uart.obj (.text:UARTCharsAvail)
                  200080aa    00000018     rtsv7M4_T_le_eabi.lib : vsnprintf.c.obj (.text:_outc)
                  200080c2    00000018                           : strcmp.c.obj (.text:strcmp)
                  200080da    00000016     driverlib.a : prcm.obj (.text:PRCMHIBRegRead)
                  200080f0    00000016                 : prcm.obj (.text:PRCMHIBRegWrite)
                  20008106    00000016     rtsv7M4_T_le_eabi.lib : strchr.c.obj (.text:strchr)
                  2000811c    00000014     driverlib.a : cpu.obj (.text:CPUcpsie)
                  20008130    00000014                 : interrupt.obj (.text:IntVTableBaseSet)
                  20008144    00000014     rtsv7M4_T_le_eabi.lib : strcpy.c.obj (.text:strcpy)
                  20008158    00000014                           : strlen.c.obj (.text:strlen)
                  2000816c    00000012                           : copy_zero_init.c.obj (.text:decompress:ZI:__TI_zero_init_nomemset:__TI_zero_init_nomemset)
                  2000817e    00000012                           : wcslen.c.obj (.text:wcslen)
                  20008190    0000000e                           : copy_decompress_none.c.obj (.text:decompress:none:__TI_decompress_none)
                  2000819e    0000000e     startup_ccs.obj (.text)
                  200081ac    0000000a     driverlib.a : interrupt.obj (.text:IntMasterEnable)
                  200081b6    00000002     --HOLE-- [fill = 0]
                  200081b8    00000008     rtsv7M4_T_le_eabi.lib : errno.c.obj (.text:__aeabi_errno_addr)
                  200081c0    00000008                           : s_copysign.c.obj (.text:copysign)
                  200081c8    00000006     driverlib.a : utils.obj (.text:UtilsDelay)
                  200081ce    00000004     rtsv7M4_T_le_eabi.lib : printf.c.obj (.text:_outc)
                  200081d2    00000004                           : printf.c.obj (.text:_outs)
                  200081d6    00000004                           : pre_init.c.obj (.text:_system_pre_init)
                  200081da    00000004                           : exit.c.obj (.text:abort:abort)

.const     0    200081e0    00000368     
                  200081e0    00000101     rtsv7M4_T_le_eabi.lib : ctype.c.obj (.const:.string:_ctypes_)
                  200082e1    00000003     --HOLE-- [fill = 0]
                  200082e4    00000100     driverlib.a : pin.obj (.const:g_ulPinToPadMap)
                  200083e4    000000a8                 : prcm.obj (.const:PRCM_PeriphRegsList)
                  2000848c    00000080                 : interrupt.obj (.const)
                  2000850c    00000024                 : spi.obj (.const:g_ppulSPIIntMap)
                  20008530    00000018                 : spi.obj (.const)

.cinit     0    20008548    00000098     
                  20008548    00000074     (.cinit..data.load) [load image, compression = lzss]
                  200085bc    0000000c     (__TI_handler_table)
                  200085c8    00000008     (.cinit..bss.load) [load image, compression = zero_init]
                  200085d0    00000010     (__TI_cinit_table)

.sysmem    0    20017000    00000800     UNINITIALIZED
                  20017000    00000008     rtsv7M4_T_le_eabi.lib : memory.c.obj (.sysmem)
                  20017008    000007f8     --HOLE--

.data      0    20017800    000001ec     UNINITIALIZED
                  20017800    000000f0     rtsv7M4_T_le_eabi.lib : defs.c.obj (.data:_ftable)
                  200178f0    00000078                           : write.c.obj (.data:_device)
                  20017968    00000050                           : write.c.obj (.data:_stream)
                  200179b8    00000010                           : defs.c.obj (.data)
                  200179c8    0000000c                           : exit.c.obj (.data:$O1$$)
                  200179d4    0000000c                           : memory.c.obj (.data:$O1$$)
                  200179e0    00000008                           : _lock.c.obj (.data:$O1$$)
                  200179e8    00000004                           : errno.c.obj (.data)

.bss       0    200179ec    000001d6     UNINITIALIZED
                  200179ec    00000120     rtsv7M4_T_le_eabi.lib : trgmsg.c.obj (.bss:_CIOBUF_)
                  20017b0c    000000a0     (.common:__TI_tmpnams)
                  20017bac    00000008     (.common:parmbuf)
                  20017bb4    00000004     main.obj (.bss:g_ucRxBuff)
                  20017bb8    00000004     main.obj (.bss:g_ucTxBuff)
                  20017bbc    00000004     uart_if.obj (.bss)
                  20017bc0    00000002     main.obj (.bss)

.stack     0    2002f800    00000800     UNINITIALIZED
                  2002f800    00000004     rtsv7M4_T_le_eabi.lib : boot_cortex_m.c.obj (.stack)
                  2002f804    000007fc     --HOLE--

MODULE SUMMARY

       Module                       code    ro data   rw data
       ------                       ----    -------   -------
    .\
       startup_ccs.obj              14      1024      0      
       main.obj                     884     0         10     
       uart_if.obj                  640     0         4      
       pinmux.obj                   68      0         0      
    +--+----------------------------+-------+---------+---------+
       Total:                       1606    1024      14     
                                                             
    C:/ti/CC3200SDK_1.3.0/cc3200-sdk/driverlib/ccs/Release/driverlib.a
       spi.obj                      1470    60        0      
       prcm.obj                     800     168       0      
       pin.obj                      252     256       0      
       interrupt.obj                230     128       0      
       uart.obj                     284     0         0      
       cpu.obj                      20      0         0      
       utils.obj                    6       0         0      
    +--+----------------------------+-------+---------+---------+
       Total:                       3062    612       0      
                                                             
    C:\ti\ccsv8\tools\compiler\ti-cgt-arm_18.1.3.LTS\lib\rtsv7M4_T_le_eabi.lib
       _printfi.c.obj               4831    0         0      
       memory.c.obj                 768     0         12     
       fd_add_t2.asm.obj            438     0         0      
       defs.c.obj                   0       0         416    
       trgmsg.c.obj                 108     0         288    
       fd_div_t2.asm.obj            310     0         0      
       fputs.c.obj                  276     0         0      
       fd_cmp_t2.asm.obj            268     0         0      
       ctype.c.obj                  0       257       0      
       fd_mul_t2.asm.obj            252     0         0      
       write.c.obj                  40      0         200    
       setvbuf.c.obj                220     0         0      
       s_scalbn.c.obj               208     0         0      
       fflush.c.obj                 200     0         0      
       memcpy_t2.asm.obj            156     0         0      
       ull_div_t2.asm.obj           150     0         0      
       fputc.c.obj                  140     0         0      
       vsnprintf.c.obj              136     0         0      
       memset_t2.asm.obj            122     0         0      
       fclose.c.obj                 116     0         0      
       getdevice.c.obj              116     0         0      
       printf.c.obj                 112     0         0      
       fd_tos_t2.asm.obj            110     0         0      
       copy_decompress_lzss.c.obj   104     0         0      
       hostlseek.c.obj              104     0         0      
       hostopen.c.obj               96      0         8      
       hostrename.c.obj             104     0         0      
       fseek.c.obj                  100     0         0      
       _io_perm.c.obj               98      0         0      
       close.c.obj                  92      0         0      
       s_frexp.c.obj                92      0         0      
       exit.c.obj                   76      0         12     
       hostread.c.obj               88      0         0      
       hostwrite.c.obj              88      0         0      
       ltoa.c.obj                   84      0         0      
       atoi.c.obj                   76      0         0      
       fd_toi_t2.asm.obj            72      0         0      
       autoinit.c.obj               68      0         0      
       hostclose.c.obj              68      0         0      
       hostunlink.c.obj             68      0         0      
       fs_tod_t2.asm.obj            56      0         0      
       strncpy.c.obj                54      0         0      
       fopen.c.obj                  52      0         0      
       i_tofd_t2.asm.obj            46      0         0      
       unlink.c.obj                 44      0         0      
       boot_cortex_m.c.obj          40      0         0      
       lseek.c.obj                  40      0         0      
       memmov.c.obj                 36      0         0      
       memchr.c.obj                 32      0         0      
       memccpy.c.obj                28      0         0      
       strcmp.c.obj                 24      0         0      
       strchr.c.obj                 22      0         0      
       strcpy.c.obj                 20      0         0      
       strlen.c.obj                 20      0         0      
       copy_zero_init.c.obj         18      0         0      
       wcslen.c.obj                 18      0         0      
       copy_decompress_none.c.obj   14      0         0      
       errno.c.obj                  8       0         4      
       _lock.c.obj                  2       0         8      
       s_copysign.c.obj             8       0         0      
       pre_init.c.obj               4       0         0      
       div0.asm.obj                 2       0         0      
    +--+----------------------------+-------+---------+---------+
       Total:                       11143   257       948    
                                                             
       Heap:                        0       0         2048   
       Stack:                       0       0         2048   
       Linker Generated:            0       152       0      
    +--+----------------------------+-------+---------+---------+
       Grand Total:                 15811   2045      5058   


LINKER GENERATED COPY TABLES

__TI_cinit_table @ 200085d0 records: 2, size/record: 8, table size: 16
	.data: load addr=20008548, load size=00000074 bytes, run addr=20017800, run size=000001ec bytes, compression=lzss
	.bss: load addr=200085c8, load size=00000008 bytes, run addr=200179ec, run size=000001d6 bytes, compression=zero_init


LINKER GENERATED HANDLER TABLE

__TI_handler_table @ 200085bc records: 3, size/record: 4, table size: 12
	index: 0, handler: __TI_decompress_lzss
	index: 1, handler: __TI_decompress_none
	index: 2, handler: __TI_zero_init


GLOBAL SYMBOLS: SORTED ALPHABETICALLY BY Name 

address   name                           
-------   ----                           
200081db  C$$EXIT                        
20007be3  C$$IO$$                        
2000811d  CPUcpsie                       
20005201  ClearTerm                      
2000520b  Error                          
20005243  GetCmd                         
200078e5  HOSTclose                      
20007159  HOSTlseek                      
200073c1  HOSTopen                       
200074d9  HOSTread                       
200071c1  HOSTrename                     
20007929  HOSTunlink                     
20007531  HOSTwrite                      
200051c1  InitTerm                       
200067ed  IntEnable                      
200081ad  IntMasterEnable                
20007f75  IntRegister                    
20008131  IntVTableBaseSet               
20004ebd  MasterMain                     
200051df  Message                        
20005a2d  PRCMCC3200MCUInit              
200080db  PRCMHIBRegRead                 
200080f1  PRCMHIBRegWrite                
20007e41  PRCMPeripheralClkDisable       
20007b3d  PRCMPeripheralClkEnable        
20006a69  PRCMPeripheralClockGet         
20007589  PRCMPeripheralReset            
20007dbd  PRCMSysResetCauseGet           
20006b89  PinConfigSet                   
20007a7d  PinModeSet                     
20007a39  PinMuxConfig                   
20008047  PinTypeSPI                     
20008061  PinTypeUART                    
20005381  Report                         
2000819f  ResetISR                       
20006895  SPIConfigSetExpClk             
20007e15  SPIDataGetNonBlocking          
20007fb5  SPIDataPut                     
2000807b  SPIEnable                      
2000780d  SPIIntClear                    
200076dd  SPIIntEnable                   
20007fd3  SPIIntRegister                 
20006da5  SPIIntStatus                   
20007f51  SPIReset                       
20006c11  SPITransfer                    
20004f7f  SlaveMain                      
200052e9  TrimSpace                      
2000800f  UARTCharGetNonBlocking         
20007ff1  UARTCharPut                    
20008093  UARTCharsAvail                 
20006f91  UARTConfigSetExpClk            
20007cfd  UARTDisable                    
20007f09  UARTEnable                     
200081c9  UtilsDelay                     
200179ec  __CIOBUF_                      
20030000  __STACK_END                    
00000800  __STACK_SIZE                   
00000800  __SYSMEM_SIZE                  
200085d0  __TI_CINIT_Base                
200085e0  __TI_CINIT_Limit               
200085bc  __TI_Handler_Table_Base        
200085c8  __TI_Handler_Table_Limit       
200079b1  __TI_auto_init_nobinit_nopinit 
20007c95  __TI_cleanup                   
200179c8  __TI_cleanup_ptr               
20007009  __TI_closefile                 
20007229  __TI_decompress_lzss           
20008191  __TI_decompress_none           
20007775  __TI_doflush                   
200179cc  __TI_dtors_ptr                 
200179d0  __TI_enable_exit_profile_output
200179b8  __TI_ft_end                    
ffffffff  __TI_pprof_out_hndl            
20004401  __TI_printfi                   
ffffffff  __TI_prof_data_size            
ffffffff  __TI_prof_data_start           
20007cc9  __TI_readmsg                   
20008548  __TI_static_base__             
20017b0c  __TI_tmpnams                   
20007bb5  __TI_writemsg                  
2000735d  __TI_wrt_ok                    
2000816d  __TI_zero_init_nomemset        
20006c99  __aeabi_cdcmpeq                
20006c99  __aeabi_cdcmple                
20006d1f  __aeabi_cdrcmple               
200070eb  __aeabi_d2f                    
2000789d  __aeabi_d2iz                   
2000587f  __aeabi_dadd                   
20005ce1  __aeabi_ddiv                   
20006161  __aeabi_dmul                   
20005875  __aeabi_dsub                   
200081b9  __aeabi_errno_addr             
20007c25  __aeabi_f2d                    
20007d8d  __aeabi_i2d                    
20005a2b  __aeabi_idiv0                  
20005a2b  __aeabi_ldiv0                  
20006e9d  __aeabi_memclr                 
20006e9d  __aeabi_memclr4                
20006e9d  __aeabi_memclr8                
20006935  __aeabi_memcpy                 
20006935  __aeabi_memcpy4                
20006935  __aeabi_memcpy8                
20006e9f  __aeabi_memset                 
20006e9f  __aeabi_memset4                
20006e9f  __aeabi_memset8                
200179c4  __aeabi_stderr                 
200179bc  __aeabi_stdin                  
200179c0  __aeabi_stdout                 
200069d1  __aeabi_uldivmod               
ffffffff  __binit__                      
ffffffff  __c_args__                     
UNDEFED   __mpu_init                     
2002f800  __stack                        
20007e69  _c_int00_noargs                
200081e0  _ctypes_                       
200178f0  _device                        
20017800  _ftable                        
200179e0  _lock                          
20004e4b  _nop                           
20017968  _stream                        
20017000  _sys_memory                    
UNDEFED   _system_post_cinit             
200081d7  _system_pre_init               
200179e4  _unlock                        
200081db  abort                          
200077c1  atoi                           
ffffffff  binit                          
20007421  close                          
200081c1  copysign                       
200081c1  copysignl                      
200179e8  errno                          
20007855  exit                           
20006e21  fflush                         
20007d5d  finddevice                     
20006afd  fputc                          
20005f39  fputs                          
20006339  free                           
2000747d  frexp                          
2000747d  frexpl                         
200072f9  fseek                          
20004000  g_pfnVectors                   
200079f5  getdevice                      
200064e1  ldexp                          
200064e1  ldexpl                         
20007e91  lseek                          
20007637  ltoa                           
20004fef  main                           
20006f19  malloc                         
2000802b  memccpy                        
20007f95  memchr                         
20006935  memcpy                         
20007f2d  memmove                        
20006ea5  memset                         
20007bed  minit                          
20017bac  parmbuf                        
20007291  printf                         
20006afd  putc                           
2000604d  realloc                        
20007de9  remove                         
200064e1  scalbn                         
200064e1  scalbnl                        
2000625d  setvbuf                        
20008107  strchr                         
200080c3  strcmp                         
20008145  strcpy                         
20008159  strlen                         
20007c5d  strncpy                        
20007de9  unlink                         
20007abd  vsnprintf                      
2000817f  wcslen                         
20007ee1  write                          


GLOBAL SYMBOLS: SORTED BY Symbol Address 

address   name                           
-------   ----                           
00000800  __STACK_SIZE                   
00000800  __SYSMEM_SIZE                  
20004000  g_pfnVectors                   
20004401  __TI_printfi                   
20004e4b  _nop                           
20004ebd  MasterMain                     
20004f7f  SlaveMain                      
20004fef  main                           
200051c1  InitTerm                       
200051df  Message                        
20005201  ClearTerm                      
2000520b  Error                          
20005243  GetCmd                         
200052e9  TrimSpace                      
20005381  Report                         
20005875  __aeabi_dsub                   
2000587f  __aeabi_dadd                   
20005a2b  __aeabi_idiv0                  
20005a2b  __aeabi_ldiv0                  
20005a2d  PRCMCC3200MCUInit              
20005ce1  __aeabi_ddiv                   
20005f39  fputs                          
2000604d  realloc                        
20006161  __aeabi_dmul                   
2000625d  setvbuf                        
20006339  free                           
200064e1  ldexp                          
200064e1  ldexpl                         
200064e1  scalbn                         
200064e1  scalbnl                        
200067ed  IntEnable                      
20006895  SPIConfigSetExpClk             
20006935  __aeabi_memcpy                 
20006935  __aeabi_memcpy4                
20006935  __aeabi_memcpy8                
20006935  memcpy                         
200069d1  __aeabi_uldivmod               
20006a69  PRCMPeripheralClockGet         
20006afd  fputc                          
20006afd  putc                           
20006b89  PinConfigSet                   
20006c11  SPITransfer                    
20006c99  __aeabi_cdcmpeq                
20006c99  __aeabi_cdcmple                
20006d1f  __aeabi_cdrcmple               
20006da5  SPIIntStatus                   
20006e21  fflush                         
20006e9d  __aeabi_memclr                 
20006e9d  __aeabi_memclr4                
20006e9d  __aeabi_memclr8                
20006e9f  __aeabi_memset                 
20006e9f  __aeabi_memset4                
20006e9f  __aeabi_memset8                
20006ea5  memset                         
20006f19  malloc                         
20006f91  UARTConfigSetExpClk            
20007009  __TI_closefile                 
200070eb  __aeabi_d2f                    
20007159  HOSTlseek                      
200071c1  HOSTrename                     
20007229  __TI_decompress_lzss           
20007291  printf                         
200072f9  fseek                          
2000735d  __TI_wrt_ok                    
200073c1  HOSTopen                       
20007421  close                          
2000747d  frexp                          
2000747d  frexpl                         
200074d9  HOSTread                       
20007531  HOSTwrite                      
20007589  PRCMPeripheralReset            
20007637  ltoa                           
200076dd  SPIIntEnable                   
20007775  __TI_doflush                   
200077c1  atoi                           
2000780d  SPIIntClear                    
20007855  exit                           
2000789d  __aeabi_d2iz                   
200078e5  HOSTclose                      
20007929  HOSTunlink                     
200079b1  __TI_auto_init_nobinit_nopinit 
200079f5  getdevice                      
20007a39  PinMuxConfig                   
20007a7d  PinModeSet                     
20007abd  vsnprintf                      
20007b3d  PRCMPeripheralClkEnable        
20007bb5  __TI_writemsg                  
20007be3  C$$IO$$                        
20007bed  minit                          
20007c25  __aeabi_f2d                    
20007c5d  strncpy                        
20007c95  __TI_cleanup                   
20007cc9  __TI_readmsg                   
20007cfd  UARTDisable                    
20007d5d  finddevice                     
20007d8d  __aeabi_i2d                    
20007dbd  PRCMSysResetCauseGet           
20007de9  remove                         
20007de9  unlink                         
20007e15  SPIDataGetNonBlocking          
20007e41  PRCMPeripheralClkDisable       
20007e69  _c_int00_noargs                
20007e91  lseek                          
20007ee1  write                          
20007f09  UARTEnable                     
20007f2d  memmove                        
20007f51  SPIReset                       
20007f75  IntRegister                    
20007f95  memchr                         
20007fb5  SPIDataPut                     
20007fd3  SPIIntRegister                 
20007ff1  UARTCharPut                    
2000800f  UARTCharGetNonBlocking         
2000802b  memccpy                        
20008047  PinTypeSPI                     
20008061  PinTypeUART                    
2000807b  SPIEnable                      
20008093  UARTCharsAvail                 
200080c3  strcmp                         
200080db  PRCMHIBRegRead                 
200080f1  PRCMHIBRegWrite                
20008107  strchr                         
2000811d  CPUcpsie                       
20008131  IntVTableBaseSet               
20008145  strcpy                         
20008159  strlen                         
2000816d  __TI_zero_init_nomemset        
2000817f  wcslen                         
20008191  __TI_decompress_none           
2000819f  ResetISR                       
200081ad  IntMasterEnable                
200081b9  __aeabi_errno_addr             
200081c1  copysign                       
200081c1  copysignl                      
200081c9  UtilsDelay                     
200081d7  _system_pre_init               
200081db  C$$EXIT                        
200081db  abort                          
200081e0  _ctypes_                       
20008548  __TI_static_base__             
200085bc  __TI_Handler_Table_Base        
200085c8  __TI_Handler_Table_Limit       
200085d0  __TI_CINIT_Base                
200085e0  __TI_CINIT_Limit               
20017000  _sys_memory                    
20017800  _ftable                        
200178f0  _device                        
20017968  _stream                        
200179b8  __TI_ft_end                    
200179bc  __aeabi_stdin                  
200179c0  __aeabi_stdout                 
200179c4  __aeabi_stderr                 
200179c8  __TI_cleanup_ptr               
200179cc  __TI_dtors_ptr                 
200179d0  __TI_enable_exit_profile_output
200179e0  _lock                          
200179e4  _unlock                        
200179e8  errno                          
200179ec  __CIOBUF_                      
20017b0c  __TI_tmpnams                   
20017bac  parmbuf                        
2002f800  __stack                        
20030000  __STACK_END                    
ffffffff  __TI_pprof_out_hndl            
ffffffff  __TI_prof_data_size            
ffffffff  __TI_prof_data_start           
ffffffff  __binit__                      
ffffffff  __c_args__                     
ffffffff  binit                          
UNDEFED   __mpu_init                     
UNDEFED   _system_post_cinit             

[171 symbols]
