******************************************************************************
                  TI ARM Linker PC v18.1.3                     
******************************************************************************
>> Linked Fri Nov 30 17:41:19 2018

OUTPUT FILE NAME:   <spi_demo_trial.out>
ENTRY POINT SYMBOL: "_c_int00_noargs"  address: 20009ee5


MEMORY CONFIGURATION

         name            origin    length      used     unused   attr    fill
----------------------  --------  ---------  --------  --------  ----  --------
  SRAM_CODE             20004000   00013000  00006912  0000c6ee  RW X
  SRAM_DATA             20017000   00019000  000013d0  00017c30  RW X


SEGMENT ALLOCATION MAP

run origin  load origin   length   init length attrs members
----------  ----------- ---------- ----------- ----- -------
20004000    20004000    00006918   00006918    r-x
  20004000    20004000    00000400   00000400    r-- .intvecs
  20004400    20004400    00005f1a   00005f1a    r-x .text
  2000a320    2000a320    00000558   00000558    r-- .const
  2000a878    2000a878    000000a0   000000a0    r-- .cinit
20017000    20017000    00000bd0   00000000    rw-
  20017000    20017000    00000800   00000000    rw- .sysmem
  20017800    20017800    000001f4   00000000    rw- .data
  200179f4    200179f4    000001dc   00000000    rw- .bss
2002f800    2002f800    00000800   00000000    rw-
  2002f800    2002f800    00000800   00000000    rw- .stack


SECTION ALLOCATION MAP

 output                                  attributes/
section   page    origin      length       input sections
--------  ----  ----------  ----------   ----------------
.intvecs   0    20004000    00000400     
                  20004000    00000400     startup_ccs.obj (.intvecs)

.init_array 
*          0    20004000    00000000     UNINITIALIZED

.text      0    20004400    00005f1a     
                  20004400    00000a4a     rtsv7M4_T_le_eabi.lib : _printfi.c.obj (.text:__TI_printfi)
                  20004e4a    00000002     driverlib.a : interrupt.obj (.text:IntDefaultHandler)
                  20004e4c    000007dc     main.obj (.text)
                  20005628    00000704     rtsv7M4_T_le_eabi.lib : k_rem_pio2.c.obj (.text:__kernel_rem_pio2)
                  20005d2c    000005c0                           : s_cos.c.obj (.text:cos)
                  200062ec    000005c0                           : s_sin.c.obj (.text:sin)
                  200068ac    00000280     uart_if.obj (.text)
                  20006b2c    00000268     rtsv7M4_T_le_eabi.lib : _printfi.c.obj (.text:_pconv_a)
                  20006d94    000001cc                           : _printfi.c.obj (.text:_pconv_g)
                  20006f60    000001b6                           : fd_add_t2.asm.obj (.text)
                  20007116    00000002                           : _lock.c.obj (.text:_nop)
                  20007118    00000198     timer_if.obj (.text)
                  200072b0    00000178     driverlib.a : prcm.obj (.text:PRCMCC3200MCUInit)
                  20007428    00000168     rtsv7M4_T_le_eabi.lib : k_sin.c.obj (.text:__kernel_sin)
                  20007590    00000160                           : k_cos.c.obj (.text:__kernel_cos)
                  200076f0    0000013c                           : _printfi.c.obj (.text:_pconv_e)
                  2000782c    00000136                           : fd_div_t2.asm.obj (.text)
                  20007962    00000002                           : div0.asm.obj (.text)
                  20007964    00000120                           : _printfi.c.obj (.text:fcvt)
                  20007a84    00000114                           : fputs.c.obj (.text:fputs)
                  20007b98    00000114                           : memory.c.obj (.text:realloc)
                  20007cac    000000fc                           : fd_mul_t2.asm.obj (.text)
                  20007da8    000000fa                           : fs_add_t2.asm.obj (.text)
                  20007ea2    00000002     --HOLE-- [fill = 0]
                  20007ea4    000000f4                           : s_floor.c.obj (.text:floor)
                  20007f98    000000e8     pinmux.obj (.text)
                  20008080    000000dc     rtsv7M4_T_le_eabi.lib : setvbuf.c.obj (.text:setvbuf)
                  2000815c    000000d8                           : memory.c.obj (.text:free)
                  20008234    000000d0     driverlib.a : spi.obj (.text:SPITransfer32)
                  20008304    000000d0     rtsv7M4_T_le_eabi.lib : s_scalbn.c.obj (.text:scalbn)
                  200083d4    000000ce     driverlib.a : spi.obj (.text:SPITransfer16)
                  200084a2    000000b8                 : spi.obj (.text:SPITransfer8)
                  2000855a    00000002     --HOLE-- [fill = 0]
                  2000855c    000000b1     rtsv7M4_T_le_eabi.lib : _printfi.c.obj (.text:_ltostr)
                  2000860d    00000003     --HOLE-- [fill = 0]
                  20008610    000000a8     driverlib.a : interrupt.obj (.text:IntDisable)
                  200086b8    000000a8                 : interrupt.obj (.text:IntEnable)
                  20008760    000000a0                 : spi.obj (.text:SPIConfigSetExpClk)
                  20008800    0000009c     rtsv7M4_T_le_eabi.lib : memcpy_t2.asm.obj (.text)
                  2000889c    00000096                           : ull_div_t2.asm.obj (.text)
                  20008932    00000002     --HOLE-- [fill = 0]
                  20008934    00000094     driverlib.a : prcm.obj (.text:PRCMPeripheralClockGet)
                  200089c8    00000092     rtsv7M4_T_le_eabi.lib : fs_div_t2.asm.obj (.text)
                  20008a5a    00000002     --HOLE-- [fill = 0]
                  20008a5c    0000008c                           : fputc.c.obj (.text:fputc)
                  20008ae8    00000088     driverlib.a : pin.obj (.text:PinConfigSet)
                  20008b70    00000088                 : spi.obj (.text:SPITransfer)
                  20008bf8    00000086     rtsv7M4_T_le_eabi.lib : fd_cmp_t2.asm.obj (.text:__aeabi_cdcmple)
                  20008c7e    00000086                           : fd_cmp_t2.asm.obj (.text:__aeabi_cdrcmple)
                  20008d04    0000007a                           : fs_mul_t2.asm.obj (.text)
                  20008d7e    0000007a                           : memset_t2.asm.obj (.text)
                  20008df8    00000078                           : memory.c.obj (.text:malloc)
                  20008e70    00000076     driverlib.a : uart.obj (.text:UARTConfigSetExpClk)
                  20008ee6    00000002     --HOLE-- [fill = 0]
                  20008ee8    00000074     rtsv7M4_T_le_eabi.lib : fclose.c.obj (.text:__TI_closefile)
                  20008f5c    00000070     driverlib.a : timer.obj (.text:TimerIntRegister)
                  20008fcc    0000006e     rtsv7M4_T_le_eabi.lib : _printfi.c.obj (.text:_mcpy)
                  2000903a    0000006e                           : fd_tos_t2.asm.obj (.text)
                  200090a8    00000068                           : hostlseek.c.obj (.text:HOSTlseek)
                  20009110    00000068                           : hostrename.c.obj (.text:HOSTrename)
                  20009178    00000068     driverlib.a : timer.obj (.text:TimerIntUnregister)
                  200091e0    00000068     rtsv7M4_T_le_eabi.lib : copy_decompress_lzss.c.obj (.text:decompress:lzss:__TI_decompress_lzss)
                  20009248    00000068                           : printf.c.obj (.text:printf)
                  200092b0    00000064                           : fseek.c.obj (.text:fseek)
                  20009314    00000062                           : _io_perm.c.obj (.text:__TI_wrt_ok)
                  20009376    00000002     --HOLE-- [fill = 0]
                  20009378    00000060                           : hostopen.c.obj (.text:HOSTopen)
                  200093d8    00000060                           : fs_cmp_t2.asm.obj (.text:__aeabi_cfrcmple)
                  20009438    0000005c                           : close.c.obj (.text:close)
                  20009494    0000005c                           : s_frexp.c.obj (.text:frexp)
                  200094f0    00000058                           : hostread.c.obj (.text:HOSTread)
                  20009548    00000058                           : hostwrite.c.obj (.text:HOSTwrite)
                  200095a0    00000058     driverlib.a : prcm.obj (.text:PRCMPeripheralReset)
                  200095f8    00000056     rtsv7M4_T_le_eabi.lib : _printfi.c.obj (.text:_pconv_f)
                  2000964e    00000002     --HOLE-- [fill = 0]
                  20009650    00000054     driverlib.a : interrupt.obj (.text:IntPrioritySet)
                  200096a4    00000054     rtsv7M4_T_le_eabi.lib : ltoa.c.obj (.text:ltoa)
                  200096f8    00000052                           : _printfi.c.obj (.text:_ecpy)
                  2000974a    0000004c                           : fflush.c.obj (.text:__TI_doflush)
                  20009796    00000002     --HOLE-- [fill = 0]
                  20009798    0000004c                           : atoi.c.obj (.text:atoi)
                  200097e4    00000048                           : exit.c.obj (.text:exit)
                  2000982c    00000048                           : fd_toi_t2.asm.obj (.text)
                  20009874    00000044                           : hostclose.c.obj (.text:HOSTclose)
                  200098b8    00000044                           : hostunlink.c.obj (.text:HOSTunlink)
                  200098fc    00000044     driverlib.a : timer.obj (.text:TimerConfigure)
                  20009940    00000044     rtsv7M4_T_le_eabi.lib : autoinit.c.obj (.text:__TI_auto_init_nobinit_nopinit:__TI_auto_init_nobinit_nopinit)
                  20009984    00000044                           : getdevice.c.obj (.text:getdevice)
                  200099c8    00000040     driverlib.a : pin.obj (.text:PinModeSet)
                  20009a08    00000040     rtsv7M4_T_le_eabi.lib : vsnprintf.c.obj (.text:vsnprintf)
                  20009a48    0000003e                           : _printfi.c.obj (.text:_fcpy)
                  20009a86    00000002     --HOLE-- [fill = 0]
                  20009a88    0000003c     driverlib.a : prcm.obj (.text:PRCMPeripheralClkEnable)
                  20009ac4    0000003c     rtsv7M4_T_le_eabi.lib : memory.c.obj (.text:minsert)
                  20009b00    00000038                           : trgmsg.c.obj (.text:__TI_writemsg)
                  20009b38    00000038                           : memory.c.obj (.text:minit)
                  20009b70    00000038                           : fs_tod_t2.asm.obj (.text)
                  20009ba8    00000038                           : fs_toi_t2.asm.obj (.text)
                  20009be0    00000038                           : i_tofs_t2.asm.obj (.text)
                  20009c18    00000036     driverlib.a : gpio.obj (.text:GPIODirModeSet)
                  20009c4e    00000036     rtsv7M4_T_le_eabi.lib : strncpy.c.obj (.text:strncpy)
                  20009c84    00000034                           : fopen.c.obj (.text:__TI_cleanup)
                  20009cb8    00000034                           : trgmsg.c.obj (.text:__TI_readmsg)
                  20009cec    00000034                           : fs_tou_t2.asm.obj (.text)
                  20009d20    00000030     driverlib.a : pin.obj (.text:PinTypeGPIO)
                  20009d50    00000030                 : uart.obj (.text:UARTDisable)
                  20009d80    00000030     rtsv7M4_T_le_eabi.lib : vsnprintf.c.obj (.text:_outs)
                  20009db0    00000030                           : getdevice.c.obj (.text:finddevice)
                  20009de0    0000002e                           : i_tofd_t2.asm.obj (.text)
                  20009e0e    00000002     --HOLE-- [fill = 0]
                  20009e10    0000002c     driverlib.a : prcm.obj (.text:PRCMSysResetCauseGet)
                  20009e3c    0000002c     rtsv7M4_T_le_eabi.lib : unlink.c.obj (.text:unlink)
                  20009e68    0000002a     driverlib.a : timer.obj (.text:TimerLoadSet)
                  20009e92    0000002a                 : timer.obj (.text:TimerPrescaleSet)
                  20009ebc    00000028                 : prcm.obj (.text:PRCMPeripheralClkDisable)
                  20009ee4    00000028     rtsv7M4_T_le_eabi.lib : boot_cortex_m.c.obj (.text:_c_int00_noargs:_c_int00_noargs)
                  20009f0c    00000028                           : lseek.c.obj (.text:lseek)
                  20009f34    00000028                           : memory.c.obj (.text:mremove)
                  20009f5c    00000028                           : write.c.obj (.text:write)
                  20009f84    00000024     driverlib.a : interrupt.obj (.text:IntUnregister)
                  20009fa8    00000024                 : uart.obj (.text:UARTEnable)
                  20009fcc    00000024     rtsv7M4_T_le_eabi.lib : memmov.c.obj (.text:memmove)
                  20009ff0    00000022     driverlib.a : spi.obj (.text:SPIReset)
                  2000a012    00000020                 : gpio.obj (.text:GPIOPinWrite)
                  2000a032    00000002     --HOLE-- [fill = 0]
                  2000a034    00000020                 : interrupt.obj (.text:IntRegister)
                  2000a054    00000020     rtsv7M4_T_le_eabi.lib : memchr.c.obj (.text:memchr)
                  2000a074    0000001e     driverlib.a : timer.obj (.text:TimerDisable)
                  2000a092    0000001e                 : timer.obj (.text:TimerEnable)
                  2000a0b0    0000001e                 : timer.obj (.text:TimerIntStatus)
                  2000a0ce    0000001e                 : uart.obj (.text:UARTCharPut)
                  2000a0ec    0000001c                 : timer.obj (.text:TimerValueGet)
                  2000a108    0000001c                 : uart.obj (.text:UARTCharGetNonBlocking)
                  2000a124    0000001c     rtsv7M4_T_le_eabi.lib : memccpy.c.obj (.text:memccpy)
                  2000a140    0000001a     driverlib.a : pin.obj (.text:PinTypeSPI)
                  2000a15a    0000001a                 : pin.obj (.text:PinTypeUART)
                  2000a174    00000018                 : spi.obj (.text:SPIEnable)
                  2000a18c    00000018                 : timer.obj (.text:TimerIntDisable)
                  2000a1a4    00000018                 : timer.obj (.text:TimerIntEnable)
                  2000a1bc    00000018                 : uart.obj (.text:UARTCharsAvail)
                  2000a1d4    00000018     rtsv7M4_T_le_eabi.lib : vsnprintf.c.obj (.text:_outc)
                  2000a1ec    00000018                           : strcmp.c.obj (.text:strcmp)
                  2000a204    00000016     driverlib.a : prcm.obj (.text:PRCMHIBRegRead)
                  2000a21a    00000016                 : prcm.obj (.text:PRCMHIBRegWrite)
                  2000a230    00000016     rtsv7M4_T_le_eabi.lib : strchr.c.obj (.text:strchr)
                  2000a246    00000014     driverlib.a : cpu.obj (.text:CPUcpsie)
                  2000a25a    00000002     --HOLE-- [fill = 0]
                  2000a25c    00000014                 : interrupt.obj (.text:IntVTableBaseSet)
                  2000a270    00000014     rtsv7M4_T_le_eabi.lib : strcpy.c.obj (.text:strcpy)
                  2000a284    00000014                           : strlen.c.obj (.text:strlen)
                  2000a298    00000012     driverlib.a : timer.obj (.text:TimerIntClear)
                  2000a2aa    00000012     rtsv7M4_T_le_eabi.lib : copy_zero_init.c.obj (.text:decompress:ZI:__TI_zero_init_nomemset:__TI_zero_init_nomemset)
                  2000a2bc    00000012                           : wcslen.c.obj (.text:wcslen)
                  2000a2ce    0000000e                           : copy_decompress_none.c.obj (.text:decompress:none:__TI_decompress_none)
                  2000a2dc    0000000e     startup_ccs.obj (.text)
                  2000a2ea    0000000a     driverlib.a : interrupt.obj (.text:IntMasterEnable)
                  2000a2f4    00000008     rtsv7M4_T_le_eabi.lib : errno.c.obj (.text:__aeabi_errno_addr)
                  2000a2fc    00000008                           : s_copysign.c.obj (.text:copysign)
                  2000a304    00000006     driverlib.a : utils.obj (.text:UtilsDelay)
                  2000a30a    00000004     rtsv7M4_T_le_eabi.lib : printf.c.obj (.text:_outc)
                  2000a30e    00000004                           : printf.c.obj (.text:_outs)
                  2000a312    00000004                           : pre_init.c.obj (.text:_system_pre_init)
                  2000a316    00000004                           : exit.c.obj (.text:abort:abort)

.const     0    2000a320    00000558     
                  2000a320    00000158     rtsv7M4_T_le_eabi.lib : k_rem_pio2.c.obj (.const:$O1$$)
                  2000a478    00000101                           : ctype.c.obj (.const:.string:_ctypes_)
                  2000a579    00000003     --HOLE-- [fill = 0]
                  2000a57c    00000100     driverlib.a : pin.obj (.const:g_ulPinToPadMap)
                  2000a67c    000000d4                 : interrupt.obj (.const:g_pulRegs)
                  2000a750    000000a8                 : prcm.obj (.const:PRCM_PeriphRegsList)
                  2000a7f8    00000080                 : interrupt.obj (.const)

.cinit     0    2000a878    000000a0     
                  2000a878    00000079     (.cinit..data.load) [load image, compression = lzss]
                  2000a8f1    00000003     --HOLE-- [fill = 0]
                  2000a8f4    0000000c     (__TI_handler_table)
                  2000a900    00000008     (.cinit..bss.load) [load image, compression = zero_init]
                  2000a908    00000010     (__TI_cinit_table)

.sysmem    0    20017000    00000800     UNINITIALIZED
                  20017000    00000008     rtsv7M4_T_le_eabi.lib : memory.c.obj (.sysmem)
                  20017008    000007f8     --HOLE--

.data      0    20017800    000001f4     UNINITIALIZED
                  20017800    000000f0     rtsv7M4_T_le_eabi.lib : defs.c.obj (.data:_ftable)
                  200178f0    00000078                           : write.c.obj (.data:_device)
                  20017968    00000050                           : write.c.obj (.data:_stream)
                  200179b8    00000010                           : defs.c.obj (.data)
                  200179c8    0000000c                           : exit.c.obj (.data:$O1$$)
                  200179d4    0000000c                           : memory.c.obj (.data:$O1$$)
                  200179e0    00000008                           : _lock.c.obj (.data:$O1$$)
                  200179e8    00000008     main.obj (.data)
                  200179f0    00000004     rtsv7M4_T_le_eabi.lib : errno.c.obj (.data)

.bss       0    200179f4    000001dc     UNINITIALIZED
                  200179f4    00000120     rtsv7M4_T_le_eabi.lib : trgmsg.c.obj (.bss:_CIOBUF_)
                  20017b14    000000a0     (.common:__TI_tmpnams)
                  20017bb4    0000000c     main.obj (.bss)
                  20017bc0    00000008     (.common:parmbuf)
                  20017bc8    00000004     main.obj (.bss:g_ucRxBuff)
                  20017bcc    00000004     uart_if.obj (.bss)

.stack     0    2002f800    00000800     UNINITIALIZED
                  2002f800    00000004     rtsv7M4_T_le_eabi.lib : boot_cortex_m.c.obj (.stack)
                  2002f804    000007fc     --HOLE--

MODULE SUMMARY

       Module                       code    ro data   rw data
       ------                       ----    -------   -------
    .\
       main.obj                     2012    0         24     
       startup_ccs.obj              14      1024      0      
       uart_if.obj                  640     0         4      
       timer_if.obj                 408     0         0      
       pinmux.obj                   232     0         0      
    +--+----------------------------+-------+---------+---------+
       Total:                       3306    1024      28     
                                                             
    C:/ti/CC3200SDK_1.3.0/cc3200-sdk/driverlib/ccs/Release/driverlib.a
       prcm.obj                     800     168       0      
       spi.obj                      952     0         0      
       interrupt.obj                520     340       0      
       pin.obj                      300     256       0      
       timer.obj                    552     0         0      
       uart.obj                     284     0         0      
       gpio.obj                     86      0         0      
       cpu.obj                      20      0         0      
       utils.obj                    6       0         0      
    +--+----------------------------+-------+---------+---------+
       Total:                       3520    764       0      
                                                             
    C:\ti\ccsv8\tools\compiler\ti-cgt-arm_18.1.3.LTS\lib\rtsv7M4_T_le_eabi.lib
       _printfi.c.obj               4831    0         0      
       k_rem_pio2.c.obj             1796    344       0      
       s_cos.c.obj                  1472    0         0      
       s_sin.c.obj                  1472    0         0      
       memory.c.obj                 768     0         12     
       fd_add_t2.asm.obj            438     0         0      
       defs.c.obj                   0       0         416    
       trgmsg.c.obj                 108     0         288    
       k_sin.c.obj                  360     0         0      
       k_cos.c.obj                  352     0         0      
       fd_div_t2.asm.obj            310     0         0      
       fputs.c.obj                  276     0         0      
       fd_cmp_t2.asm.obj            268     0         0      
       ctype.c.obj                  0       257       0      
       fd_mul_t2.asm.obj            252     0         0      
       fs_add_t2.asm.obj            250     0         0      
       s_floor.c.obj                244     0         0      
       write.c.obj                  40      0         200    
       setvbuf.c.obj                220     0         0      
       s_scalbn.c.obj               208     0         0      
       memcpy_t2.asm.obj            156     0         0      
       ull_div_t2.asm.obj           150     0         0      
       fs_div_t2.asm.obj            146     0         0      
       fputc.c.obj                  140     0         0      
       vsnprintf.c.obj              136     0         0      
       fs_mul_t2.asm.obj            122     0         0      
       memset_t2.asm.obj            122     0         0      
       fclose.c.obj                 116     0         0      
       getdevice.c.obj              116     0         0      
       printf.c.obj                 112     0         0      
       fd_tos_t2.asm.obj            110     0         0      
       copy_decompress_lzss.c.obj   104     0         0      
       hostlseek.c.obj              104     0         0      
       hostopen.c.obj               96      0         8      
       hostrename.c.obj             104     0         0      
       fseek.c.obj                  100     0         0      
       _io_perm.c.obj               98      0         0      
       fs_cmp_t2.asm.obj            96      0         0      
       close.c.obj                  92      0         0      
       s_frexp.c.obj                92      0         0      
       exit.c.obj                   76      0         12     
       hostread.c.obj               88      0         0      
       hostwrite.c.obj              88      0         0      
       ltoa.c.obj                   84      0         0      
       atoi.c.obj                   76      0         0      
       fflush.c.obj                 76      0         0      
       fd_toi_t2.asm.obj            72      0         0      
       autoinit.c.obj               68      0         0      
       hostclose.c.obj              68      0         0      
       hostunlink.c.obj             68      0         0      
       fs_tod_t2.asm.obj            56      0         0      
       fs_toi_t2.asm.obj            56      0         0      
       i_tofs_t2.asm.obj            56      0         0      
       strncpy.c.obj                54      0         0      
       fopen.c.obj                  52      0         0      
       fs_tou_t2.asm.obj            52      0         0      
       i_tofd_t2.asm.obj            46      0         0      
       unlink.c.obj                 44      0         0      
       boot_cortex_m.c.obj          40      0         0      
       lseek.c.obj                  40      0         0      
       memmov.c.obj                 36      0         0      
       memchr.c.obj                 32      0         0      
       memccpy.c.obj                28      0         0      
       strcmp.c.obj                 24      0         0      
       strchr.c.obj                 22      0         0      
       strcpy.c.obj                 20      0         0      
       strlen.c.obj                 20      0         0      
       copy_zero_init.c.obj         18      0         0      
       wcslen.c.obj                 18      0         0      
       copy_decompress_none.c.obj   14      0         0      
       errno.c.obj                  8       0         4      
       _lock.c.obj                  2       0         8      
       s_copysign.c.obj             8       0         0      
       pre_init.c.obj               4       0         0      
       div0.asm.obj                 2       0         0      
    +--+----------------------------+-------+---------+---------+
       Total:                       17493   601       948    
                                                             
       Heap:                        0       0         2048   
       Stack:                       0       0         2048   
       Linker Generated:            0       157       0      
    +--+----------------------------+-------+---------+---------+
       Grand Total:                 24319   2546      5072   


LINKER GENERATED COPY TABLES

__TI_cinit_table @ 2000a908 records: 2, size/record: 8, table size: 16
	.data: load addr=2000a878, load size=00000079 bytes, run addr=20017800, run size=000001f4 bytes, compression=lzss
	.bss: load addr=2000a900, load size=00000008 bytes, run addr=200179f4, run size=000001dc bytes, compression=zero_init


LINKER GENERATED HANDLER TABLE

__TI_handler_table @ 2000a8f4 records: 3, size/record: 4, table size: 12
	index: 0, handler: __TI_decompress_lzss
	index: 1, handler: __TI_decompress_none
	index: 2, handler: __TI_zero_init


GLOBAL SYMBOLS: SORTED ALPHABETICALLY BY Name 

address   name                           
-------   ----                           
2000a317  C$$EXIT                        
20009b2f  C$$IO$$                        
2000a247  CPUcpsie                       
200068ed  ClearTerm                      
200068f7  Error                          
20009c19  GPIODirModeSet                 
2000a013  GPIOPinWrite                   
2000692f  GetCmd                         
20009875  HOSTclose                      
200090a9  HOSTlseek                      
20009379  HOSTopen                       
200094f1  HOSTread                       
20009111  HOSTrename                     
200098b9  HOSTunlink                     
20009549  HOSTwrite                      
200068ad  InitTerm                       
20008611  IntDisable                     
200086b9  IntEnable                      
2000a2eb  IntMasterEnable                
20009651  IntPrioritySet                 
2000a035  IntRegister                    
20009f85  IntUnregister                  
2000a25d  IntVTableBaseSet               
2000519d  MasterMain                     
200068cb  Message                        
200072b1  PRCMCC3200MCUInit              
2000a205  PRCMHIBRegRead                 
2000a21b  PRCMHIBRegWrite                
20009ebd  PRCMPeripheralClkDisable       
20009a89  PRCMPeripheralClkEnable        
20008935  PRCMPeripheralClockGet         
200095a1  PRCMPeripheralReset            
20009e11  PRCMSysResetCauseGet           
20008ae9  PinConfigSet                   
200099c9  PinModeSet                     
20007f99  PinMuxConfig                   
20009d21  PinTypeGPIO                    
2000a141  PinTypeSPI                     
2000a15b  PinTypeUART                    
20006a6d  Report                         
2000a2dd  ResetISR                       
20008761  SPIConfigSetExpClk             
2000a175  SPIEnable                      
20009ff1  SPIReset                       
20008b71  SPITransfer                    
20004e4d  TimerBaseIntHandler            
200098fd  TimerConfigure                 
2000a075  TimerDisable                   
2000a093  TimerEnable                    
2000a299  TimerIntClear                  
2000a18d  TimerIntDisable                
2000a1a5  TimerIntEnable                 
20008f5d  TimerIntRegister               
2000a0b1  TimerIntStatus                 
20009179  TimerIntUnregister             
20009e69  TimerLoadSet                   
20009e93  TimerPrescaleSet               
20004e5f  TimerRefIntHandler             
2000a0ed  TimerValueGet                  
2000725f  Timer_IF_DeInit                
20007291  Timer_IF_GetCount              
20007199  Timer_IF_Init                  
200071cb  Timer_IF_IntSetup              
20007217  Timer_IF_InterruptClear        
20007279  Timer_IF_ReLoad                
2000722f  Timer_IF_Start                 
2000724f  Timer_IF_Stop                  
200069d5  TrimSpace                      
2000a109  UARTCharGetNonBlocking         
2000a0cf  UARTCharPut                    
2000a1bd  UARTCharsAvail                 
20008e71  UARTConfigSetExpClk            
20009d51  UARTDisable                    
20009fa9  UARTEnable                     
2000a305  UtilsDelay                     
200179f4  __CIOBUF_                      
20030000  __STACK_END                    
00000800  __STACK_SIZE                   
00000800  __SYSMEM_SIZE                  
2000a908  __TI_CINIT_Base                
2000a918  __TI_CINIT_Limit               
2000a8f4  __TI_Handler_Table_Base        
2000a900  __TI_Handler_Table_Limit       
20009941  __TI_auto_init_nobinit_nopinit 
20009c85  __TI_cleanup                   
200179c8  __TI_cleanup_ptr               
20008ee9  __TI_closefile                 
200091e1  __TI_decompress_lzss           
2000a2cf  __TI_decompress_none           
2000974b  __TI_doflush                   
200179cc  __TI_dtors_ptr                 
200179d0  __TI_enable_exit_profile_output
200179b8  __TI_ft_end                    
ffffffff  __TI_pprof_out_hndl            
20004401  __TI_printfi                   
ffffffff  __TI_prof_data_size            
ffffffff  __TI_prof_data_start           
20009cb9  __TI_readmsg                   
2000a878  __TI_static_base__             
20017b14  __TI_tmpnams                   
20009b01  __TI_writemsg                  
20009315  __TI_wrt_ok                    
2000a2ab  __TI_zero_init_nomemset        
20008bf9  __aeabi_cdcmpeq                
20008bf9  __aeabi_cdcmple                
20008c7f  __aeabi_cdrcmple               
200093d9  __aeabi_cfrcmple               
2000903b  __aeabi_d2f                    
2000982d  __aeabi_d2iz                   
20006f6b  __aeabi_dadd                   
2000782d  __aeabi_ddiv                   
20007cad  __aeabi_dmul                   
20006f61  __aeabi_dsub                   
2000a2f5  __aeabi_errno_addr             
20009b71  __aeabi_f2d                    
20009ba9  __aeabi_f2iz                   
20009ced  __aeabi_f2uiz                  
20007dad  __aeabi_fadd                   
200089c9  __aeabi_fdiv                   
20008d05  __aeabi_fmul                   
20007da9  __aeabi_fsub                   
20009de1  __aeabi_i2d                    
20009be1  __aeabi_i2f                    
20007963  __aeabi_idiv0                  
20007963  __aeabi_ldiv0                  
20008d7f  __aeabi_memclr                 
20008d7f  __aeabi_memclr4                
20008d7f  __aeabi_memclr8                
20008801  __aeabi_memcpy                 
20008801  __aeabi_memcpy4                
20008801  __aeabi_memcpy8                
20008d81  __aeabi_memset                 
20008d81  __aeabi_memset4                
20008d81  __aeabi_memset8                
200179c4  __aeabi_stderr                 
200179bc  __aeabi_stdin                  
200179c0  __aeabi_stdout                 
2000889d  __aeabi_uldivmod               
ffffffff  __binit__                      
ffffffff  __c_args__                     
20007591  __kernel_cos                   
20005629  __kernel_rem_pio2              
20007429  __kernel_sin                   
UNDEFED   __mpu_init                     
2002f800  __stack                        
20009ee5  _c_int00_noargs                
2000a478  _ctypes_                       
200178f0  _device                        
20017800  _ftable                        
200179e0  _lock                          
20007117  _nop                           
20017968  _stream                        
20017000  _sys_memory                    
UNDEFED   _system_post_cinit             
2000a313  _system_pre_init               
200179e4  _unlock                        
2000a317  abort                          
20009799  atoi                           
ffffffff  binit                          
20009439  close                          
2000a2fd  copysign                       
2000a2fd  copysignl                      
20005d2d  cos                            
20005d2d  cosl                           
20004f5b  delay_function                 
200179e8  delay_up                       
200179f0  errno                          
200097e5  exit                           
20004fa5  fft                            
20009db1  finddevice                     
20007ea5  floor                          
20007ea5  floorl                         
20008a5d  fputc                          
20007a85  fputs                          
2000815d  free                           
20009495  frexp                          
20009495  frexpl                         
200092b1  fseek                          
20004000  g_pfnVectors                   
20009985  getdevice                      
20008305  ldexp                          
20008305  ldexpl                         
20009f0d  lseek                          
200096a5  ltoa                           
200054fd  main                           
20008df9  malloc                         
2000a125  memccpy                        
2000a055  memchr                         
20008801  memcpy                         
20009fcd  memmove                        
20008d87  memset                         
20009b39  minit                          
200179ec  n                              
20017bc0  parmbuf                        
20009249  printf                         
20008a5d  putc                           
20007b99  realloc                        
20009e3d  remove                         
20008305  scalbn                         
20008305  scalbnl                        
20008081  setvbuf                        
200062ed  sin                            
200062ed  sinl                           
2000a231  strchr                         
2000a1ed  strcmp                         
2000a271  strcpy                         
2000a285  strlen                         
20009c4f  strncpy                        
20009e3d  unlink                         
20009a09  vsnprintf                      
2000a2bd  wcslen                         
20009f5d  write                          


GLOBAL SYMBOLS: SORTED BY Symbol Address 

address   name                           
-------   ----                           
00000800  __STACK_SIZE                   
00000800  __SYSMEM_SIZE                  
20004000  g_pfnVectors                   
20004401  __TI_printfi                   
20004e4d  TimerBaseIntHandler            
20004e5f  TimerRefIntHandler             
20004f5b  delay_function                 
20004fa5  fft                            
2000519d  MasterMain                     
200054fd  main                           
20005629  __kernel_rem_pio2              
20005d2d  cos                            
20005d2d  cosl                           
200062ed  sin                            
200062ed  sinl                           
200068ad  InitTerm                       
200068cb  Message                        
200068ed  ClearTerm                      
200068f7  Error                          
2000692f  GetCmd                         
200069d5  TrimSpace                      
20006a6d  Report                         
20006f61  __aeabi_dsub                   
20006f6b  __aeabi_dadd                   
20007117  _nop                           
20007199  Timer_IF_Init                  
200071cb  Timer_IF_IntSetup              
20007217  Timer_IF_InterruptClear        
2000722f  Timer_IF_Start                 
2000724f  Timer_IF_Stop                  
2000725f  Timer_IF_DeInit                
20007279  Timer_IF_ReLoad                
20007291  Timer_IF_GetCount              
200072b1  PRCMCC3200MCUInit              
20007429  __kernel_sin                   
20007591  __kernel_cos                   
2000782d  __aeabi_ddiv                   
20007963  __aeabi_idiv0                  
20007963  __aeabi_ldiv0                  
20007a85  fputs                          
20007b99  realloc                        
20007cad  __aeabi_dmul                   
20007da9  __aeabi_fsub                   
20007dad  __aeabi_fadd                   
20007ea5  floor                          
20007ea5  floorl                         
20007f99  PinMuxConfig                   
20008081  setvbuf                        
2000815d  free                           
20008305  ldexp                          
20008305  ldexpl                         
20008305  scalbn                         
20008305  scalbnl                        
20008611  IntDisable                     
200086b9  IntEnable                      
20008761  SPIConfigSetExpClk             
20008801  __aeabi_memcpy                 
20008801  __aeabi_memcpy4                
20008801  __aeabi_memcpy8                
20008801  memcpy                         
2000889d  __aeabi_uldivmod               
20008935  PRCMPeripheralClockGet         
200089c9  __aeabi_fdiv                   
20008a5d  fputc                          
20008a5d  putc                           
20008ae9  PinConfigSet                   
20008b71  SPITransfer                    
20008bf9  __aeabi_cdcmpeq                
20008bf9  __aeabi_cdcmple                
20008c7f  __aeabi_cdrcmple               
20008d05  __aeabi_fmul                   
20008d7f  __aeabi_memclr                 
20008d7f  __aeabi_memclr4                
20008d7f  __aeabi_memclr8                
20008d81  __aeabi_memset                 
20008d81  __aeabi_memset4                
20008d81  __aeabi_memset8                
20008d87  memset                         
20008df9  malloc                         
20008e71  UARTConfigSetExpClk            
20008ee9  __TI_closefile                 
20008f5d  TimerIntRegister               
2000903b  __aeabi_d2f                    
200090a9  HOSTlseek                      
20009111  HOSTrename                     
20009179  TimerIntUnregister             
200091e1  __TI_decompress_lzss           
20009249  printf                         
200092b1  fseek                          
20009315  __TI_wrt_ok                    
20009379  HOSTopen                       
200093d9  __aeabi_cfrcmple               
20009439  close                          
20009495  frexp                          
20009495  frexpl                         
200094f1  HOSTread                       
20009549  HOSTwrite                      
200095a1  PRCMPeripheralReset            
20009651  IntPrioritySet                 
200096a5  ltoa                           
2000974b  __TI_doflush                   
20009799  atoi                           
200097e5  exit                           
2000982d  __aeabi_d2iz                   
20009875  HOSTclose                      
200098b9  HOSTunlink                     
200098fd  TimerConfigure                 
20009941  __TI_auto_init_nobinit_nopinit 
20009985  getdevice                      
200099c9  PinModeSet                     
20009a09  vsnprintf                      
20009a89  PRCMPeripheralClkEnable        
20009b01  __TI_writemsg                  
20009b2f  C$$IO$$                        
20009b39  minit                          
20009b71  __aeabi_f2d                    
20009ba9  __aeabi_f2iz                   
20009be1  __aeabi_i2f                    
20009c19  GPIODirModeSet                 
20009c4f  strncpy                        
20009c85  __TI_cleanup                   
20009cb9  __TI_readmsg                   
20009ced  __aeabi_f2uiz                  
20009d21  PinTypeGPIO                    
20009d51  UARTDisable                    
20009db1  finddevice                     
20009de1  __aeabi_i2d                    
20009e11  PRCMSysResetCauseGet           
20009e3d  remove                         
20009e3d  unlink                         
20009e69  TimerLoadSet                   
20009e93  TimerPrescaleSet               
20009ebd  PRCMPeripheralClkDisable       
20009ee5  _c_int00_noargs                
20009f0d  lseek                          
20009f5d  write                          
20009f85  IntUnregister                  
20009fa9  UARTEnable                     
20009fcd  memmove                        
20009ff1  SPIReset                       
2000a013  GPIOPinWrite                   
2000a035  IntRegister                    
2000a055  memchr                         
2000a075  TimerDisable                   
2000a093  TimerEnable                    
2000a0b1  TimerIntStatus                 
2000a0cf  UARTCharPut                    
2000a0ed  TimerValueGet                  
2000a109  UARTCharGetNonBlocking         
2000a125  memccpy                        
2000a141  PinTypeSPI                     
2000a15b  PinTypeUART                    
2000a175  SPIEnable                      
2000a18d  TimerIntDisable                
2000a1a5  TimerIntEnable                 
2000a1bd  UARTCharsAvail                 
2000a1ed  strcmp                         
2000a205  PRCMHIBRegRead                 
2000a21b  PRCMHIBRegWrite                
2000a231  strchr                         
2000a247  CPUcpsie                       
2000a25d  IntVTableBaseSet               
2000a271  strcpy                         
2000a285  strlen                         
2000a299  TimerIntClear                  
2000a2ab  __TI_zero_init_nomemset        
2000a2bd  wcslen                         
2000a2cf  __TI_decompress_none           
2000a2dd  ResetISR                       
2000a2eb  IntMasterEnable                
2000a2f5  __aeabi_errno_addr             
2000a2fd  copysign                       
2000a2fd  copysignl                      
2000a305  UtilsDelay                     
2000a313  _system_pre_init               
2000a317  C$$EXIT                        
2000a317  abort                          
2000a478  _ctypes_                       
2000a878  __TI_static_base__             
2000a8f4  __TI_Handler_Table_Base        
2000a900  __TI_Handler_Table_Limit       
2000a908  __TI_CINIT_Base                
2000a918  __TI_CINIT_Limit               
20017000  _sys_memory                    
20017800  _ftable                        
200178f0  _device                        
20017968  _stream                        
200179b8  __TI_ft_end                    
200179bc  __aeabi_stdin                  
200179c0  __aeabi_stdout                 
200179c4  __aeabi_stderr                 
200179c8  __TI_cleanup_ptr               
200179cc  __TI_dtors_ptr                 
200179d0  __TI_enable_exit_profile_output
200179e0  _lock                          
200179e4  _unlock                        
200179e8  delay_up                       
200179ec  n                              
200179f0  errno                          
200179f4  __CIOBUF_                      
20017b14  __TI_tmpnams                   
20017bc0  parmbuf                        
2002f800  __stack                        
20030000  __STACK_END                    
ffffffff  __TI_pprof_out_hndl            
ffffffff  __TI_prof_data_size            
ffffffff  __TI_prof_data_start           
ffffffff  __binit__                      
ffffffff  __c_args__                     
ffffffff  binit                          
UNDEFED   __mpu_init                     
UNDEFED   _system_post_cinit             

[212 symbols]
