<?xml version="1.0" encoding="ISO-8859-1" ?>
<link_info>
   <banner>TI ARM Linker PC v18.1.3.LTS</banner>
   <copyright>Copyright (c) 1996-2017 Texas Instruments Incorporated</copyright>
   <link_time>0x5bd3ced6</link_time>
   <link_errors>0x0</link_errors>
   <output_file>spi_demo.out</output_file>
   <entry_point>
      <name>_c_int00_noargs</name>
      <address>0x20007e69</address>
   </entry_point>
   <input_file_list>
      <input_file id="fl-2">
         <path>.\</path>
         <kind>object</kind>
         <file>main.obj</file>
         <name>main.obj</name>
      </input_file>
      <input_file id="fl-3">
         <path>.\</path>
         <kind>object</kind>
         <file>pinmux.obj</file>
         <name>pinmux.obj</name>
      </input_file>
      <input_file id="fl-4">
         <path>.\</path>
         <kind>object</kind>
         <file>startup_ccs.obj</file>
         <name>startup_ccs.obj</name>
      </input_file>
      <input_file id="fl-5">
         <path>.\</path>
         <kind>object</kind>
         <file>uart_if.obj</file>
         <name>uart_if.obj</name>
      </input_file>
      <input_file id="fl-a">
         <kind>object</kind>
         <file>&lt;internal&gt;</file>
         <name>&lt;internal&gt;</name>
      </input_file>
      <input_file id="fl-c0">
         <path>C:\ti\ccsv8\tools\compiler\ti-cgt-arm_18.1.3.LTS\lib\</path>
         <kind>archive</kind>
         <file>rtsv7M4_T_le_eabi.lib</file>
         <name>fd_div_t2.asm.obj</name>
      </input_file>
      <input_file id="fl-c1">
         <path>C:\ti\ccsv8\tools\compiler\ti-cgt-arm_18.1.3.LTS\lib\</path>
         <kind>archive</kind>
         <file>rtsv7M4_T_le_eabi.lib</file>
         <name>fd_mul_t2.asm.obj</name>
      </input_file>
      <input_file id="fl-c2">
         <path>C:\ti\ccsv8\tools\compiler\ti-cgt-arm_18.1.3.LTS\lib\</path>
         <kind>archive</kind>
         <file>rtsv7M4_T_le_eabi.lib</file>
         <name>fd_tos_t2.asm.obj</name>
      </input_file>
      <input_file id="fl-c3">
         <path>C:\ti\ccsv8\tools\compiler\ti-cgt-arm_18.1.3.LTS\lib\</path>
         <kind>archive</kind>
         <file>rtsv7M4_T_le_eabi.lib</file>
         <name>fs_tod_t2.asm.obj</name>
      </input_file>
      <input_file id="fl-c4">
         <path>C:\ti\ccsv8\tools\compiler\ti-cgt-arm_18.1.3.LTS\lib\</path>
         <kind>archive</kind>
         <file>rtsv7M4_T_le_eabi.lib</file>
         <name>i_tofd_t2.asm.obj</name>
      </input_file>
      <input_file id="fl-c5">
         <path>C:\ti\ccsv8\tools\compiler\ti-cgt-arm_18.1.3.LTS\lib\</path>
         <kind>archive</kind>
         <file>rtsv7M4_T_le_eabi.lib</file>
         <name>memcpy_t2.asm.obj</name>
      </input_file>
      <input_file id="fl-c6">
         <path>C:\ti\ccsv8\tools\compiler\ti-cgt-arm_18.1.3.LTS\lib\</path>
         <kind>archive</kind>
         <file>rtsv7M4_T_le_eabi.lib</file>
         <name>copy_zero_init.c.obj</name>
      </input_file>
      <input_file id="fl-c7">
         <path>C:\ti\ccsv8\tools\compiler\ti-cgt-arm_18.1.3.LTS\lib\</path>
         <kind>archive</kind>
         <file>rtsv7M4_T_le_eabi.lib</file>
         <name>copy_decompress_none.c.obj</name>
      </input_file>
      <input_file id="fl-c8">
         <path>C:\ti\ccsv8\tools\compiler\ti-cgt-arm_18.1.3.LTS\lib\</path>
         <kind>archive</kind>
         <file>rtsv7M4_T_le_eabi.lib</file>
         <name>copy_decompress_lzss.c.obj</name>
      </input_file>
      <input_file id="fl-c9">
         <path>C:\ti\ccsv8\tools\compiler\ti-cgt-arm_18.1.3.LTS\lib\</path>
         <kind>archive</kind>
         <file>rtsv7M4_T_le_eabi.lib</file>
         <name>memory.c.obj</name>
      </input_file>
      <input_file id="fl-ca">
         <path>C:\ti\ccsv8\tools\compiler\ti-cgt-arm_18.1.3.LTS\lib\</path>
         <kind>archive</kind>
         <file>rtsv7M4_T_le_eabi.lib</file>
         <name>_lock.c.obj</name>
      </input_file>
      <input_file id="fl-cb">
         <path>C:\ti\ccsv8\tools\compiler\ti-cgt-arm_18.1.3.LTS\lib\</path>
         <kind>archive</kind>
         <file>rtsv7M4_T_le_eabi.lib</file>
         <name>defs.c.obj</name>
      </input_file>
      <input_file id="fl-cc">
         <path>C:\ti\ccsv8\tools\compiler\ti-cgt-arm_18.1.3.LTS\lib\</path>
         <kind>archive</kind>
         <file>rtsv7M4_T_le_eabi.lib</file>
         <name>fflush.c.obj</name>
      </input_file>
      <input_file id="fl-cd">
         <path>C:\ti\ccsv8\tools\compiler\ti-cgt-arm_18.1.3.LTS\lib\</path>
         <kind>archive</kind>
         <file>rtsv7M4_T_le_eabi.lib</file>
         <name>memmov.c.obj</name>
      </input_file>
      <input_file id="fl-ce">
         <path>C:\ti\ccsv8\tools\compiler\ti-cgt-arm_18.1.3.LTS\lib\</path>
         <kind>archive</kind>
         <file>rtsv7M4_T_le_eabi.lib</file>
         <name>printf.c.obj</name>
      </input_file>
      <input_file id="fl-cf">
         <path>C:\ti\ccsv8\tools\compiler\ti-cgt-arm_18.1.3.LTS\lib\</path>
         <kind>archive</kind>
         <file>rtsv7M4_T_le_eabi.lib</file>
         <name>strlen.c.obj</name>
      </input_file>
      <input_file id="fl-d0">
         <path>C:\ti\ccsv8\tools\compiler\ti-cgt-arm_18.1.3.LTS\lib\</path>
         <kind>archive</kind>
         <file>rtsv7M4_T_le_eabi.lib</file>
         <name>vsnprintf.c.obj</name>
      </input_file>
      <input_file id="fl-d1">
         <path>C:\ti\ccsv8\tools\compiler\ti-cgt-arm_18.1.3.LTS\lib\</path>
         <kind>archive</kind>
         <file>rtsv7M4_T_le_eabi.lib</file>
         <name>write.c.obj</name>
      </input_file>
      <input_file id="fl-d2">
         <path>C:\ti\ccsv8\tools\compiler\ti-cgt-arm_18.1.3.LTS\lib\</path>
         <kind>archive</kind>
         <file>rtsv7M4_T_le_eabi.lib</file>
         <name>boot_cortex_m.c.obj</name>
      </input_file>
      <input_file id="fl-d3">
         <path>C:\ti\ccsv8\tools\compiler\ti-cgt-arm_18.1.3.LTS\lib\</path>
         <kind>archive</kind>
         <file>rtsv7M4_T_le_eabi.lib</file>
         <name>memset_t2.asm.obj</name>
      </input_file>
      <input_file id="fl-d4">
         <path>C:\ti\ccsv8\tools\compiler\ti-cgt-arm_18.1.3.LTS\lib\</path>
         <kind>archive</kind>
         <file>rtsv7M4_T_le_eabi.lib</file>
         <name>autoinit.c.obj</name>
      </input_file>
      <input_file id="fl-d5">
         <path>C:\ti\ccsv8\tools\compiler\ti-cgt-arm_18.1.3.LTS\lib\</path>
         <kind>archive</kind>
         <file>rtsv7M4_T_le_eabi.lib</file>
         <name>pre_init.c.obj</name>
      </input_file>
      <input_file id="fl-d6">
         <path>C:\ti\ccsv8\tools\compiler\ti-cgt-arm_18.1.3.LTS\lib\</path>
         <kind>archive</kind>
         <file>rtsv7M4_T_le_eabi.lib</file>
         <name>cpy_tbl.c.obj</name>
      </input_file>
      <input_file id="fl-d7">
         <path>C:\ti\ccsv8\tools\compiler\ti-cgt-arm_18.1.3.LTS\lib\</path>
         <kind>archive</kind>
         <file>rtsv7M4_T_le_eabi.lib</file>
         <name>exit.c.obj</name>
      </input_file>
      <input_file id="fl-d8">
         <path>C:\ti\ccsv8\tools\compiler\ti-cgt-arm_18.1.3.LTS\lib\</path>
         <kind>archive</kind>
         <file>rtsv7M4_T_le_eabi.lib</file>
         <name>_printfi.c.obj</name>
      </input_file>
      <input_file id="fl-d9">
         <path>C:\ti\ccsv8\tools\compiler\ti-cgt-arm_18.1.3.LTS\lib\</path>
         <kind>archive</kind>
         <file>rtsv7M4_T_le_eabi.lib</file>
         <name>args_main.c.obj</name>
      </input_file>
      <input_file id="fl-da">
         <path>C:\ti\ccsv8\tools\compiler\ti-cgt-arm_18.1.3.LTS\lib\</path>
         <kind>archive</kind>
         <file>rtsv7M4_T_le_eabi.lib</file>
         <name>atoi.c.obj</name>
      </input_file>
      <input_file id="fl-db">
         <path>C:\ti\ccsv8\tools\compiler\ti-cgt-arm_18.1.3.LTS\lib\</path>
         <kind>archive</kind>
         <file>rtsv7M4_T_le_eabi.lib</file>
         <name>ctype.c.obj</name>
      </input_file>
      <input_file id="fl-dc">
         <path>C:\ti\ccsv8\tools\compiler\ti-cgt-arm_18.1.3.LTS\lib\</path>
         <kind>archive</kind>
         <file>rtsv7M4_T_le_eabi.lib</file>
         <name>fputc.c.obj</name>
      </input_file>
      <input_file id="fl-dd">
         <path>C:\ti\ccsv8\tools\compiler\ti-cgt-arm_18.1.3.LTS\lib\</path>
         <kind>archive</kind>
         <file>rtsv7M4_T_le_eabi.lib</file>
         <name>fputs.c.obj</name>
      </input_file>
      <input_file id="fl-de">
         <path>C:\ti\ccsv8\tools\compiler\ti-cgt-arm_18.1.3.LTS\lib\</path>
         <kind>archive</kind>
         <file>rtsv7M4_T_le_eabi.lib</file>
         <name>ltoa.c.obj</name>
      </input_file>
      <input_file id="fl-df">
         <path>C:\ti\ccsv8\tools\compiler\ti-cgt-arm_18.1.3.LTS\lib\</path>
         <kind>archive</kind>
         <file>rtsv7M4_T_le_eabi.lib</file>
         <name>memccpy.c.obj</name>
      </input_file>
      <input_file id="fl-e0">
         <path>C:\ti\ccsv8\tools\compiler\ti-cgt-arm_18.1.3.LTS\lib\</path>
         <kind>archive</kind>
         <file>rtsv7M4_T_le_eabi.lib</file>
         <name>memchr.c.obj</name>
      </input_file>
      <input_file id="fl-e1">
         <path>C:\ti\ccsv8\tools\compiler\ti-cgt-arm_18.1.3.LTS\lib\</path>
         <kind>archive</kind>
         <file>rtsv7M4_T_le_eabi.lib</file>
         <name>strchr.c.obj</name>
      </input_file>
      <input_file id="fl-e2">
         <path>C:\ti\ccsv8\tools\compiler\ti-cgt-arm_18.1.3.LTS\lib\</path>
         <kind>archive</kind>
         <file>rtsv7M4_T_le_eabi.lib</file>
         <name>hostclose.c.obj</name>
      </input_file>
      <input_file id="fl-e3">
         <path>C:\ti\ccsv8\tools\compiler\ti-cgt-arm_18.1.3.LTS\lib\</path>
         <kind>archive</kind>
         <file>rtsv7M4_T_le_eabi.lib</file>
         <name>hostlseek.c.obj</name>
      </input_file>
      <input_file id="fl-e4">
         <path>C:\ti\ccsv8\tools\compiler\ti-cgt-arm_18.1.3.LTS\lib\</path>
         <kind>archive</kind>
         <file>rtsv7M4_T_le_eabi.lib</file>
         <name>hostopen.c.obj</name>
      </input_file>
      <input_file id="fl-e5">
         <path>C:\ti\ccsv8\tools\compiler\ti-cgt-arm_18.1.3.LTS\lib\</path>
         <kind>archive</kind>
         <file>rtsv7M4_T_le_eabi.lib</file>
         <name>hostread.c.obj</name>
      </input_file>
      <input_file id="fl-e6">
         <path>C:\ti\ccsv8\tools\compiler\ti-cgt-arm_18.1.3.LTS\lib\</path>
         <kind>archive</kind>
         <file>rtsv7M4_T_le_eabi.lib</file>
         <name>hostrename.c.obj</name>
      </input_file>
      <input_file id="fl-e7">
         <path>C:\ti\ccsv8\tools\compiler\ti-cgt-arm_18.1.3.LTS\lib\</path>
         <kind>archive</kind>
         <file>rtsv7M4_T_le_eabi.lib</file>
         <name>hostunlink.c.obj</name>
      </input_file>
      <input_file id="fl-e8">
         <path>C:\ti\ccsv8\tools\compiler\ti-cgt-arm_18.1.3.LTS\lib\</path>
         <kind>archive</kind>
         <file>rtsv7M4_T_le_eabi.lib</file>
         <name>hostwrite.c.obj</name>
      </input_file>
      <input_file id="fl-e9">
         <path>C:\ti\ccsv8\tools\compiler\ti-cgt-arm_18.1.3.LTS\lib\</path>
         <kind>archive</kind>
         <file>rtsv7M4_T_le_eabi.lib</file>
         <name>trgmsg.c.obj</name>
      </input_file>
      <input_file id="fl-ea">
         <path>C:\ti\ccsv8\tools\compiler\ti-cgt-arm_18.1.3.LTS\lib\</path>
         <kind>archive</kind>
         <file>rtsv7M4_T_le_eabi.lib</file>
         <name>errno.c.obj</name>
      </input_file>
      <input_file id="fl-eb">
         <path>C:\ti\ccsv8\tools\compiler\ti-cgt-arm_18.1.3.LTS\lib\</path>
         <kind>archive</kind>
         <file>rtsv7M4_T_le_eabi.lib</file>
         <name>s_frexp.c.obj</name>
      </input_file>
      <input_file id="fl-ec">
         <path>C:\ti\ccsv8\tools\compiler\ti-cgt-arm_18.1.3.LTS\lib\</path>
         <kind>archive</kind>
         <file>rtsv7M4_T_le_eabi.lib</file>
         <name>s_scalbn.c.obj</name>
      </input_file>
      <input_file id="fl-ed">
         <path>C:\ti\ccsv8\tools\compiler\ti-cgt-arm_18.1.3.LTS\lib\</path>
         <kind>archive</kind>
         <file>rtsv7M4_T_le_eabi.lib</file>
         <name>wcslen.c.obj</name>
      </input_file>
      <input_file id="fl-ee">
         <path>C:\ti\ccsv8\tools\compiler\ti-cgt-arm_18.1.3.LTS\lib\</path>
         <kind>archive</kind>
         <file>rtsv7M4_T_le_eabi.lib</file>
         <name>s_copysign.c.obj</name>
      </input_file>
      <input_file id="fl-ef">
         <path>C:\ti\ccsv8\tools\compiler\ti-cgt-arm_18.1.3.LTS\lib\</path>
         <kind>archive</kind>
         <file>rtsv7M4_T_le_eabi.lib</file>
         <name>ull_div_t2.asm.obj</name>
      </input_file>
      <input_file id="fl-f0">
         <path>C:\ti\ccsv8\tools\compiler\ti-cgt-arm_18.1.3.LTS\lib\</path>
         <kind>archive</kind>
         <file>rtsv7M4_T_le_eabi.lib</file>
         <name>fd_add_t2.asm.obj</name>
      </input_file>
      <input_file id="fl-f1">
         <path>C:\ti\ccsv8\tools\compiler\ti-cgt-arm_18.1.3.LTS\lib\</path>
         <kind>archive</kind>
         <file>rtsv7M4_T_le_eabi.lib</file>
         <name>fd_cmp_t2.asm.obj</name>
      </input_file>
      <input_file id="fl-f2">
         <path>C:\ti\ccsv8\tools\compiler\ti-cgt-arm_18.1.3.LTS\lib\</path>
         <kind>archive</kind>
         <file>rtsv7M4_T_le_eabi.lib</file>
         <name>fd_toi_t2.asm.obj</name>
      </input_file>
      <input_file id="fl-f3">
         <path>C:\ti\ccsv8\tools\compiler\ti-cgt-arm_18.1.3.LTS\lib\</path>
         <kind>archive</kind>
         <file>rtsv7M4_T_le_eabi.lib</file>
         <name>_io_perm.c.obj</name>
      </input_file>
      <input_file id="fl-f4">
         <path>C:\ti\ccsv8\tools\compiler\ti-cgt-arm_18.1.3.LTS\lib\</path>
         <kind>archive</kind>
         <file>rtsv7M4_T_le_eabi.lib</file>
         <name>fseek.c.obj</name>
      </input_file>
      <input_file id="fl-f5">
         <path>C:\ti\ccsv8\tools\compiler\ti-cgt-arm_18.1.3.LTS\lib\</path>
         <kind>archive</kind>
         <file>rtsv7M4_T_le_eabi.lib</file>
         <name>lseek.c.obj</name>
      </input_file>
      <input_file id="fl-f6">
         <path>C:\ti\ccsv8\tools\compiler\ti-cgt-arm_18.1.3.LTS\lib\</path>
         <kind>archive</kind>
         <file>rtsv7M4_T_le_eabi.lib</file>
         <name>setvbuf.c.obj</name>
      </input_file>
      <input_file id="fl-f7">
         <path>C:\ti\ccsv8\tools\compiler\ti-cgt-arm_18.1.3.LTS\lib\</path>
         <kind>archive</kind>
         <file>rtsv7M4_T_le_eabi.lib</file>
         <name>strcpy.c.obj</name>
      </input_file>
      <input_file id="fl-f8">
         <path>C:\ti\ccsv8\tools\compiler\ti-cgt-arm_18.1.3.LTS\lib\</path>
         <kind>archive</kind>
         <file>rtsv7M4_T_le_eabi.lib</file>
         <name>div0.asm.obj</name>
      </input_file>
      <input_file id="fl-f9">
         <path>C:\ti\ccsv8\tools\compiler\ti-cgt-arm_18.1.3.LTS\lib\</path>
         <kind>archive</kind>
         <file>rtsv7M4_T_le_eabi.lib</file>
         <name>fopen.c.obj</name>
      </input_file>
      <input_file id="fl-fa">
         <path>C:\ti\ccsv8\tools\compiler\ti-cgt-arm_18.1.3.LTS\lib\</path>
         <kind>archive</kind>
         <file>rtsv7M4_T_le_eabi.lib</file>
         <name>open.c.obj</name>
      </input_file>
      <input_file id="fl-fb">
         <path>C:\ti\ccsv8\tools\compiler\ti-cgt-arm_18.1.3.LTS\lib\</path>
         <kind>archive</kind>
         <file>rtsv7M4_T_le_eabi.lib</file>
         <name>fclose.c.obj</name>
      </input_file>
      <input_file id="fl-fc">
         <path>C:\ti\ccsv8\tools\compiler\ti-cgt-arm_18.1.3.LTS\lib\</path>
         <kind>archive</kind>
         <file>rtsv7M4_T_le_eabi.lib</file>
         <name>getdevice.c.obj</name>
      </input_file>
      <input_file id="fl-fd">
         <path>C:\ti\ccsv8\tools\compiler\ti-cgt-arm_18.1.3.LTS\lib\</path>
         <kind>archive</kind>
         <file>rtsv7M4_T_le_eabi.lib</file>
         <name>remove.c.obj</name>
      </input_file>
      <input_file id="fl-fe">
         <path>C:\ti\ccsv8\tools\compiler\ti-cgt-arm_18.1.3.LTS\lib\</path>
         <kind>archive</kind>
         <file>rtsv7M4_T_le_eabi.lib</file>
         <name>strcmp.c.obj</name>
      </input_file>
      <input_file id="fl-ff">
         <path>C:\ti\ccsv8\tools\compiler\ti-cgt-arm_18.1.3.LTS\lib\</path>
         <kind>archive</kind>
         <file>rtsv7M4_T_le_eabi.lib</file>
         <name>strncpy.c.obj</name>
      </input_file>
      <input_file id="fl-100">
         <path>C:\ti\ccsv8\tools\compiler\ti-cgt-arm_18.1.3.LTS\lib\</path>
         <kind>archive</kind>
         <file>rtsv7M4_T_le_eabi.lib</file>
         <name>unlink.c.obj</name>
      </input_file>
      <input_file id="fl-101">
         <path>C:\ti\ccsv8\tools\compiler\ti-cgt-arm_18.1.3.LTS\lib\</path>
         <kind>archive</kind>
         <file>rtsv7M4_T_le_eabi.lib</file>
         <name>close.c.obj</name>
      </input_file>
      <input_file id="fl-102">
         <path>C:\ti\CC3200SDK_1.3.0\cc3200-sdk\driverlib\ccs\Release\</path>
         <kind>archive</kind>
         <file>driverlib.a</file>
         <name>interrupt.obj</name>
      </input_file>
      <input_file id="fl-103">
         <path>C:\ti\CC3200SDK_1.3.0\cc3200-sdk\driverlib\ccs\Release\</path>
         <kind>archive</kind>
         <file>driverlib.a</file>
         <name>pin.obj</name>
      </input_file>
      <input_file id="fl-104">
         <path>C:\ti\CC3200SDK_1.3.0\cc3200-sdk\driverlib\ccs\Release\</path>
         <kind>archive</kind>
         <file>driverlib.a</file>
         <name>prcm.obj</name>
      </input_file>
      <input_file id="fl-105">
         <path>C:\ti\CC3200SDK_1.3.0\cc3200-sdk\driverlib\ccs\Release\</path>
         <kind>archive</kind>
         <file>driverlib.a</file>
         <name>spi.obj</name>
      </input_file>
      <input_file id="fl-106">
         <path>C:\ti\CC3200SDK_1.3.0\cc3200-sdk\driverlib\ccs\Release\</path>
         <kind>archive</kind>
         <file>driverlib.a</file>
         <name>uart.obj</name>
      </input_file>
      <input_file id="fl-107">
         <path>C:\ti\CC3200SDK_1.3.0\cc3200-sdk\driverlib\ccs\Release\</path>
         <kind>archive</kind>
         <file>driverlib.a</file>
         <name>utils.obj</name>
      </input_file>
      <input_file id="fl-108">
         <path>C:\ti\CC3200SDK_1.3.0\cc3200-sdk\driverlib\ccs\Release\</path>
         <kind>archive</kind>
         <file>driverlib.a</file>
         <name>cpu.obj</name>
      </input_file>
      <input_file id="fl-109">
         <path>C:\ti\CC3200SDK_1.3.0\cc3200-sdk\driverlib\ccs\Release\</path>
         <kind>archive</kind>
         <file>driverlib.a</file>
         <name>flash.obj</name>
      </input_file>
   </input_file_list>
   <object_component_list>
      <object_component id="oc-f">
         <name>.intvecs</name>
         <load_address>0x20004000</load_address>
         <run_address>0x20004000</run_address>
         <size>0x400</size>
         <input_file_ref idref="fl-4"/>
      </object_component>
      <object_component id="oc-229">
         <name>.text:__TI_printfi</name>
         <load_address>0x20004400</load_address>
         <run_address>0x20004400</run_address>
         <size>0xa4a</size>
         <input_file_ref idref="fl-d8"/>
      </object_component>
      <object_component id="oc-30d">
         <name>.text:_nop</name>
         <load_address>0x20004e4a</load_address>
         <run_address>0x20004e4a</run_address>
         <size>0x2</size>
         <input_file_ref idref="fl-ca"/>
      </object_component>
      <object_component id="oc-94">
         <name>.text</name>
         <load_address>0x20004e4c</load_address>
         <run_address>0x20004e4c</run_address>
         <size>0x374</size>
         <input_file_ref idref="fl-2"/>
      </object_component>
      <object_component id="oc-da">
         <name>.text</name>
         <load_address>0x200051c0</load_address>
         <run_address>0x200051c0</run_address>
         <size>0x280</size>
         <input_file_ref idref="fl-5"/>
      </object_component>
      <object_component id="oc-343">
         <name>.text:_pconv_a</name>
         <load_address>0x20005440</load_address>
         <run_address>0x20005440</run_address>
         <size>0x268</size>
         <input_file_ref idref="fl-d8"/>
      </object_component>
      <object_component id="oc-331">
         <name>.text:_pconv_g</name>
         <load_address>0x200056a8</load_address>
         <run_address>0x200056a8</run_address>
         <size>0x1cc</size>
         <input_file_ref idref="fl-d8"/>
      </object_component>
      <object_component id="oc-3f1">
         <name>.text</name>
         <load_address>0x20005874</load_address>
         <run_address>0x20005874</run_address>
         <size>0x1b6</size>
         <input_file_ref idref="fl-f0"/>
      </object_component>
      <object_component id="oc-479">
         <name>.text</name>
         <load_address>0x20005a2a</load_address>
         <run_address>0x20005a2a</run_address>
         <size>0x2</size>
         <input_file_ref idref="fl-f8"/>
      </object_component>
      <object_component id="oc-141">
         <name>.text:PRCMCC3200MCUInit</name>
         <load_address>0x20005a2c</load_address>
         <run_address>0x20005a2c</run_address>
         <size>0x178</size>
         <input_file_ref idref="fl-104"/>
      </object_component>
      <object_component id="oc-33d">
         <name>.text:_pconv_e</name>
         <load_address>0x20005ba4</load_address>
         <run_address>0x20005ba4</run_address>
         <size>0x13c</size>
         <input_file_ref idref="fl-d8"/>
      </object_component>
      <object_component id="oc-108">
         <name>.text</name>
         <load_address>0x20005ce0</load_address>
         <run_address>0x20005ce0</run_address>
         <size>0x136</size>
         <input_file_ref idref="fl-c0"/>
      </object_component>
      <object_component id="oc-403">
         <name>.text:fcvt</name>
         <load_address>0x20005e18</load_address>
         <run_address>0x20005e18</run_address>
         <size>0x120</size>
         <input_file_ref idref="fl-d8"/>
      </object_component>
      <object_component id="oc-367">
         <name>.text:fputs</name>
         <load_address>0x20005f38</load_address>
         <run_address>0x20005f38</run_address>
         <size>0x114</size>
         <input_file_ref idref="fl-dd"/>
      </object_component>
      <object_component id="oc-1e4">
         <name>.text:realloc</name>
         <load_address>0x2000604c</load_address>
         <run_address>0x2000604c</run_address>
         <size>0x114</size>
         <input_file_ref idref="fl-c9"/>
      </object_component>
      <object_component id="oc-103">
         <name>.text</name>
         <load_address>0x20006160</load_address>
         <run_address>0x20006160</run_address>
         <size>0xfc</size>
         <input_file_ref idref="fl-c1"/>
      </object_component>
      <object_component id="oc-4b1">
         <name>.text:setvbuf</name>
         <load_address>0x2000625c</load_address>
         <run_address>0x2000625c</run_address>
         <size>0xdc</size>
         <input_file_ref idref="fl-f6"/>
      </object_component>
      <object_component id="oc-1ea">
         <name>.text:free</name>
         <load_address>0x20006338</load_address>
         <run_address>0x20006338</run_address>
         <size>0xd8</size>
         <input_file_ref idref="fl-c9"/>
      </object_component>
      <object_component id="oc-20f">
         <name>.text:SPITransfer32</name>
         <load_address>0x20006410</load_address>
         <run_address>0x20006410</run_address>
         <size>0xd0</size>
         <input_file_ref idref="fl-105"/>
      </object_component>
      <object_component id="oc-417">
         <name>.text:scalbn</name>
         <load_address>0x200064e0</load_address>
         <run_address>0x200064e0</run_address>
         <size>0xd0</size>
         <input_file_ref idref="fl-ec"/>
      </object_component>
      <object_component id="oc-209">
         <name>.text:SPITransfer16</name>
         <load_address>0x200065b0</load_address>
         <run_address>0x200065b0</run_address>
         <size>0xce</size>
         <input_file_ref idref="fl-105"/>
      </object_component>
      <object_component id="oc-203">
         <name>.text:SPITransfer8</name>
         <load_address>0x2000667e</load_address>
         <run_address>0x2000667e</run_address>
         <size>0xb8</size>
         <input_file_ref idref="fl-105"/>
      </object_component>
      <object_component id="oc-326">
         <name>.text:_ltostr</name>
         <load_address>0x20006738</load_address>
         <run_address>0x20006738</run_address>
         <size>0xb1</size>
         <input_file_ref idref="fl-d8"/>
      </object_component>
      <object_component id="oc-13b">
         <name>.text:IntEnable</name>
         <load_address>0x200067ec</load_address>
         <run_address>0x200067ec</run_address>
         <size>0xa8</size>
         <input_file_ref idref="fl-102"/>
      </object_component>
      <object_component id="oc-ec">
         <name>.text:SPIConfigSetExpClk</name>
         <load_address>0x20006894</load_address>
         <run_address>0x20006894</run_address>
         <size>0xa0</size>
         <input_file_ref idref="fl-105"/>
      </object_component>
      <object_component id="oc-3a">
         <name>.text</name>
         <load_address>0x20006934</load_address>
         <run_address>0x20006934</run_address>
         <size>0x9c</size>
         <input_file_ref idref="fl-c5"/>
      </object_component>
      <object_component id="oc-3da">
         <name>.text</name>
         <load_address>0x200069d0</load_address>
         <run_address>0x200069d0</run_address>
         <size>0x96</size>
         <input_file_ref idref="fl-ef"/>
      </object_component>
      <object_component id="oc-e6">
         <name>.text:PRCMPeripheralClockGet</name>
         <load_address>0x20006a68</load_address>
         <run_address>0x20006a68</run_address>
         <size>0x94</size>
         <input_file_ref idref="fl-104"/>
      </object_component>
      <object_component id="oc-36e">
         <name>.text:fputc</name>
         <load_address>0x20006afc</load_address>
         <run_address>0x20006afc</run_address>
         <size>0x8c</size>
         <input_file_ref idref="fl-dc"/>
      </object_component>
      <object_component id="oc-38b">
         <name>.text:PinConfigSet</name>
         <load_address>0x20006b88</load_address>
         <run_address>0x20006b88</run_address>
         <size>0x88</size>
         <input_file_ref idref="fl-103"/>
      </object_component>
      <object_component id="oc-f8">
         <name>.text:SPITransfer</name>
         <load_address>0x20006c10</load_address>
         <run_address>0x20006c10</run_address>
         <size>0x88</size>
         <input_file_ref idref="fl-105"/>
      </object_component>
      <object_component id="oc-32c">
         <name>.text:__aeabi_cdcmple</name>
         <load_address>0x20006c98</load_address>
         <run_address>0x20006c98</run_address>
         <size>0x86</size>
         <input_file_ref idref="fl-f1"/>
      </object_component>
      <object_component id="oc-3e1">
         <name>.text:__aeabi_cdrcmple</name>
         <load_address>0x20006d1e</load_address>
         <run_address>0x20006d1e</run_address>
         <size>0x86</size>
         <input_file_ref idref="fl-f1"/>
      </object_component>
      <object_component id="oc-c2">
         <name>.text:SPIIntStatus</name>
         <load_address>0x20006da4</load_address>
         <run_address>0x20006da4</run_address>
         <size>0x7c</size>
         <input_file_ref idref="fl-105"/>
      </object_component>
      <object_component id="oc-112">
         <name>.text:fflush</name>
         <load_address>0x20006e20</load_address>
         <run_address>0x20006e20</run_address>
         <size>0x7c</size>
         <input_file_ref idref="fl-cc"/>
      </object_component>
      <object_component id="oc-88">
         <name>.text</name>
         <load_address>0x20006e9c</load_address>
         <run_address>0x20006e9c</run_address>
         <size>0x7a</size>
         <input_file_ref idref="fl-d3"/>
      </object_component>
      <object_component id="oc-1de">
         <name>.text:malloc</name>
         <load_address>0x20006f18</load_address>
         <run_address>0x20006f18</run_address>
         <size>0x78</size>
         <input_file_ref idref="fl-c9"/>
      </object_component>
      <object_component id="oc-1b4">
         <name>.text:UARTConfigSetExpClk</name>
         <load_address>0x20006f90</load_address>
         <run_address>0x20006f90</run_address>
         <size>0x76</size>
         <input_file_ref idref="fl-106"/>
      </object_component>
      <object_component id="oc-540">
         <name>.text:__TI_closefile</name>
         <load_address>0x20007008</load_address>
         <run_address>0x20007008</run_address>
         <size>0x74</size>
         <input_file_ref idref="fl-fb"/>
      </object_component>
      <object_component id="oc-3fc">
         <name>.text:_mcpy</name>
         <load_address>0x2000707c</load_address>
         <run_address>0x2000707c</run_address>
         <size>0x6e</size>
         <input_file_ref idref="fl-d8"/>
      </object_component>
      <object_component id="oc-10d">
         <name>.text</name>
         <load_address>0x200070ea</load_address>
         <run_address>0x200070ea</run_address>
         <size>0x6e</size>
         <input_file_ref idref="fl-c2"/>
      </object_component>
      <object_component id="oc-4da">
         <name>.text:HOSTlseek</name>
         <load_address>0x20007158</load_address>
         <run_address>0x20007158</run_address>
         <size>0x68</size>
         <input_file_ref idref="fl-e3"/>
      </object_component>
      <object_component id="oc-4e6">
         <name>.text:HOSTrename</name>
         <load_address>0x200071c0</load_address>
         <run_address>0x200071c0</run_address>
         <size>0x68</size>
         <input_file_ref idref="fl-e6"/>
      </object_component>
      <object_component id="oc-12">
         <name>.text:decompress:lzss:__TI_decompress_lzss</name>
         <load_address>0x20007228</load_address>
         <run_address>0x20007228</run_address>
         <size>0x68</size>
         <input_file_ref idref="fl-c8"/>
      </object_component>
      <object_component id="oc-11d">
         <name>.text:printf</name>
         <load_address>0x20007290</load_address>
         <run_address>0x20007290</run_address>
         <size>0x68</size>
         <input_file_ref idref="fl-ce"/>
      </object_component>
      <object_component id="oc-4ab">
         <name>.text:fseek</name>
         <load_address>0x200072f8</load_address>
         <run_address>0x200072f8</run_address>
         <size>0x64</size>
         <input_file_ref idref="fl-f4"/>
      </object_component>
      <object_component id="oc-43e">
         <name>.text:__TI_wrt_ok</name>
         <load_address>0x2000735c</load_address>
         <run_address>0x2000735c</run_address>
         <size>0x62</size>
         <input_file_ref idref="fl-f3"/>
      </object_component>
      <object_component id="oc-4c2">
         <name>.text:HOSTopen</name>
         <load_address>0x200073c0</load_address>
         <run_address>0x200073c0</run_address>
         <size>0x60</size>
         <input_file_ref idref="fl-e4"/>
      </object_component>
      <object_component id="oc-561">
         <name>.text:close</name>
         <load_address>0x20007420</load_address>
         <run_address>0x20007420</run_address>
         <size>0x5c</size>
         <input_file_ref idref="fl-101"/>
      </object_component>
      <object_component id="oc-411">
         <name>.text:frexp</name>
         <load_address>0x2000747c</load_address>
         <run_address>0x2000747c</run_address>
         <size>0x5c</size>
         <input_file_ref idref="fl-eb"/>
      </object_component>
      <object_component id="oc-4ce">
         <name>.text:HOSTread</name>
         <load_address>0x200074d8</load_address>
         <run_address>0x200074d8</run_address>
         <size>0x58</size>
         <input_file_ref idref="fl-e5"/>
      </object_component>
      <object_component id="oc-4d4">
         <name>.text:HOSTwrite</name>
         <load_address>0x20007530</load_address>
         <run_address>0x20007530</run_address>
         <size>0x58</size>
         <input_file_ref idref="fl-e8"/>
      </object_component>
      <object_component id="oc-153">
         <name>.text:PRCMPeripheralReset</name>
         <load_address>0x20007588</load_address>
         <run_address>0x20007588</run_address>
         <size>0x58</size>
         <input_file_ref idref="fl-104"/>
      </object_component>
      <object_component id="oc-337">
         <name>.text:_pconv_f</name>
         <load_address>0x200075e0</load_address>
         <run_address>0x200075e0</run_address>
         <size>0x56</size>
         <input_file_ref idref="fl-d8"/>
      </object_component>
      <object_component id="oc-3eb">
         <name>.text:ltoa</name>
         <load_address>0x20007636</load_address>
         <run_address>0x20007636</run_address>
         <size>0x54</size>
         <input_file_ref idref="fl-de"/>
      </object_component>
      <object_component id="oc-3f6">
         <name>.text:_ecpy</name>
         <load_address>0x2000768a</load_address>
         <run_address>0x2000768a</run_address>
         <size>0x52</size>
         <input_file_ref idref="fl-d8"/>
      </object_component>
      <object_component id="oc-129">
         <name>.text:SPIIntEnable</name>
         <load_address>0x200076dc</load_address>
         <run_address>0x200076dc</run_address>
         <size>0x4c</size>
         <input_file_ref idref="fl-105"/>
      </object_component>
      <object_component id="oc-23d">
         <name>.text:SPIIntNumberGet</name>
         <load_address>0x20007728</load_address>
         <run_address>0x20007728</run_address>
         <size>0x4c</size>
         <input_file_ref idref="fl-105"/>
      </object_component>
      <object_component id="oc-21a">
         <name>.text:__TI_doflush</name>
         <load_address>0x20007774</load_address>
         <run_address>0x20007774</run_address>
         <size>0x4c</size>
         <input_file_ref idref="fl-cc"/>
      </object_component>
      <object_component id="oc-320">
         <name>.text:atoi</name>
         <load_address>0x200077c0</load_address>
         <run_address>0x200077c0</run_address>
         <size>0x4c</size>
         <input_file_ref idref="fl-da"/>
      </object_component>
      <object_component id="oc-c8">
         <name>.text:SPIIntClear</name>
         <load_address>0x2000780c</load_address>
         <run_address>0x2000780c</run_address>
         <size>0x48</size>
         <input_file_ref idref="fl-105"/>
      </object_component>
      <object_component id="oc-16c">
         <name>.text:exit</name>
         <load_address>0x20007854</load_address>
         <run_address>0x20007854</run_address>
         <size>0x48</size>
         <input_file_ref idref="fl-d7"/>
      </object_component>
      <object_component id="oc-3e6">
         <name>.text</name>
         <load_address>0x2000789c</load_address>
         <run_address>0x2000789c</run_address>
         <size>0x48</size>
         <input_file_ref idref="fl-f2"/>
      </object_component>
      <object_component id="oc-4c8">
         <name>.text:HOSTclose</name>
         <load_address>0x200078e4</load_address>
         <run_address>0x200078e4</run_address>
         <size>0x44</size>
         <input_file_ref idref="fl-e2"/>
      </object_component>
      <object_component id="oc-4e0">
         <name>.text:HOSTunlink</name>
         <load_address>0x20007928</load_address>
         <run_address>0x20007928</run_address>
         <size>0x44</size>
         <input_file_ref idref="fl-e7"/>
      </object_component>
      <object_component id="oc-1a4">
         <name>.text:SPIDmaMaskGet</name>
         <load_address>0x2000796c</load_address>
         <run_address>0x2000796c</run_address>
         <size>0x44</size>
         <input_file_ref idref="fl-105"/>
      </object_component>
      <object_component id="oc-172">
         <name>.text:__TI_auto_init_nobinit_nopinit:__TI_auto_init_nobinit_nopinit</name>
         <load_address>0x200079b0</load_address>
         <run_address>0x200079b0</run_address>
         <size>0x44</size>
         <input_file_ref idref="fl-d4"/>
      </object_component>
      <object_component id="oc-578">
         <name>.text:getdevice</name>
         <load_address>0x200079f4</load_address>
         <run_address>0x200079f4</run_address>
         <size>0x44</size>
         <input_file_ref idref="fl-fc"/>
      </object_component>
      <object_component id="oc-147">
         <name>.text</name>
         <load_address>0x20007a38</load_address>
         <run_address>0x20007a38</run_address>
         <size>0x44</size>
         <input_file_ref idref="fl-3"/>
      </object_component>
      <object_component id="oc-385">
         <name>.text:PinModeSet</name>
         <load_address>0x20007a7c</load_address>
         <run_address>0x20007a7c</run_address>
         <size>0x40</size>
         <input_file_ref idref="fl-103"/>
      </object_component>
      <object_component id="oc-1c0">
         <name>.text:vsnprintf</name>
         <load_address>0x20007abc</load_address>
         <run_address>0x20007abc</run_address>
         <size>0x40</size>
         <input_file_ref idref="fl-d0"/>
      </object_component>
      <object_component id="oc-409">
         <name>.text:_fcpy</name>
         <load_address>0x20007afc</load_address>
         <run_address>0x20007afc</run_address>
         <size>0x3e</size>
         <input_file_ref idref="fl-d8"/>
      </object_component>
      <object_component id="oc-14d">
         <name>.text:PRCMPeripheralClkEnable</name>
         <load_address>0x20007b3c</load_address>
         <run_address>0x20007b3c</run_address>
         <size>0x3c</size>
         <input_file_ref idref="fl-104"/>
      </object_component>
      <object_component id="oc-2e9">
         <name>.text:minsert</name>
         <load_address>0x20007b78</load_address>
         <run_address>0x20007b78</run_address>
         <size>0x3c</size>
         <input_file_ref idref="fl-c9"/>
      </object_component>
      <object_component id="oc-51a">
         <name>.text:__TI_writemsg</name>
         <load_address>0x20007bb4</load_address>
         <run_address>0x20007bb4</run_address>
         <size>0x38</size>
         <input_file_ref idref="fl-e9"/>
      </object_component>
      <object_component id="oc-2dd">
         <name>.text:minit</name>
         <load_address>0x20007bec</load_address>
         <run_address>0x20007bec</run_address>
         <size>0x38</size>
         <input_file_ref idref="fl-c9"/>
      </object_component>
      <object_component id="oc-118">
         <name>.text</name>
         <load_address>0x20007c24</load_address>
         <run_address>0x20007c24</run_address>
         <size>0x38</size>
         <input_file_ref idref="fl-c3"/>
      </object_component>
      <object_component id="oc-584">
         <name>.text:strncpy</name>
         <load_address>0x20007c5c</load_address>
         <run_address>0x20007c5c</run_address>
         <size>0x36</size>
         <input_file_ref idref="fl-ff"/>
      </object_component>
      <object_component id="oc-507">
         <name>.text:__TI_cleanup</name>
         <load_address>0x20007c94</load_address>
         <run_address>0x20007c94</run_address>
         <size>0x34</size>
         <input_file_ref idref="fl-f9"/>
      </object_component>
      <object_component id="oc-520">
         <name>.text:__TI_readmsg</name>
         <load_address>0x20007cc8</load_address>
         <run_address>0x20007cc8</run_address>
         <size>0x34</size>
         <input_file_ref idref="fl-e9"/>
      </object_component>
      <object_component id="oc-2b1">
         <name>.text:UARTDisable</name>
         <load_address>0x20007cfc</load_address>
         <run_address>0x20007cfc</run_address>
         <size>0x30</size>
         <input_file_ref idref="fl-106"/>
      </object_component>
      <object_component id="oc-2bf">
         <name>.text:_outs</name>
         <load_address>0x20007d2c</load_address>
         <run_address>0x20007d2c</run_address>
         <size>0x30</size>
         <input_file_ref idref="fl-d0"/>
      </object_component>
      <object_component id="oc-58a">
         <name>.text:finddevice</name>
         <load_address>0x20007d5c</load_address>
         <run_address>0x20007d5c</run_address>
         <size>0x30</size>
         <input_file_ref idref="fl-fc"/>
      </object_component>
      <object_component id="oc-fe">
         <name>.text</name>
         <load_address>0x20007d8c</load_address>
         <run_address>0x20007d8c</run_address>
         <size>0x2e</size>
         <input_file_ref idref="fl-c4"/>
      </object_component>
      <object_component id="oc-257">
         <name>.text:PRCMSysResetCauseGet</name>
         <load_address>0x20007dbc</load_address>
         <run_address>0x20007dbc</run_address>
         <size>0x2c</size>
         <input_file_ref idref="fl-104"/>
      </object_component>
      <object_component id="oc-567">
         <name>.text:unlink</name>
         <load_address>0x20007de8</load_address>
         <run_address>0x20007de8</run_address>
         <size>0x2c</size>
         <input_file_ref idref="fl-100"/>
      </object_component>
      <object_component id="oc-d4">
         <name>.text:SPIDataGetNonBlocking</name>
         <load_address>0x20007e14</load_address>
         <run_address>0x20007e14</run_address>
         <size>0x2a</size>
         <input_file_ref idref="fl-105"/>
      </object_component>
      <object_component id="oc-269">
         <name>.text:PRCMPeripheralClkDisable</name>
         <load_address>0x20007e40</load_address>
         <run_address>0x20007e40</run_address>
         <size>0x28</size>
         <input_file_ref idref="fl-104"/>
      </object_component>
      <object_component id="oc-58">
         <name>.text:_c_int00_noargs:_c_int00_noargs</name>
         <load_address>0x20007e68</load_address>
         <run_address>0x20007e68</run_address>
         <size>0x28</size>
         <input_file_ref idref="fl-d2"/>
      </object_component>
      <object_component id="oc-4ff">
         <name>.text:lseek</name>
         <load_address>0x20007e90</load_address>
         <run_address>0x20007e90</run_address>
         <size>0x28</size>
         <input_file_ref idref="fl-f5"/>
      </object_component>
      <object_component id="oc-2e3">
         <name>.text:mremove</name>
         <load_address>0x20007eb8</load_address>
         <run_address>0x20007eb8</run_address>
         <size>0x28</size>
         <input_file_ref idref="fl-c9"/>
      </object_component>
      <object_component id="oc-306">
         <name>.text:write</name>
         <load_address>0x20007ee0</load_address>
         <run_address>0x20007ee0</run_address>
         <size>0x28</size>
         <input_file_ref idref="fl-d1"/>
      </object_component>
      <object_component id="oc-2b7">
         <name>.text:UARTEnable</name>
         <load_address>0x20007f08</load_address>
         <run_address>0x20007f08</run_address>
         <size>0x24</size>
         <input_file_ref idref="fl-106"/>
      </object_component>
      <object_component id="oc-1d8">
         <name>.text:memmove</name>
         <load_address>0x20007f2c</load_address>
         <run_address>0x20007f2c</run_address>
         <size>0x24</size>
         <input_file_ref idref="fl-cd"/>
      </object_component>
      <object_component id="oc-e0">
         <name>.text:SPIReset</name>
         <load_address>0x20007f50</load_address>
         <run_address>0x20007f50</run_address>
         <size>0x22</size>
         <input_file_ref idref="fl-105"/>
      </object_component>
      <object_component id="oc-243">
         <name>.text:IntRegister</name>
         <load_address>0x20007f74</load_address>
         <run_address>0x20007f74</run_address>
         <size>0x20</size>
         <input_file_ref idref="fl-102"/>
      </object_component>
      <object_component id="oc-444">
         <name>.text:memchr</name>
         <load_address>0x20007f94</load_address>
         <run_address>0x20007f94</run_address>
         <size>0x20</size>
         <input_file_ref idref="fl-e0"/>
      </object_component>
      <object_component id="oc-ce">
         <name>.text:SPIDataPut</name>
         <load_address>0x20007fb4</load_address>
         <run_address>0x20007fb4</run_address>
         <size>0x1e</size>
         <input_file_ref idref="fl-105"/>
      </object_component>
      <object_component id="oc-123">
         <name>.text:SPIIntRegister</name>
         <load_address>0x20007fd2</load_address>
         <run_address>0x20007fd2</run_address>
         <size>0x1e</size>
         <input_file_ref idref="fl-105"/>
      </object_component>
      <object_component id="oc-1ba">
         <name>.text:UARTCharPut</name>
         <load_address>0x20007ff0</load_address>
         <run_address>0x20007ff0</run_address>
         <size>0x1e</size>
         <input_file_ref idref="fl-106"/>
      </object_component>
      <object_component id="oc-1cc">
         <name>.text:UARTCharGetNonBlocking</name>
         <load_address>0x2000800e</load_address>
         <run_address>0x2000800e</run_address>
         <size>0x1c</size>
         <input_file_ref idref="fl-106"/>
      </object_component>
      <object_component id="oc-349">
         <name>.text:memccpy</name>
         <load_address>0x2000802a</load_address>
         <run_address>0x2000802a</run_address>
         <size>0x1c</size>
         <input_file_ref idref="fl-df"/>
      </object_component>
      <object_component id="oc-276">
         <name>.text:PinTypeSPI</name>
         <load_address>0x20008046</load_address>
         <run_address>0x20008046</run_address>
         <size>0x1a</size>
         <input_file_ref idref="fl-103"/>
      </object_component>
      <object_component id="oc-270">
         <name>.text:PinTypeUART</name>
         <load_address>0x20008060</load_address>
         <run_address>0x20008060</run_address>
         <size>0x1a</size>
         <input_file_ref idref="fl-103"/>
      </object_component>
      <object_component id="oc-f2">
         <name>.text:SPIEnable</name>
         <load_address>0x2000807a</load_address>
         <run_address>0x2000807a</run_address>
         <size>0x18</size>
         <input_file_ref idref="fl-105"/>
      </object_component>
      <object_component id="oc-1c6">
         <name>.text:UARTCharsAvail</name>
         <load_address>0x20008092</load_address>
         <run_address>0x20008092</run_address>
         <size>0x18</size>
         <input_file_ref idref="fl-106"/>
      </object_component>
      <object_component id="oc-2c5">
         <name>.text:_outc</name>
         <load_address>0x200080aa</load_address>
         <run_address>0x200080aa</run_address>
         <size>0x18</size>
         <input_file_ref idref="fl-d0"/>
      </object_component>
      <object_component id="oc-59b">
         <name>.text:strcmp</name>
         <load_address>0x200080c2</load_address>
         <run_address>0x200080c2</run_address>
         <size>0x18</size>
         <input_file_ref idref="fl-fe"/>
      </object_component>
      <object_component id="oc-25d">
         <name>.text:PRCMHIBRegRead</name>
         <load_address>0x200080da</load_address>
         <run_address>0x200080da</run_address>
         <size>0x16</size>
         <input_file_ref idref="fl-104"/>
      </object_component>
      <object_component id="oc-263">
         <name>.text:PRCMHIBRegWrite</name>
         <load_address>0x200080f0</load_address>
         <run_address>0x200080f0</run_address>
         <size>0x16</size>
         <input_file_ref idref="fl-104"/>
      </object_component>
      <object_component id="oc-41d">
         <name>.text:strchr</name>
         <load_address>0x20008106</load_address>
         <run_address>0x20008106</run_address>
         <size>0x16</size>
         <input_file_ref idref="fl-e1"/>
      </object_component>
      <object_component id="oc-24c">
         <name>.text:CPUcpsie</name>
         <load_address>0x2000811c</load_address>
         <run_address>0x2000811c</run_address>
         <size>0x14</size>
         <input_file_ref idref="fl-108"/>
      </object_component>
      <object_component id="oc-12f">
         <name>.text:IntVTableBaseSet</name>
         <load_address>0x20008130</load_address>
         <run_address>0x20008130</run_address>
         <size>0x14</size>
         <input_file_ref idref="fl-102"/>
      </object_component>
      <object_component id="oc-534">
         <name>.text:strcpy</name>
         <load_address>0x20008144</load_address>
         <run_address>0x20008144</run_address>
         <size>0x14</size>
         <input_file_ref idref="fl-f7"/>
      </object_component>
      <object_component id="oc-1d2">
         <name>.text:strlen</name>
         <load_address>0x20008158</load_address>
         <run_address>0x20008158</run_address>
         <size>0x14</size>
         <input_file_ref idref="fl-cf"/>
      </object_component>
      <object_component id="oc-46">
         <name>.text:decompress:ZI:__TI_zero_init_nomemset:__TI_zero_init_nomemset</name>
         <load_address>0x2000816c</load_address>
         <run_address>0x2000816c</run_address>
         <size>0x12</size>
         <input_file_ref idref="fl-c6"/>
      </object_component>
      <object_component id="oc-34f">
         <name>.text:wcslen</name>
         <load_address>0x2000817e</load_address>
         <run_address>0x2000817e</run_address>
         <size>0x12</size>
         <input_file_ref idref="fl-ed"/>
      </object_component>
      <object_component id="oc-18">
         <name>.text:decompress:none:__TI_decompress_none</name>
         <load_address>0x20008190</load_address>
         <run_address>0x20008190</run_address>
         <size>0xe</size>
         <input_file_ref idref="fl-c7"/>
      </object_component>
      <object_component id="oc-26">
         <name>.text</name>
         <load_address>0x2000819e</load_address>
         <run_address>0x2000819e</run_address>
         <size>0xe</size>
         <input_file_ref idref="fl-4"/>
      </object_component>
      <object_component id="oc-135">
         <name>.text:IntMasterEnable</name>
         <load_address>0x200081ac</load_address>
         <run_address>0x200081ac</run_address>
         <size>0xa</size>
         <input_file_ref idref="fl-102"/>
      </object_component>
      <object_component id="oc-355">
         <name>.text:__aeabi_errno_addr</name>
         <load_address>0x200081b8</load_address>
         <run_address>0x200081b8</run_address>
         <size>0x8</size>
         <input_file_ref idref="fl-ea"/>
      </object_component>
      <object_component id="oc-48f">
         <name>.text:copysign</name>
         <load_address>0x200081c0</load_address>
         <run_address>0x200081c0</run_address>
         <size>0x8</size>
         <input_file_ref idref="fl-ee"/>
      </object_component>
      <object_component id="oc-381">
         <name>.text:UtilsDelay</name>
         <load_address>0x200081c8</load_address>
         <run_address>0x200081c8</run_address>
         <size>0x6</size>
         <input_file_ref idref="fl-107"/>
      </object_component>
      <object_component id="oc-235">
         <name>.text:_outc</name>
         <load_address>0x200081ce</load_address>
         <run_address>0x200081ce</run_address>
         <size>0x4</size>
         <input_file_ref idref="fl-ce"/>
      </object_component>
      <object_component id="oc-22f">
         <name>.text:_outs</name>
         <load_address>0x200081d2</load_address>
         <run_address>0x200081d2</run_address>
         <size>0x4</size>
         <input_file_ref idref="fl-ce"/>
      </object_component>
      <object_component id="oc-8e">
         <name>.text:_system_pre_init</name>
         <load_address>0x200081d6</load_address>
         <run_address>0x200081d6</run_address>
         <size>0x4</size>
         <input_file_ref idref="fl-d5"/>
      </object_component>
      <object_component id="oc-166">
         <name>.text:abort:abort</name>
         <load_address>0x200081da</load_address>
         <run_address>0x200081da</run_address>
         <size>0x4</size>
         <input_file_ref idref="fl-d7"/>
      </object_component>
      <object_component id="oc-3d5">
         <name>.const:.string:_ctypes_</name>
         <load_address>0x200081e0</load_address>
         <run_address>0x200081e0</run_address>
         <size>0x101</size>
         <input_file_ref idref="fl-db"/>
      </object_component>
      <object_component id="oc-452">
         <name>.const:g_ulPinToPadMap</name>
         <load_address>0x200082e4</load_address>
         <run_address>0x200082e4</run_address>
         <size>0x100</size>
         <input_file_ref idref="fl-103"/>
      </object_component>
      <object_component id="oc-27d">
         <name>.const:PRCM_PeriphRegsList</name>
         <load_address>0x200083e4</load_address>
         <run_address>0x200083e4</run_address>
         <size>0xa8</size>
         <input_file_ref idref="fl-104"/>
      </object_component>
      <object_component id="oc-253">
         <name>.const</name>
         <load_address>0x2000848c</load_address>
         <run_address>0x2000848c</run_address>
         <size>0x80</size>
         <input_file_ref idref="fl-102"/>
      </object_component>
      <object_component id="oc-377">
         <name>.const:g_ppulSPIIntMap</name>
         <load_address>0x2000850c</load_address>
         <run_address>0x2000850c</run_address>
         <size>0x24</size>
         <input_file_ref idref="fl-105"/>
      </object_component>
      <object_component id="oc-2ab">
         <name>.const</name>
         <load_address>0x20008530</load_address>
         <run_address>0x20008530</run_address>
         <size>0x18</size>
         <input_file_ref idref="fl-105"/>
      </object_component>
      <object_component id="oc-5d3">
         <name>.cinit..data.load</name>
         <load_address>0x20008548</load_address>
         <run_address>0x20008548</run_address>
         <size>0x74</size>
      </object_component>
      <object_component id="oc-5d1">
         <name>__TI_handler_table</name>
         <load_address>0x200085bc</load_address>
         <run_address>0x200085bc</run_address>
         <size>0xc</size>
      </object_component>
      <object_component id="oc-5d4">
         <name>.cinit..bss.load</name>
         <load_address>0x200085c8</load_address>
         <run_address>0x200085c8</run_address>
         <size>0x8</size>
      </object_component>
      <object_component id="oc-5d2">
         <name>__TI_cinit_table</name>
         <load_address>0x200085d0</load_address>
         <run_address>0x200085d0</run_address>
         <size>0x10</size>
      </object_component>
      <object_component id="oc-2ef">
         <name>.data:$O1$$</name>
         <load_address>0x200179d4</load_address>
         <run_address>0x200179d4</run_address>
         <size>0xc</size>
         <input_file_ref idref="fl-c9"/>
      </object_component>
      <object_component id="oc-220">
         <name>.data:$O1$$</name>
         <load_address>0x200179e0</load_address>
         <run_address>0x200179e0</run_address>
         <size>0x8</size>
         <input_file_ref idref="fl-ca"/>
      </object_component>
      <object_component id="oc-162">
         <name>.data:_ftable</name>
         <load_address>0x20017800</load_address>
         <run_address>0x20017800</run_address>
         <size>0xf0</size>
         <input_file_ref idref="fl-cb"/>
      </object_component>
      <object_component id="oc-223">
         <name>.data</name>
         <load_address>0x200179b8</load_address>
         <run_address>0x200179b8</run_address>
         <size>0x10</size>
         <input_file_ref idref="fl-cb"/>
      </object_component>
      <object_component id="oc-463">
         <name>.data:_device</name>
         <load_address>0x200178f0</load_address>
         <run_address>0x200178f0</run_address>
         <size>0x78</size>
         <input_file_ref idref="fl-d1"/>
      </object_component>
      <object_component id="oc-3cd">
         <name>.data:_stream</name>
         <load_address>0x20017968</load_address>
         <run_address>0x20017968</run_address>
         <size>0x50</size>
         <input_file_ref idref="fl-d1"/>
      </object_component>
      <object_component id="oc-28f">
         <name>.data:$O1$$</name>
         <load_address>0x200179c8</load_address>
         <run_address>0x200179c8</run_address>
         <size>0xc</size>
         <input_file_ref idref="fl-d7"/>
      </object_component>
      <object_component id="oc-42d">
         <name>.data</name>
         <load_address>0x200179e8</load_address>
         <run_address>0x200179e8</run_address>
         <size>0x4</size>
         <input_file_ref idref="fl-ea"/>
      </object_component>
      <object_component id="oc-159">
         <name>.bss:g_ucTxBuff</name>
         <uninitialized>true</uninitialized>
         <run_address>0x20017bb8</run_address>
         <size>0x4</size>
         <input_file_ref idref="fl-2"/>
      </object_component>
      <object_component id="oc-15f">
         <name>.bss:g_ucRxBuff</name>
         <uninitialized>true</uninitialized>
         <run_address>0x20017bb4</run_address>
         <size>0x4</size>
         <input_file_ref idref="fl-2"/>
      </object_component>
      <object_component id="oc-15c">
         <name>.bss</name>
         <uninitialized>true</uninitialized>
         <run_address>0x20017bc0</run_address>
         <size>0x2</size>
         <input_file_ref idref="fl-2"/>
      </object_component>
      <object_component id="oc-1f0">
         <name>.bss</name>
         <uninitialized>true</uninitialized>
         <run_address>0x20017bbc</run_address>
         <size>0x4</size>
         <input_file_ref idref="fl-5"/>
      </object_component>
      <object_component id="oc-549">
         <name>.bss:_CIOBUF_</name>
         <uninitialized>true</uninitialized>
         <run_address>0x200179ec</run_address>
         <size>0x120</size>
         <input_file_ref idref="fl-e9"/>
      </object_component>
      <object_component id="oc-56d">
         <name>.common:__TI_tmpnams</name>
         <uninitialized>true</uninitialized>
         <run_address>0x20017b0c</run_address>
         <size>0xa0</size>
      </object_component>
      <object_component id="oc-526">
         <name>.common:parmbuf</name>
         <uninitialized>true</uninitialized>
         <run_address>0x20017bac</run_address>
         <size>0x8</size>
      </object_component>
      <object_component id="oc-20">
         <name>.sysmem</name>
         <uninitialized>true</uninitialized>
         <run_address>0x20017000</run_address>
         <size>0x8</size>
         <input_file_ref idref="fl-c9"/>
      </object_component>
      <object_component id="oc-5d6">
         <name>.sysmem</name>
         <uninitialized>true</uninitialized>
         <run_address>0x20017000</run_address>
         <size>0x0</size>
      </object_component>
      <object_component id="oc-23">
         <name>.stack</name>
         <uninitialized>true</uninitialized>
         <run_address>0x2002f800</run_address>
         <size>0x4</size>
         <input_file_ref idref="fl-d2"/>
      </object_component>
      <object_component id="oc-5d5">
         <name>.stack</name>
         <uninitialized>true</uninitialized>
         <run_address>0x2002f800</run_address>
         <size>0x0</size>
      </object_component>
      <object_component id="oc-285">
         <name>.debug_info</name>
         <load_address>0x0</load_address>
         <run_address>0x0</run_address>
         <size>0x630</size>
         <input_file_ref idref="fl-2"/>
      </object_component>
      <object_component id="oc-15a">
         <name>.debug_info</name>
         <load_address>0x630</load_address>
         <run_address>0x630</run_address>
         <size>0xd1</size>
         <input_file_ref idref="fl-2"/>
      </object_component>
      <object_component id="oc-160">
         <name>.debug_info</name>
         <load_address>0x701</load_address>
         <run_address>0x701</run_address>
         <size>0xd1</size>
         <input_file_ref idref="fl-2"/>
      </object_component>
      <object_component id="oc-15d">
         <name>.debug_info</name>
         <load_address>0x7d2</load_address>
         <run_address>0x7d2</run_address>
         <size>0xf9</size>
         <input_file_ref idref="fl-2"/>
      </object_component>
      <object_component id="oc-95">
         <name>.debug_info</name>
         <load_address>0x8cb</load_address>
         <run_address>0x8cb</run_address>
         <size>0x5a7</size>
         <input_file_ref idref="fl-2"/>
      </object_component>
      <object_component id="oc-2f9">
         <name>.debug_info</name>
         <load_address>0xe72</load_address>
         <run_address>0xe72</run_address>
         <size>0x26b</size>
         <input_file_ref idref="fl-2"/>
      </object_component>
      <object_component id="oc-397">
         <name>.debug_info</name>
         <load_address>0x10dd</load_address>
         <run_address>0x10dd</run_address>
         <size>0x62</size>
         <input_file_ref idref="fl-2"/>
      </object_component>
      <object_component id="oc-35">
         <name>.debug_info</name>
         <load_address>0x113f</load_address>
         <run_address>0x113f</run_address>
         <size>0x84</size>
         <input_file_ref idref="fl-2"/>
      </object_component>
      <object_component id="oc-2fe">
         <name>.debug_info</name>
         <load_address>0x11c3</load_address>
         <run_address>0x11c3</run_address>
         <size>0x297</size>
         <input_file_ref idref="fl-2"/>
      </object_component>
      <object_component id="oc-1ab">
         <name>.debug_info</name>
         <load_address>0x145a</load_address>
         <run_address>0x145a</run_address>
         <size>0x2c</size>
         <input_file_ref idref="fl-2"/>
      </object_component>
      <object_component id="oc-b9">
         <name>.debug_info</name>
         <load_address>0x1486</load_address>
         <run_address>0x1486</run_address>
         <size>0x2c</size>
         <input_file_ref idref="fl-2"/>
      </object_component>
      <object_component id="oc-39e">
         <name>.debug_info</name>
         <load_address>0x14b2</load_address>
         <run_address>0x14b2</run_address>
         <size>0xbf</size>
         <input_file_ref idref="fl-2"/>
      </object_component>
      <object_component id="oc-1f5">
         <name>.debug_info</name>
         <load_address>0x1571</load_address>
         <run_address>0x1571</run_address>
         <size>0x2c</size>
         <input_file_ref idref="fl-2"/>
      </object_component>
      <object_component id="oc-148">
         <name>.debug_info</name>
         <load_address>0x159d</load_address>
         <run_address>0x159d</run_address>
         <size>0x1aa</size>
         <input_file_ref idref="fl-3"/>
      </object_component>
      <object_component id="oc-2e">
         <name>.debug_info</name>
         <load_address>0x1747</load_address>
         <run_address>0x1747</run_address>
         <size>0x18b</size>
         <input_file_ref idref="fl-4"/>
      </object_component>
      <object_component id="oc-10">
         <name>.debug_info</name>
         <load_address>0x18d2</load_address>
         <run_address>0x18d2</run_address>
         <size>0x10a</size>
         <input_file_ref idref="fl-4"/>
      </object_component>
      <object_component id="oc-28">
         <name>.debug_info</name>
         <load_address>0x19dc</load_address>
         <run_address>0x19dc</run_address>
         <size>0x42b</size>
         <input_file_ref idref="fl-4"/>
      </object_component>
      <object_component id="oc-1f4">
         <name>.debug_info</name>
         <load_address>0x1e07</load_address>
         <run_address>0x1e07</run_address>
         <size>0x3d0</size>
         <input_file_ref idref="fl-5"/>
      </object_component>
      <object_component id="oc-1f1">
         <name>.debug_info</name>
         <load_address>0x21d7</load_address>
         <run_address>0x21d7</run_address>
         <size>0x101</size>
         <input_file_ref idref="fl-5"/>
      </object_component>
      <object_component id="oc-db">
         <name>.debug_info</name>
         <load_address>0x22d8</load_address>
         <run_address>0x22d8</run_address>
         <size>0x8dd</size>
         <input_file_ref idref="fl-5"/>
      </object_component>
      <object_component id="oc-1fa">
         <name>.debug_info</name>
         <load_address>0x2bb5</load_address>
         <run_address>0x2bb5</run_address>
         <size>0x110</size>
         <input_file_ref idref="fl-5"/>
      </object_component>
      <object_component id="oc-10a">
         <name>.debug_info</name>
         <load_address>0x2cc5</load_address>
         <run_address>0x2cc5</run_address>
         <size>0x132</size>
         <input_file_ref idref="fl-c0"/>
      </object_component>
      <object_component id="oc-104">
         <name>.debug_info</name>
         <load_address>0x2df7</load_address>
         <run_address>0x2df7</run_address>
         <size>0x132</size>
         <input_file_ref idref="fl-c1"/>
      </object_component>
      <object_component id="oc-10e">
         <name>.debug_info</name>
         <load_address>0x2f29</load_address>
         <run_address>0x2f29</run_address>
         <size>0x136</size>
         <input_file_ref idref="fl-c2"/>
      </object_component>
      <object_component id="oc-11b">
         <name>.debug_info</name>
         <load_address>0x305f</load_address>
         <run_address>0x305f</run_address>
         <size>0x124</size>
         <input_file_ref idref="fl-c3"/>
      </object_component>
      <object_component id="oc-ff">
         <name>.debug_info</name>
         <load_address>0x3183</load_address>
         <run_address>0x3183</run_address>
         <size>0x124</size>
         <input_file_ref idref="fl-c4"/>
      </object_component>
      <object_component id="oc-3c">
         <name>.debug_info</name>
         <load_address>0x32a7</load_address>
         <run_address>0x32a7</run_address>
         <size>0x111</size>
         <input_file_ref idref="fl-c5"/>
      </object_component>
      <object_component id="oc-87">
         <name>.debug_info</name>
         <load_address>0x33b8</load_address>
         <run_address>0x33b8</run_address>
         <size>0x1e5</size>
         <input_file_ref idref="fl-c6"/>
      </object_component>
      <object_component id="oc-49">
         <name>.debug_info</name>
         <load_address>0x359d</load_address>
         <run_address>0x359d</run_address>
         <size>0x1b4</size>
         <input_file_ref idref="fl-c6"/>
      </object_component>
      <object_component id="oc-82">
         <name>.debug_info</name>
         <load_address>0x3751</load_address>
         <run_address>0x3751</run_address>
         <size>0x46</size>
         <input_file_ref idref="fl-c6"/>
      </object_component>
      <object_component id="oc-45">
         <name>.debug_info</name>
         <load_address>0x3797</load_address>
         <run_address>0x3797</run_address>
         <size>0x16f</size>
         <input_file_ref idref="fl-c7"/>
      </object_component>
      <object_component id="oc-1b">
         <name>.debug_info</name>
         <load_address>0x3906</load_address>
         <run_address>0x3906</run_address>
         <size>0x1df</size>
         <input_file_ref idref="fl-c7"/>
      </object_component>
      <object_component id="oc-40">
         <name>.debug_info</name>
         <load_address>0x3ae5</load_address>
         <run_address>0x3ae5</run_address>
         <size>0x46</size>
         <input_file_ref idref="fl-c7"/>
      </object_component>
      <object_component id="oc-7a">
         <name>.debug_info</name>
         <load_address>0x3b2b</load_address>
         <run_address>0x3b2b</run_address>
         <size>0x2c</size>
         <input_file_ref idref="fl-c7"/>
      </object_component>
      <object_component id="oc-78">
         <name>.debug_info</name>
         <load_address>0x3b57</load_address>
         <run_address>0x3b57</run_address>
         <size>0x165</size>
         <input_file_ref idref="fl-c8"/>
      </object_component>
      <object_component id="oc-13">
         <name>.debug_info</name>
         <load_address>0x3cbc</load_address>
         <run_address>0x3cbc</run_address>
         <size>0x245</size>
         <input_file_ref idref="fl-c8"/>
      </object_component>
      <object_component id="oc-30">
         <name>.debug_info</name>
         <load_address>0x3f01</load_address>
         <run_address>0x3f01</run_address>
         <size>0x60</size>
         <input_file_ref idref="fl-c8"/>
      </object_component>
      <object_component id="oc-b2">
         <name>.debug_info</name>
         <load_address>0x3f61</load_address>
         <run_address>0x3f61</run_address>
         <size>0x46</size>
         <input_file_ref idref="fl-c8"/>
      </object_component>
      <object_component id="oc-73">
         <name>.debug_info</name>
         <load_address>0x3fa7</load_address>
         <run_address>0x3fa7</run_address>
         <size>0x39</size>
         <input_file_ref idref="fl-c8"/>
      </object_component>
      <object_component id="oc-6c">
         <name>.debug_info</name>
         <load_address>0x3fe0</load_address>
         <run_address>0x3fe0</run_address>
         <size>0x28d</size>
         <input_file_ref idref="fl-c9"/>
      </object_component>
      <object_component id="oc-21">
         <name>.debug_info</name>
         <load_address>0x426d</load_address>
         <run_address>0x426d</run_address>
         <size>0x101</size>
         <input_file_ref idref="fl-c9"/>
      </object_component>
      <object_component id="oc-2f0">
         <name>.debug_info</name>
         <load_address>0x436e</load_address>
         <run_address>0x436e</run_address>
         <size>0x14c</size>
         <input_file_ref idref="fl-c9"/>
      </object_component>
      <object_component id="oc-2de">
         <name>.debug_info</name>
         <load_address>0x44ba</load_address>
         <run_address>0x44ba</run_address>
         <size>0x139</size>
         <input_file_ref idref="fl-c9"/>
      </object_component>
      <object_component id="oc-2e4">
         <name>.debug_info</name>
         <load_address>0x45f3</load_address>
         <run_address>0x45f3</run_address>
         <size>0x174</size>
         <input_file_ref idref="fl-c9"/>
      </object_component>
      <object_component id="oc-2ea">
         <name>.debug_info</name>
         <load_address>0x4767</load_address>
         <run_address>0x4767</run_address>
         <size>0x172</size>
         <input_file_ref idref="fl-c9"/>
      </object_component>
      <object_component id="oc-1df">
         <name>.debug_info</name>
         <load_address>0x48d9</load_address>
         <run_address>0x48d9</run_address>
         <size>0x1db</size>
         <input_file_ref idref="fl-c9"/>
      </object_component>
      <object_component id="oc-1eb">
         <name>.debug_info</name>
         <load_address>0x4ab4</load_address>
         <run_address>0x4ab4</run_address>
         <size>0x1e6</size>
         <input_file_ref idref="fl-c9"/>
      </object_component>
      <object_component id="oc-1e5">
         <name>.debug_info</name>
         <load_address>0x4c9a</load_address>
         <run_address>0x4c9a</run_address>
         <size>0x27e</size>
         <input_file_ref idref="fl-c9"/>
      </object_component>
      <object_component id="oc-a8">
         <name>.debug_info</name>
         <load_address>0x4f18</load_address>
         <run_address>0x4f18</run_address>
         <size>0x2c</size>
         <input_file_ref idref="fl-c9"/>
      </object_component>
      <object_component id="oc-ad">
         <name>.debug_info</name>
         <load_address>0x4f44</load_address>
         <run_address>0x4f44</run_address>
         <size>0x62</size>
         <input_file_ref idref="fl-c9"/>
      </object_component>
      <object_component id="oc-315">
         <name>.debug_info</name>
         <load_address>0x4fa6</load_address>
         <run_address>0x4fa6</run_address>
         <size>0x190</size>
         <input_file_ref idref="fl-ca"/>
      </object_component>
      <object_component id="oc-221">
         <name>.debug_info</name>
         <load_address>0x5136</load_address>
         <run_address>0x5136</run_address>
         <size>0x113</size>
         <input_file_ref idref="fl-ca"/>
      </object_component>
      <object_component id="oc-30e">
         <name>.debug_info</name>
         <load_address>0x5249</load_address>
         <run_address>0x5249</run_address>
         <size>0x123</size>
         <input_file_ref idref="fl-ca"/>
      </object_component>
      <object_component id="oc-28c">
         <name>.debug_info</name>
         <load_address>0x536c</load_address>
         <run_address>0x536c</run_address>
         <size>0x139</size>
         <input_file_ref idref="fl-cb"/>
      </object_component>
      <object_component id="oc-163">
         <name>.debug_info</name>
         <load_address>0x54a5</load_address>
         <run_address>0x54a5</run_address>
         <size>0xf7</size>
         <input_file_ref idref="fl-cb"/>
      </object_component>
      <object_component id="oc-224">
         <name>.debug_info</name>
         <load_address>0x559c</load_address>
         <run_address>0x559c</run_address>
         <size>0x184</size>
         <input_file_ref idref="fl-cb"/>
      </object_component>
      <object_component id="oc-31b">
         <name>.debug_info</name>
         <load_address>0x5720</load_address>
         <run_address>0x5720</run_address>
         <size>0xb2</size>
         <input_file_ref idref="fl-cb"/>
      </object_component>
      <object_component id="oc-227">
         <name>.debug_info</name>
         <load_address>0x57d2</load_address>
         <run_address>0x57d2</run_address>
         <size>0x20e</size>
         <input_file_ref idref="fl-cc"/>
      </object_component>
      <object_component id="oc-21c">
         <name>.debug_info</name>
         <load_address>0x59e0</load_address>
         <run_address>0x59e0</run_address>
         <size>0x17f</size>
         <input_file_ref idref="fl-cc"/>
      </object_component>
      <object_component id="oc-113">
         <name>.debug_info</name>
         <load_address>0x5b5f</load_address>
         <run_address>0x5b5f</run_address>
         <size>0x1bd</size>
         <input_file_ref idref="fl-cc"/>
      </object_component>
      <object_component id="oc-2dc">
         <name>.debug_info</name>
         <load_address>0x5d1c</load_address>
         <run_address>0x5d1c</run_address>
         <size>0x16c</size>
         <input_file_ref idref="fl-cd"/>
      </object_component>
      <object_component id="oc-1da">
         <name>.debug_info</name>
         <load_address>0x5e88</load_address>
         <run_address>0x5e88</run_address>
         <size>0x1ab</size>
         <input_file_ref idref="fl-cd"/>
      </object_component>
      <object_component id="oc-23c">
         <name>.debug_info</name>
         <load_address>0x6033</load_address>
         <run_address>0x6033</run_address>
         <size>0x2ac</size>
         <input_file_ref idref="fl-ce"/>
      </object_component>
      <object_component id="oc-236">
         <name>.debug_info</name>
         <load_address>0x62df</load_address>
         <run_address>0x62df</run_address>
         <size>0x14c</size>
         <input_file_ref idref="fl-ce"/>
      </object_component>
      <object_component id="oc-231">
         <name>.debug_info</name>
         <load_address>0x642b</load_address>
         <run_address>0x642b</run_address>
         <size>0x15b</size>
         <input_file_ref idref="fl-ce"/>
      </object_component>
      <object_component id="oc-11f">
         <name>.debug_info</name>
         <load_address>0x6586</load_address>
         <run_address>0x6586</run_address>
         <size>0x1a1</size>
         <input_file_ref idref="fl-ce"/>
      </object_component>
      <object_component id="oc-2da">
         <name>.debug_info</name>
         <load_address>0x6727</load_address>
         <run_address>0x6727</run_address>
         <size>0x156</size>
         <input_file_ref idref="fl-cf"/>
      </object_component>
      <object_component id="oc-1d5">
         <name>.debug_info</name>
         <load_address>0x687d</load_address>
         <run_address>0x687d</run_address>
         <size>0x22a</size>
         <input_file_ref idref="fl-cf"/>
      </object_component>
      <object_component id="oc-2cc">
         <name>.debug_info</name>
         <load_address>0x6aa7</load_address>
         <run_address>0x6aa7</run_address>
         <size>0x207</size>
         <input_file_ref idref="fl-d0"/>
      </object_component>
      <object_component id="oc-1c2">
         <name>.debug_info</name>
         <load_address>0x6cae</load_address>
         <run_address>0x6cae</run_address>
         <size>0x1fd</size>
         <input_file_ref idref="fl-d0"/>
      </object_component>
      <object_component id="oc-2c0">
         <name>.debug_info</name>
         <load_address>0x6eab</load_address>
         <run_address>0x6eab</run_address>
         <size>0x1bb</size>
         <input_file_ref idref="fl-d0"/>
      </object_component>
      <object_component id="oc-2c6">
         <name>.debug_info</name>
         <load_address>0x7066</load_address>
         <run_address>0x7066</run_address>
         <size>0x16e</size>
         <input_file_ref idref="fl-d0"/>
      </object_component>
      <object_component id="oc-2cd">
         <name>.debug_info</name>
         <load_address>0x71d4</load_address>
         <run_address>0x71d4</run_address>
         <size>0x2c</size>
         <input_file_ref idref="fl-d0"/>
      </object_component>
      <object_component id="oc-2d2">
         <name>.debug_info</name>
         <load_address>0x7200</load_address>
         <run_address>0x7200</run_address>
         <size>0x69</size>
         <input_file_ref idref="fl-d0"/>
      </object_component>
      <object_component id="oc-3d1">
         <name>.debug_info</name>
         <load_address>0x7269</load_address>
         <run_address>0x7269</run_address>
         <size>0x397</size>
         <input_file_ref idref="fl-d1"/>
      </object_component>
      <object_component id="oc-464">
         <name>.debug_info</name>
         <load_address>0x7600</load_address>
         <run_address>0x7600</run_address>
         <size>0xf8</size>
         <input_file_ref idref="fl-d1"/>
      </object_component>
      <object_component id="oc-3ce">
         <name>.debug_info</name>
         <load_address>0x76f8</load_address>
         <run_address>0x76f8</run_address>
         <size>0xf8</size>
         <input_file_ref idref="fl-d1"/>
      </object_component>
      <object_component id="oc-307">
         <name>.debug_info</name>
         <load_address>0x77f0</load_address>
         <run_address>0x77f0</run_address>
         <size>0x184</size>
         <input_file_ref idref="fl-d1"/>
      </object_component>
      <object_component id="oc-46a">
         <name>.debug_info</name>
         <load_address>0x7974</load_address>
         <run_address>0x7974</run_address>
         <size>0x120</size>
         <input_file_ref idref="fl-d1"/>
      </object_component>
      <object_component id="oc-46f">
         <name>.debug_info</name>
         <load_address>0x7a94</load_address>
         <run_address>0x7a94</run_address>
         <size>0x2c</size>
         <input_file_ref idref="fl-d1"/>
[...]
         <object_component_ref idref="oc-220"/>
      </symbol>
      <symbol id="sm-25f">
         <name>_unlock</name>
         <value>0x200179e4</value>
         <object_component_ref idref="oc-220"/>
      </symbol>
      <symbol id="sm-279">
         <name>__TI_tmpnams</name>
         <value>0x20017b0c</value>
      </symbol>
      <symbol id="sm-27a">
         <name>__aeabi_stdout</name>
         <value>0x200179c0</value>
         <object_component_ref idref="oc-223"/>
      </symbol>
      <symbol id="sm-27b">
         <name>__aeabi_stderr</name>
         <value>0x200179c4</value>
         <object_component_ref idref="oc-223"/>
      </symbol>
      <symbol id="sm-27c">
         <name>__aeabi_stdin</name>
         <value>0x200179bc</value>
         <object_component_ref idref="oc-223"/>
      </symbol>
      <symbol id="sm-27d">
         <name>_ftable</name>
         <value>0x20017800</value>
         <object_component_ref idref="oc-162"/>
      </symbol>
      <symbol id="sm-27e">
         <name>__TI_ft_end</name>
         <value>0x200179b8</value>
         <object_component_ref idref="oc-223"/>
      </symbol>
      <symbol id="sm-29f">
         <name>__TI_doflush</name>
         <value>0x20007775</value>
         <object_component_ref idref="oc-21a"/>
      </symbol>
      <symbol id="sm-2a0">
         <name>fflush</name>
         <value>0x20006e21</value>
         <object_component_ref idref="oc-112"/>
      </symbol>
      <symbol id="sm-2b0">
         <name>memmove</name>
         <value>0x20007f2d</value>
         <object_component_ref idref="oc-1d8"/>
      </symbol>
      <symbol id="sm-2d7">
         <name>printf</name>
         <value>0x20007291</value>
         <object_component_ref idref="oc-11d"/>
      </symbol>
      <symbol id="sm-2e5">
         <name>strlen</name>
         <value>0x20008159</value>
         <object_component_ref idref="oc-1d2"/>
      </symbol>
      <symbol id="sm-314">
         <name>vsnprintf</name>
         <value>0x20007abd</value>
         <object_component_ref idref="oc-1c0"/>
      </symbol>
      <symbol id="sm-33a">
         <name>_stream</name>
         <value>0x20017968</value>
         <object_component_ref idref="oc-3cd"/>
      </symbol>
      <symbol id="sm-33b">
         <name>_device</name>
         <value>0x200178f0</value>
         <object_component_ref idref="oc-463"/>
      </symbol>
      <symbol id="sm-33c">
         <name>write</name>
         <value>0x20007ee1</value>
         <object_component_ref idref="oc-306"/>
      </symbol>
      <symbol id="sm-34e">
         <name>__stack</name>
         <value>0x2002f800</value>
         <object_component_ref idref="oc-23"/>
      </symbol>
      <symbol id="sm-34f">
         <name>_c_int00_noargs</name>
         <value>0x20007e69</value>
         <object_component_ref idref="oc-58"/>
      </symbol>
      <symbol id="sm-35e">
         <name>__aeabi_memset</name>
         <value>0x20006e9f</value>
         <object_component_ref idref="oc-88"/>
      </symbol>
      <symbol id="sm-35f">
         <name>memset</name>
         <value>0x20006ea5</value>
         <object_component_ref idref="oc-88"/>
      </symbol>
      <symbol id="sm-360">
         <name>__aeabi_memset8</name>
         <value>0x20006e9f</value>
         <object_component_ref idref="oc-88"/>
      </symbol>
      <symbol id="sm-361">
         <name>__aeabi_memset4</name>
         <value>0x20006e9f</value>
         <object_component_ref idref="oc-88"/>
      </symbol>
      <symbol id="sm-362">
         <name>__aeabi_memclr8</name>
         <value>0x20006e9d</value>
         <object_component_ref idref="oc-88"/>
      </symbol>
      <symbol id="sm-363">
         <name>__aeabi_memclr4</name>
         <value>0x20006e9d</value>
         <object_component_ref idref="oc-88"/>
      </symbol>
      <symbol id="sm-364">
         <name>__aeabi_memclr</name>
         <value>0x20006e9d</value>
         <object_component_ref idref="oc-88"/>
      </symbol>
      <symbol id="sm-38c">
         <name>__TI_auto_init_nobinit_nopinit</name>
         <value>0x200079b1</value>
         <object_component_ref idref="oc-172"/>
      </symbol>
      <symbol id="sm-396">
         <name>_system_pre_init</name>
         <value>0x200081d7</value>
         <object_component_ref idref="oc-8e"/>
      </symbol>
      <symbol id="sm-3bd">
         <name>C$$EXIT</name>
         <value>0x200081db</value>
         <object_component_ref idref="oc-166"/>
      </symbol>
      <symbol id="sm-3be">
         <name>abort</name>
         <value>0x200081db</value>
         <object_component_ref idref="oc-166"/>
      </symbol>
      <symbol id="sm-3bf">
         <name>__TI_dtors_ptr</name>
         <value>0x200179cc</value>
         <object_component_ref idref="oc-28f"/>
      </symbol>
      <symbol id="sm-3c0">
         <name>__TI_cleanup_ptr</name>
         <value>0x200179c8</value>
         <object_component_ref idref="oc-28f"/>
      </symbol>
      <symbol id="sm-3c1">
         <name>__TI_enable_exit_profile_output</name>
         <value>0x200179d0</value>
         <object_component_ref idref="oc-28f"/>
      </symbol>
      <symbol id="sm-3c2">
         <name>exit</name>
         <value>0x20007855</value>
         <object_component_ref idref="oc-16c"/>
      </symbol>
      <symbol id="sm-527">
         <name>__TI_printfi</name>
         <value>0x20004401</value>
         <object_component_ref idref="oc-229"/>
      </symbol>
      <symbol id="sm-53e">
         <name>atoi</name>
         <value>0x200077c1</value>
         <object_component_ref idref="oc-320"/>
      </symbol>
      <symbol id="sm-549">
         <name>_ctypes_</name>
         <value>0x200081e0</value>
         <object_component_ref idref="oc-3d5"/>
      </symbol>
      <symbol id="sm-55e">
         <name>putc</name>
         <value>0x20006afd</value>
         <object_component_ref idref="oc-36e"/>
      </symbol>
      <symbol id="sm-55f">
         <name>fputc</name>
         <value>0x20006afd</value>
         <object_component_ref idref="oc-36e"/>
      </symbol>
      <symbol id="sm-57d">
         <name>fputs</name>
         <value>0x20005f39</value>
         <object_component_ref idref="oc-367"/>
      </symbol>
      <symbol id="sm-58c">
         <name>ltoa</name>
         <value>0x20007637</value>
         <object_component_ref idref="oc-3eb"/>
      </symbol>
      <symbol id="sm-59c">
         <name>memccpy</name>
         <value>0x2000802b</value>
         <object_component_ref idref="oc-349"/>
      </symbol>
      <symbol id="sm-5ac">
         <name>memchr</name>
         <value>0x20007f95</value>
         <object_component_ref idref="oc-444"/>
      </symbol>
      <symbol id="sm-5bc">
         <name>strchr</name>
         <value>0x20008107</value>
         <object_component_ref idref="oc-41d"/>
      </symbol>
      <symbol id="sm-5cd">
         <name>HOSTclose</name>
         <value>0x200078e5</value>
         <object_component_ref idref="oc-4c8"/>
      </symbol>
      <symbol id="sm-5de">
         <name>HOSTlseek</name>
         <value>0x20007159</value>
         <object_component_ref idref="oc-4da"/>
      </symbol>
      <symbol id="sm-5f0">
         <name>parmbuf</name>
         <value>0x20017bac</value>
      </symbol>
      <symbol id="sm-5f1">
         <name>HOSTopen</name>
         <value>0x200073c1</value>
         <object_component_ref idref="oc-4c2"/>
      </symbol>
      <symbol id="sm-602">
         <name>HOSTread</name>
         <value>0x200074d9</value>
         <object_component_ref idref="oc-4ce"/>
      </symbol>
      <symbol id="sm-613">
         <name>HOSTrename</name>
         <value>0x200071c1</value>
         <object_component_ref idref="oc-4e6"/>
      </symbol>
      <symbol id="sm-624">
         <name>HOSTunlink</name>
         <value>0x20007929</value>
         <object_component_ref idref="oc-4e0"/>
      </symbol>
      <symbol id="sm-635">
         <name>HOSTwrite</name>
         <value>0x20007531</value>
         <object_component_ref idref="oc-4d4"/>
      </symbol>
      <symbol id="sm-659">
         <name>__TI_readmsg</name>
         <value>0x20007cc9</value>
         <object_component_ref idref="oc-520"/>
      </symbol>
      <symbol id="sm-65a">
         <name>C$$IO$$</name>
         <value>0x20007be3</value>
         <object_component_ref idref="oc-51a"/>
      </symbol>
      <symbol id="sm-65b">
         <name>__CIOBUF_</name>
         <value>0x200179ec</value>
         <object_component_ref idref="oc-549"/>
      </symbol>
      <symbol id="sm-65c">
         <name>__TI_writemsg</name>
         <value>0x20007bb5</value>
         <object_component_ref idref="oc-51a"/>
      </symbol>
      <symbol id="sm-672">
         <name>__aeabi_errno_addr</name>
         <value>0x200081b9</value>
         <object_component_ref idref="oc-355"/>
      </symbol>
      <symbol id="sm-673">
         <name>errno</name>
         <value>0x200179e8</value>
         <object_component_ref idref="oc-42d"/>
      </symbol>
      <symbol id="sm-693">
         <name>frexpl</name>
         <value>0x2000747d</value>
         <object_component_ref idref="oc-411"/>
      </symbol>
      <symbol id="sm-694">
         <name>frexp</name>
         <value>0x2000747d</value>
         <object_component_ref idref="oc-411"/>
      </symbol>
      <symbol id="sm-6b2">
         <name>scalbn</name>
         <value>0x200064e1</value>
         <object_component_ref idref="oc-417"/>
      </symbol>
      <symbol id="sm-6b3">
         <name>scalbnl</name>
         <value>0x200064e1</value>
         <object_component_ref idref="oc-417"/>
      </symbol>
      <symbol id="sm-6b4">
         <name>ldexpl</name>
         <value>0x200064e1</value>
         <object_component_ref idref="oc-417"/>
      </symbol>
      <symbol id="sm-6b5">
         <name>ldexp</name>
         <value>0x200064e1</value>
         <object_component_ref idref="oc-417"/>
      </symbol>
      <symbol id="sm-6ce">
         <name>wcslen</name>
         <value>0x2000817f</value>
         <object_component_ref idref="oc-34f"/>
      </symbol>
      <symbol id="sm-6d8">
         <name>copysign</name>
         <value>0x200081c1</value>
         <object_component_ref idref="oc-48f"/>
      </symbol>
      <symbol id="sm-6d9">
         <name>copysignl</name>
         <value>0x200081c1</value>
         <object_component_ref idref="oc-48f"/>
      </symbol>
      <symbol id="sm-6e6">
         <name>__aeabi_uldivmod</name>
         <value>0x200069d1</value>
         <object_component_ref idref="oc-3da"/>
      </symbol>
      <symbol id="sm-6fd">
         <name>__aeabi_dsub</name>
         <value>0x20005875</value>
         <object_component_ref idref="oc-3f1"/>
      </symbol>
      <symbol id="sm-6fe">
         <name>__aeabi_dadd</name>
         <value>0x2000587f</value>
         <object_component_ref idref="oc-3f1"/>
      </symbol>
      <symbol id="sm-720">
         <name>__aeabi_cdcmpeq</name>
         <value>0x20006c99</value>
         <object_component_ref idref="oc-32c"/>
      </symbol>
      <symbol id="sm-721">
         <name>__aeabi_cdcmple</name>
         <value>0x20006c99</value>
         <object_component_ref idref="oc-32c"/>
      </symbol>
      <symbol id="sm-722">
         <name>__aeabi_cdrcmple</name>
         <value>0x20006d1f</value>
         <object_component_ref idref="oc-3e1"/>
      </symbol>
      <symbol id="sm-72c">
         <name>__aeabi_d2iz</name>
         <value>0x2000789d</value>
         <object_component_ref idref="oc-3e6"/>
      </symbol>
      <symbol id="sm-744">
         <name>__TI_wrt_ok</name>
         <value>0x2000735d</value>
         <object_component_ref idref="oc-43e"/>
      </symbol>
      <symbol id="sm-756">
         <name>fseek</name>
         <value>0x200072f9</value>
         <object_component_ref idref="oc-4ab"/>
      </symbol>
      <symbol id="sm-766">
         <name>lseek</name>
         <value>0x20007e91</value>
         <object_component_ref idref="oc-4ff"/>
      </symbol>
      <symbol id="sm-782">
         <name>setvbuf</name>
         <value>0x2000625d</value>
         <object_component_ref idref="oc-4b1"/>
      </symbol>
      <symbol id="sm-790">
         <name>strcpy</name>
         <value>0x20008145</value>
         <object_component_ref idref="oc-534"/>
      </symbol>
      <symbol id="sm-79a">
         <name>__aeabi_idiv0</name>
         <value>0x20005a2b</value>
         <object_component_ref idref="oc-479"/>
      </symbol>
      <symbol id="sm-79b">
         <name>__aeabi_ldiv0</name>
         <value>0x20005a2b</value>
         <object_component_ref idref="oc-479"/>
      </symbol>
      <symbol id="sm-7ab">
         <name>__TI_cleanup</name>
         <value>0x20007c95</value>
         <object_component_ref idref="oc-507"/>
      </symbol>
      <symbol id="sm-7c1">
         <name>__TI_closefile</name>
         <value>0x20007009</value>
         <object_component_ref idref="oc-540"/>
      </symbol>
      <symbol id="sm-7e4">
         <name>finddevice</name>
         <value>0x20007d5d</value>
         <object_component_ref idref="oc-58a"/>
      </symbol>
      <symbol id="sm-7e5">
         <name>getdevice</name>
         <value>0x200079f5</value>
         <object_component_ref idref="oc-578"/>
      </symbol>
      <symbol id="sm-7f5">
         <name>strcmp</name>
         <value>0x200080c3</value>
         <object_component_ref idref="oc-59b"/>
      </symbol>
      <symbol id="sm-805">
         <name>strncpy</name>
         <value>0x20007c5d</value>
         <object_component_ref idref="oc-584"/>
      </symbol>
      <symbol id="sm-815">
         <name>unlink</name>
         <value>0x20007de9</value>
         <object_component_ref idref="oc-567"/>
      </symbol>
      <symbol id="sm-829">
         <name>close</name>
         <value>0x20007421</value>
         <object_component_ref idref="oc-561"/>
      </symbol>
      <symbol id="sm-86a">
         <name>IntVTableBaseSet</name>
         <value>0x20008131</value>
         <object_component_ref idref="oc-12f"/>
      </symbol>
      <symbol id="sm-86b">
         <name>IntEnable</name>
         <value>0x200067ed</value>
         <object_component_ref idref="oc-13b"/>
      </symbol>
      <symbol id="sm-86c">
         <name>IntRegister</name>
         <value>0x20007f75</value>
         <object_component_ref idref="oc-243"/>
      </symbol>
      <symbol id="sm-86d">
         <name>IntMasterEnable</name>
         <value>0x200081ad</value>
         <object_component_ref idref="oc-135"/>
      </symbol>
      <symbol id="sm-8a2">
         <name>PinTypeUART</name>
         <value>0x20008061</value>
         <object_component_ref idref="oc-270"/>
      </symbol>
      <symbol id="sm-8a3">
         <name>PinConfigSet</name>
         <value>0x20006b89</value>
         <object_component_ref idref="oc-38b"/>
      </symbol>
      <symbol id="sm-8a4">
         <name>PinTypeSPI</name>
         <value>0x20008047</value>
         <object_component_ref idref="oc-276"/>
      </symbol>
      <symbol id="sm-8a5">
         <name>PinModeSet</name>
         <value>0x20007a7d</value>
         <object_component_ref idref="oc-385"/>
      </symbol>
      <symbol id="sm-92b">
         <name>PRCMPeripheralReset</name>
         <value>0x20007589</value>
         <object_component_ref idref="oc-153"/>
      </symbol>
      <symbol id="sm-92c">
         <name>PRCMPeripheralClkEnable</name>
         <value>0x20007b3d</value>
         <object_component_ref idref="oc-14d"/>
      </symbol>
      <symbol id="sm-92d">
         <name>PRCMPeripheralClockGet</name>
         <value>0x20006a69</value>
         <object_component_ref idref="oc-e6"/>
      </symbol>
      <symbol id="sm-92e">
         <name>PRCMCC3200MCUInit</name>
         <value>0x20005a2d</value>
         <object_component_ref idref="oc-141"/>
      </symbol>
      <symbol id="sm-92f">
         <name>PRCMHIBRegWrite</name>
         <value>0x200080f1</value>
         <object_component_ref idref="oc-263"/>
      </symbol>
      <symbol id="sm-930">
         <name>PRCMSysResetCauseGet</name>
         <value>0x20007dbd</value>
         <object_component_ref idref="oc-257"/>
      </symbol>
      <symbol id="sm-931">
         <name>PRCMPeripheralClkDisable</name>
         <value>0x20007e41</value>
         <object_component_ref idref="oc-269"/>
      </symbol>
      <symbol id="sm-932">
         <name>PRCMHIBRegRead</name>
         <value>0x200080db</value>
         <object_component_ref idref="oc-25d"/>
      </symbol>
      <symbol id="sm-a0a">
         <name>SPITransfer</name>
         <value>0x20006c11</value>
         <object_component_ref idref="oc-f8"/>
      </symbol>
      <symbol id="sm-a0b">
         <name>SPIDataGetNonBlocking</name>
         <value>0x20007e15</value>
         <object_component_ref idref="oc-d4"/>
      </symbol>
      <symbol id="sm-a0c">
         <name>SPIDataPut</name>
         <value>0x20007fb5</value>
         <object_component_ref idref="oc-ce"/>
      </symbol>
      <symbol id="sm-a0d">
         <name>SPIEnable</name>
         <value>0x2000807b</value>
         <object_component_ref idref="oc-f2"/>
      </symbol>
      <symbol id="sm-a0e">
         <name>SPIConfigSetExpClk</name>
         <value>0x20006895</value>
         <object_component_ref idref="oc-ec"/>
      </symbol>
      <symbol id="sm-a0f">
         <name>SPIIntRegister</name>
         <value>0x20007fd3</value>
         <object_component_ref idref="oc-123"/>
      </symbol>
      <symbol id="sm-a10">
         <name>SPIReset</name>
         <value>0x20007f51</value>
         <object_component_ref idref="oc-e0"/>
      </symbol>
      <symbol id="sm-a11">
         <name>SPIIntStatus</name>
         <value>0x20006da5</value>
         <object_component_ref idref="oc-c2"/>
      </symbol>
      <symbol id="sm-a12">
         <name>SPIIntEnable</name>
         <value>0x200076dd</value>
         <object_component_ref idref="oc-129"/>
      </symbol>
      <symbol id="sm-a13">
         <name>SPIIntClear</name>
         <value>0x2000780d</value>
         <object_component_ref idref="oc-c8"/>
      </symbol>
      <symbol id="sm-a4f">
         <name>UARTConfigSetExpClk</name>
         <value>0x20006f91</value>
         <object_component_ref idref="oc-1b4"/>
      </symbol>
      <symbol id="sm-a50">
         <name>UARTDisable</name>
         <value>0x20007cfd</value>
         <object_component_ref idref="oc-2b1"/>
      </symbol>
      <symbol id="sm-a51">
         <name>UARTCharsAvail</name>
         <value>0x20008093</value>
         <object_component_ref idref="oc-1c6"/>
      </symbol>
      <symbol id="sm-a52">
         <name>UARTCharGetNonBlocking</name>
         <value>0x2000800f</value>
         <object_component_ref idref="oc-1cc"/>
      </symbol>
      <symbol id="sm-a53">
         <name>UARTCharPut</name>
         <value>0x20007ff1</value>
         <object_component_ref idref="oc-1ba"/>
      </symbol>
      <symbol id="sm-a54">
         <name>UARTEnable</name>
         <value>0x20007f09</value>
         <object_component_ref idref="oc-2b7"/>
      </symbol>
      <symbol id="sm-a58">
         <name>UtilsDelay</name>
         <value>0x200081c9</value>
         <object_component_ref idref="oc-381"/>
      </symbol>
      <symbol id="sm-a62">
         <name>CPUcpsie</name>
         <value>0x2000811d</value>
         <object_component_ref idref="oc-24c"/>
      </symbol>
      <symbol id="sm-a64">
         <name>__TI_static_base__</name>
         <value>0x20008548</value>
      </symbol>
      <symbol id="sm-a67">
         <name>__mpu_init</name>
         <value>0x0</value>
      </symbol>
      <symbol id="sm-a68">
         <name>_system_post_cinit</name>
         <value>0x0</value>
      </symbol>
      <symbol id="sm-a69">
         <name>remove</name>
         <value>0x20007de9</value>
      </symbol>
   </symbol_table>
   <title>Link successful</title>
</link_info>
